Archive member included to satisfy reference by file (symbol)

/usr/lib/gcc/arm-none-eabi/10.3.1/../../../arm-none-eabi/lib/thumb/v7-m/nofp/libg_nano.a(lib_a-fflush.o)
                              ./output/startup_gcc.o (fflush)
/usr/lib/gcc/arm-none-eabi/10.3.1/../../../arm-none-eabi/lib/thumb/v7-m/nofp/libg_nano.a(lib_a-findfp.o)
                              /usr/lib/gcc/arm-none-eabi/10.3.1/../../../arm-none-eabi/lib/thumb/v7-m/nofp/libg_nano.a(lib_a-fflush.o) (__sinit)
/usr/lib/gcc/arm-none-eabi/10.3.1/../../../arm-none-eabi/lib/thumb/v7-m/nofp/libg_nano.a(lib_a-fwalk.o)
                              /usr/lib/gcc/arm-none-eabi/10.3.1/../../../arm-none-eabi/lib/thumb/v7-m/nofp/libg_nano.a(lib_a-findfp.o) (_fwalk)
/usr/lib/gcc/arm-none-eabi/10.3.1/../../../arm-none-eabi/lib/thumb/v7-m/nofp/libg_nano.a(lib_a-impure.o)
                              /usr/lib/gcc/arm-none-eabi/10.3.1/../../../arm-none-eabi/lib/thumb/v7-m/nofp/libg_nano.a(lib_a-fflush.o) (_global_impure_ptr)
/usr/lib/gcc/arm-none-eabi/10.3.1/../../../arm-none-eabi/lib/thumb/v7-m/nofp/libg_nano.a(lib_a-memcmp.o)
                              ./output/MessageBufferDemo.o (memcmp)
/usr/lib/gcc/arm-none-eabi/10.3.1/../../../arm-none-eabi/lib/thumb/v7-m/nofp/libg_nano.a(lib_a-memcpy.o)
                              ./output/queue.o (memcpy)
/usr/lib/gcc/arm-none-eabi/10.3.1/../../../arm-none-eabi/lib/thumb/v7-m/nofp/libg_nano.a(lib_a-memset.o)
                              ./output/tasks.o (memset)
/usr/lib/gcc/arm-none-eabi/10.3.1/../../../arm-none-eabi/lib/thumb/v7-m/nofp/libg_nano.a(lib_a-nano-freer.o)
                              /usr/lib/gcc/arm-none-eabi/10.3.1/../../../arm-none-eabi/lib/thumb/v7-m/nofp/libg_nano.a(lib_a-fflush.o) (_free_r)
/usr/lib/gcc/arm-none-eabi/10.3.1/../../../arm-none-eabi/lib/thumb/v7-m/nofp/libg_nano.a(lib_a-nano-mallocr.o)
                              /usr/lib/gcc/arm-none-eabi/10.3.1/../../../arm-none-eabi/lib/thumb/v7-m/nofp/libg_nano.a(lib_a-findfp.o) (_malloc_r)
/usr/lib/gcc/arm-none-eabi/10.3.1/../../../arm-none-eabi/lib/thumb/v7-m/nofp/libg_nano.a(lib_a-sbrkr.o)
                              /usr/lib/gcc/arm-none-eabi/10.3.1/../../../arm-none-eabi/lib/thumb/v7-m/nofp/libg_nano.a(lib_a-nano-mallocr.o) (_sbrk_r)
/usr/lib/gcc/arm-none-eabi/10.3.1/../../../arm-none-eabi/lib/thumb/v7-m/nofp/libg_nano.a(lib_a-stdio.o)
                              /usr/lib/gcc/arm-none-eabi/10.3.1/../../../arm-none-eabi/lib/thumb/v7-m/nofp/libg_nano.a(lib_a-findfp.o) (__sread)
/usr/lib/gcc/arm-none-eabi/10.3.1/../../../arm-none-eabi/lib/thumb/v7-m/nofp/libg_nano.a(lib_a-strcmp.o)
                              ./output/MessageBufferAMP.o (strcmp)
/usr/lib/gcc/arm-none-eabi/10.3.1/../../../arm-none-eabi/lib/thumb/v7-m/nofp/libg_nano.a(lib_a-strlen-stub.o)
                              ./output/tasks.o (strlen)
/usr/lib/gcc/arm-none-eabi/10.3.1/../../../arm-none-eabi/lib/thumb/v7-m/nofp/libg_nano.a(lib_a-writer.o)
                              /usr/lib/gcc/arm-none-eabi/10.3.1/../../../arm-none-eabi/lib/thumb/v7-m/nofp/libg_nano.a(lib_a-stdio.o) (_write_r)
/usr/lib/gcc/arm-none-eabi/10.3.1/../../../arm-none-eabi/lib/thumb/v7-m/nofp/libg_nano.a(lib_a-closer.o)
                              /usr/lib/gcc/arm-none-eabi/10.3.1/../../../arm-none-eabi/lib/thumb/v7-m/nofp/libg_nano.a(lib_a-stdio.o) (_close_r)
/usr/lib/gcc/arm-none-eabi/10.3.1/../../../arm-none-eabi/lib/thumb/v7-m/nofp/libg_nano.a(lib_a-lseekr.o)
                              /usr/lib/gcc/arm-none-eabi/10.3.1/../../../arm-none-eabi/lib/thumb/v7-m/nofp/libg_nano.a(lib_a-stdio.o) (_lseek_r)
/usr/lib/gcc/arm-none-eabi/10.3.1/../../../arm-none-eabi/lib/thumb/v7-m/nofp/libg_nano.a(lib_a-mlock.o)
                              /usr/lib/gcc/arm-none-eabi/10.3.1/../../../arm-none-eabi/lib/thumb/v7-m/nofp/libg_nano.a(lib_a-nano-freer.o) (__malloc_lock)
/usr/lib/gcc/arm-none-eabi/10.3.1/../../../arm-none-eabi/lib/thumb/v7-m/nofp/libg_nano.a(lib_a-readr.o)
                              /usr/lib/gcc/arm-none-eabi/10.3.1/../../../arm-none-eabi/lib/thumb/v7-m/nofp/libg_nano.a(lib_a-stdio.o) (_read_r)
/usr/lib/gcc/arm-none-eabi/10.3.1/../../../arm-none-eabi/lib/thumb/v7-m/nofp/libg_nano.a(lib_a-reent.o)
                              /usr/lib/gcc/arm-none-eabi/10.3.1/../../../arm-none-eabi/lib/thumb/v7-m/nofp/libg_nano.a(lib_a-sbrkr.o) (errno)
/usr/lib/gcc/arm-none-eabi/10.3.1/../../../arm-none-eabi/lib/thumb/v7-m/nofp/libnosys.a(close.o)
                              /usr/lib/gcc/arm-none-eabi/10.3.1/../../../arm-none-eabi/lib/thumb/v7-m/nofp/libg_nano.a(lib_a-closer.o) (_close)
/usr/lib/gcc/arm-none-eabi/10.3.1/../../../arm-none-eabi/lib/thumb/v7-m/nofp/libnosys.a(lseek.o)
                              /usr/lib/gcc/arm-none-eabi/10.3.1/../../../arm-none-eabi/lib/thumb/v7-m/nofp/libg_nano.a(lib_a-lseekr.o) (_lseek)
/usr/lib/gcc/arm-none-eabi/10.3.1/../../../arm-none-eabi/lib/thumb/v7-m/nofp/libnosys.a(read.o)
[...]
Memory Configuration

Name             Origin             Length             Attributes
FLASH            0x0000000000000000 0x0000000000400000 xr
RAM              0x0000000020000000 0x0000000000400000 rw
*default*        0x0000000000000000 0xffffffffffffffff

Linker script and memory map

LOAD ./output/tasks.o
LOAD ./output/list.o
LOAD ./output/queue.o
LOAD ./output/timers.o
LOAD ./output/event_groups.o
LOAD ./output/stream_buffer.o
LOAD ./output/heap_4.o
LOAD ./output/port.o
LOAD ./output/AbortDelay.o
LOAD ./output/BlockQ.o
LOAD ./output/blocktim.o
LOAD ./output/countsem.o
LOAD ./output/death.o
LOAD ./output/dynamic.o
LOAD ./output/EventGroupsDemo.o
LOAD ./output/GenQTest.o
LOAD ./output/integer.o
LOAD ./output/IntQueue.o
LOAD ./output/IntQueueTimer.o
LOAD ./output/IntSemTest.o
LOAD ./output/MessageBufferAMP.o
LOAD ./output/MessageBufferDemo.o
LOAD ./output/PollQ.o
LOAD ./output/QPeek.o
LOAD ./output/QueueOverwrite.o
LOAD ./output/QueueSet.o
LOAD ./output/QueueSetPolling.o
LOAD ./output/recmutex.o
LOAD ./output/semtest.o
LOAD ./output/StaticAllocation.o
LOAD ./output/StreamBufferDemo.o
LOAD ./output/StreamBufferInterrupt.o
LOAD ./output/TaskNotify.o
LOAD ./output/TaskNotifyArray.o
LOAD ./output/TimerDemo.o
LOAD ./output/main.o
LOAD ./output/main_blinky.o
LOAD ./output/main_full.o
LOAD ./output/startup_gcc.o
LOAD ./output/RegTest.o
LOAD ./output/printf-stdarg.o
START GROUP
LOAD /usr/lib/gcc/arm-none-eabi/10.3.1/thumb/v7-m/nofp/libgcc.a
LOAD /usr/lib/gcc/arm-none-eabi/10.3.1/../../../arm-none-eabi/lib/thumb/v7-m/nofp/libg_nano.a
LOAD /usr/lib/gcc/arm-none-eabi/10.3.1/../../../arm-none-eabi/lib/thumb/v7-m/nofp/libc_nano.a
END GROUP
START GROUP
LOAD /usr/lib/gcc/arm-none-eabi/10.3.1/thumb/v7-m/nofp/libgcc.a
LOAD /usr/lib/gcc/arm-none-eabi/10.3.1/../../../arm-none-eabi/lib/thumb/v7-m/nofp/libc_nano.a
LOAD /usr/lib/gcc/arm-none-eabi/10.3.1/../../../arm-none-eabi/lib/thumb/v7-m/nofp/libnosys.a
END GROUP
START GROUP
LOAD /usr/lib/gcc/arm-none-eabi/10.3.1/thumb/v7-m/nofp/libgcc.a
LOAD /usr/lib/gcc/arm-none-eabi/10.3.1/../../../arm-none-eabi/lib/thumb/v7-m/nofp/libc_nano.a
LOAD /usr/lib/gcc/arm-none-eabi/10.3.1/../../../arm-none-eabi/lib/thumb/v7-m/nofp/libnosys.a
END GROUP
                0x0000000000000008                _Min_Heap_Size = 0x8
                0x0000000000000400                _Min_Stack_Size = 0x400
                0x0000000020400000                _estack = (ORIGIN (RAM) + LENGTH (RAM))

.isr_vector     0x0000000000000000       0x78
                0x0000000000000000                __vector_table = .
 *(.isr_vector)
 .isr_vector    0x0000000000000000       0x78 ./output/startup_gcc.o
                0x0000000000000000                isr_vector
                0x0000000000000078                . = ALIGN (0x4)

.text           0x0000000000000078      0xb84
 *(.text)
 .text          0x0000000000000078      0x1dc /usr/lib/gcc/arm-none-eabi/10.3.1/../../../arm-none-eabi/lib/thumb/v7-m/nofp/libg_nano.a(lib_a-fflush.o)
                0x0000000000000078                __sflush_r
                0x0000000000000180                _fflush_r
                0x00000000000001d4                fflush
 .text          0x0000000000000254      0x230 /usr/lib/gcc/arm-none-eabi/10.3.1/../../../arm-none-eabi/lib/thumb/v7-m/nofp/libg_nano.a(lib_a-findfp.o)
                0x0000000000000258                _cleanup_r
                0x0000000000000268                __sfmoreglue
                0x0000000000000298                __sfp
                0x0000000000000430                _cleanup
                0x0000000000000444                __sinit
                0x000000000000044c                __sfp_lock_acquire
                0x0000000000000450                __sfp_lock_release
                0x0000000000000454                __sinit_lock_acquire
                0x0000000000000458                __sinit_lock_release
                0x000000000000045c                __fp_lock_all
                0x0000000000000470                __fp_unlock_all
 .text          0x0000000000000484       0x88 /usr/lib/gcc/arm-none-eabi/10.3.1/../../../arm-none-eabi/lib/thumb/v7-m/nofp/libg_nano.a(lib_a-fwalk.o)
                0x0000000000000484                _fwalk
                0x00000000000004c4                _fwalk_reent
 .text          0x000000000000050c       0xec /usr/lib/gcc/arm-none-eabi/10.3.1/../../../arm-none-eabi/lib/thumb/v7-m/nofp/libg_nano.a(lib_a-memcpy.o)
                0x000000000000050c                memcpy
 .text          0x00000000000005f8       0xa4 /usr/lib/gcc/arm-none-eabi/10.3.1/../../../arm-none-eabi/lib/thumb/v7-m/nofp/libg_nano.a(lib_a-memset.o)
                0x00000000000005f8                memset
 .text          0x000000000000069c       0xcc /usr/lib/gcc/arm-none-eabi/10.3.1/../../../arm-none-eabi/lib/thumb/v7-m/nofp/libg_nano.a(lib_a-nano-freer.o)
                0x000000000000069c                _free_r
 .text          0x0000000000000768       0xb8 /usr/lib/gcc/arm-none-eabi/10.3.1/../../../arm-none-eabi/lib/thumb/v7-m/nofp/libg_nano.a(lib_a-nano-mallocr.o)
                0x0000000000000768                _malloc_r
 .text          0x0000000000000820       0x24 /usr/lib/gcc/arm-none-eabi/10.3.1/../../../arm-none-eabi/lib/thumb/v7-m/nofp/libg_nano.a(lib_a-sbrkr.o)
                0x0000000000000820                _sbrk_r
 .text          0x0000000000000844       0x90 /usr/lib/gcc/arm-none-eabi/10.3.1/../../../arm-none-eabi/lib/thumb/v7-m/nofp/libg_nano.a(lib_a-stdio.o)
                0x0000000000000844                __sread
                0x0000000000000868                __seofread
                0x000000000000086c                __swrite
                0x00000000000008ac                __sseek
                0x00000000000008cc                __sclose
 .text          0x00000000000008d4       0x2c /usr/lib/gcc/arm-none-eabi/10.3.1/../../../arm-none-eabi/lib/thumb/v7-m/nofp/libg_nano.a(lib_a-writer.o)
                0x00000000000008d4                _write_r
 .text          0x0000000000000900       0x24 /usr/lib/gcc/arm-none-eabi/10.3.1/../../../arm-none-eabi/lib/thumb/v7-m/nofp/libg_nano.a(lib_a-closer.o)
                0x0000000000000900                _close_r
 .text          0x0000000000000924       0x2c /usr/lib/gcc/arm-none-eabi/10.3.1/../../../arm-none-eabi/lib/thumb/v7-m/nofp/libg_nano.a(lib_a-lseekr.o)
                0x0000000000000924                _lseek_r
 .text          0x0000000000000950        0x8 /usr/lib/gcc/arm-none-eabi/10.3.1/../../../arm-none-eabi/lib/thumb/v7-m/nofp/libg_nano.a(lib_a-mlock.o)
                0x0000000000000950                __malloc_lock
                0x0000000000000954                __malloc_unlock
 .text          0x0000000000000958       0x2c /usr/lib/gcc/arm-none-eabi/10.3.1/../../../arm-none-eabi/lib/thumb/v7-m/nofp/libg_nano.a(lib_a-readr.o)
                0x0000000000000958                _read_r
 .text          0x0000000000000984       0x10 /usr/lib/gcc/arm-none-eabi/10.3.1/../../../arm-none-eabi/lib/thumb/v7-m/nofp/libnosys.a(close.o)
                0x0000000000000984                _close
 .text          0x0000000000000994       0x10 /usr/lib/gcc/arm-none-eabi/10.3.1/../../../arm-none-eabi/lib/thumb/v7-m/nofp/libnosys.a(lseek.o)
                0x0000000000000994                _lseek
 .text          0x00000000000009a4       0x10 /usr/lib/gcc/arm-none-eabi/10.3.1/../../../arm-none-eabi/lib/thumb/v7-m/nofp/libnosys.a(read.o)
                0x00000000000009a4                _read
 .text          0x00000000000009b4       0x1c /usr/lib/gcc/arm-none-eabi/10.3.1/../../../arm-none-eabi/lib/thumb/v7-m/nofp/libnosys.a(sbrk.o)
                0x00000000000009b4                _sbrk
 .text          0x00000000000009d0       0x10 /usr/lib/gcc/arm-none-eabi/10.3.1/../../../arm-none-eabi/lib/thumb/v7-m/nofp/libnosys.a(write.o)
                0x00000000000009d0                _write
 *(.rodata*)
 .rodata.prvTaskIsTaskSuspended.str1.1
                0x00000000000009e0       0x1d ./output/tasks.o
 .rodata.vTaskStartScheduler.str1.1
                0x00000000000009fd        0x5 ./output/tasks.o
 .rodata.prvNotifyQueueSetContainer.str1.1
                0x0000000000000a02       0x1d ./output/queue.o
 .rodata.prvCheckForValidListAndQueue.str1.1
                0x0000000000000a1f        0x5 ./output/timers.o
 .rodata.prvTimerTask.str1.1
                0x0000000000000a24       0x1e ./output/timers.o
 .rodata.xTimerCreateTimerTask.str1.1
                0x0000000000000a42        0x8 ./output/timers.o
 .rodata.pvPortMalloc.str1.1
                0x0000000000000a4a       0x2f ./output/heap_4.o
 .rodata.prvTaskExitError.str1.1
                0x0000000000000a79       0x31 ./output/port.o
 .rodata.vApplicationMallocFailedHook.str1.1
                0x0000000000000aaa       0x14 ./output/main.o
 .rodata.vApplicationStackOverflowHook.str1.1
                0x0000000000000abe       0x1b ./output/main.o
 .rodata.vAssertCalled.str1.1
                0x0000000000000ad9       0x1b ./output/main.o
 .rodata.T4.str1.1
                0x0000000000000af4        0xe ./output/main_blinky.o
 .rodata.T3.str1.1
                0x0000000000000b02        0xe ./output/main_blinky.o
 .rodata.T2.str1.1
                0x0000000000000b10        0xe ./output/main_blinky.o
 .rodata.T1.str1.1
                0x0000000000000b1e        0xe ./output/main_blinky.o
 .rodata.main_blinky.str1.1
                0x0000000000000b2c       0x2c ./output/main_blinky.o
 .rodata.prvGetRegistersFromStack.str1.1
                0x0000000000000b58       0x36 ./output/startup_gcc.o
 .rodata.tiny_print.str1.1
                0x0000000000000b8e        0x7 ./output/printf-stdarg.o
 *fill*         0x0000000000000b95        0x3 
 .rodata        0x0000000000000b98       0x60 /usr/lib/gcc/arm-none-eabi/10.3.1/../../../arm-none-eabi/lib/thumb/v7-m/nofp/libg_nano.a(lib_a-findfp.o)
                0x0000000000000b98                __sf_fake_stderr
                0x0000000000000bb8                __sf_fake_stdout
                0x0000000000000bd8                __sf_fake_stdin
 .rodata        0x0000000000000bf8        0x4 /usr/lib/gcc/arm-none-eabi/10.3.1/../../../arm-none-eabi/lib/thumb/v7-m/nofp/libg_nano.a(lib_a-impure.o)
                0x0000000000000bf8                _global_impure_ptr
 *(.constdata*)
                0x0000000000000bfc                _etext = .
                0x0000000000000bfc                _sidata = .

.glue_7         0x0000000000000bfc        0x0
 .glue_7        0x0000000000000bfc        0x0 linker stubs

.glue_7t        0x0000000000000bfc        0x0
 .glue_7t       0x0000000000000bfc        0x0 linker stubs

.vfp11_veneer   0x0000000000000bfc        0x0
 .vfp11_veneer  0x0000000000000bfc        0x0 linker stubs

.v4_bx          0x0000000000000bfc        0x0
 .v4_bx         0x0000000000000bfc        0x0 linker stubs

.text.prvAddNewTaskToReadyList
                0x0000000000000bfc       0xe8
 .text.prvAddNewTaskToReadyList
                0x0000000000000bfc       0xe8 ./output/tasks.o

.text.prvAddCurrentTaskToDelayedList
                0x0000000000000ce4       0xac
 .text.prvAddCurrentTaskToDelayedList
                0x0000000000000ce4       0xac ./output/tasks.o

.text.prvResetNextTaskUnblockTime
                0x0000000000000d90       0x24
 .text.prvResetNextTaskUnblockTime
                0x0000000000000d90       0x24 ./output/tasks.o

.text.prvDeleteTCB
                0x0000000000000db4       0x38
 .text.prvDeleteTCB
                0x0000000000000db4       0x38 ./output/tasks.o

.text.prvCheckTasksWaitingTermination
                0x0000000000000dec       0x40
 .text.prvCheckTasksWaitingTermination
                0x0000000000000dec       0x40 ./output/tasks.o

.text.prvIdleTask
                0x0000000000000e2c       0x1c
 .text.prvIdleTask
                0x0000000000000e2c       0x1c ./output/tasks.o

.text.prvInitialiseNewTask.constprop.0
                0x0000000000000e48       0x9c
 .text.prvInitialiseNewTask.constprop.0
                0x0000000000000e48       0x9c ./output/tasks.o

.text.xTaskCreateStatic
                0x0000000000000ee4       0x8c
 .text.xTaskCreateStatic
                0x0000000000000ee4       0x8c ./output/tasks.o
                0x0000000000000ee4                xTaskCreateStatic

.text.xTaskCreate
                0x0000000000000f70       0x62
 .text.xTaskCreate
                0x0000000000000f70       0x62 ./output/tasks.o
                0x0000000000000f70                xTaskCreate

.text.vTaskStartScheduler
                0x0000000000000fd4       0xa4
 .text.vTaskStartScheduler
                0x0000000000000fd4       0xa4 ./output/tasks.o
                0x0000000000000fd4                vTaskStartScheduler

.text.vTaskSuspendAll
                0x0000000000001078       0x10
 .text.vTaskSuspendAll
                0x0000000000001078       0x10 ./output/tasks.o
                0x0000000000001078                vTaskSuspendAll

.text.xTaskGetTickCount
                0x0000000000001088        0xc
 .text.xTaskGetTickCount
                0x0000000000001088        0xc ./output/tasks.o
                0x0000000000001088                xTaskGetTickCount

.text.uxTaskGetNumberOfTasks
                0x0000000000001094        0xc
 .text.uxTaskGetNumberOfTasks
                0x0000000000001094        0xc ./output/tasks.o
                0x0000000000001094                uxTaskGetNumberOfTasks

.text.xTaskIncrementTick
                0x00000000000010a0      0x15c
 .text.xTaskIncrementTick
                0x00000000000010a0      0x15c ./output/tasks.o
                0x00000000000010a0                xTaskIncrementTick

.text.xTaskResumeAll
                0x00000000000011fc      0x140
 .text.xTaskResumeAll
                0x00000000000011fc      0x140 ./output/tasks.o
                0x00000000000011fc                xTaskResumeAll

.text.vTaskDelay
                0x000000000000133c       0x4c
 .text.vTaskDelay
                0x000000000000133c       0x4c ./output/tasks.o
                0x000000000000133c                vTaskDelay

.text.vTaskSwitchContext
                0x0000000000001388       0x8c
 .text.vTaskSwitchContext
                0x0000000000001388       0x8c ./output/tasks.o
                0x0000000000001388                vTaskSwitchContext

.text.vTaskPlaceOnEventList
                0x0000000000001414       0x34
 .text.vTaskPlaceOnEventList
                0x0000000000001414       0x34 ./output/tasks.o
                0x0000000000001414                vTaskPlaceOnEventList

.text.vTaskPlaceOnEventListRestricted
                0x0000000000001448       0x60
 .text.vTaskPlaceOnEventListRestricted
                0x0000000000001448       0x60 ./output/tasks.o
                0x0000000000001448                vTaskPlaceOnEventListRestricted

.text.xTaskRemoveFromEventList
                0x00000000000014a8       0xcc
 .text.xTaskRemoveFromEventList
                0x00000000000014a8       0xcc ./output/tasks.o
                0x00000000000014a8                xTaskRemoveFromEventList

.text.vTaskInternalSetTimeOutState
                0x0000000000001574       0x18
 .text.vTaskInternalSetTimeOutState
                0x0000000000001574       0x18 ./output/tasks.o
                0x0000000000001574                vTaskInternalSetTimeOutState

.text.xTaskCheckForTimeOut
                0x000000000000158c       0x6c
 .text.xTaskCheckForTimeOut
                0x000000000000158c       0x6c ./output/tasks.o
                0x000000000000158c                xTaskCheckForTimeOut

.text.vTaskMissedYield
                0x00000000000015f8        0xc
 .text.vTaskMissedYield
                0x00000000000015f8        0xc ./output/tasks.o
                0x00000000000015f8                vTaskMissedYield

.text.xTaskGetSchedulerState
                0x0000000000001604       0x20
 .text.xTaskGetSchedulerState
                0x0000000000001604       0x20 ./output/tasks.o
                0x0000000000001604                xTaskGetSchedulerState

.text.xTaskPriorityDisinherit
                0x0000000000001624       0x9c
 .text.xTaskPriorityDisinherit
                0x0000000000001624       0x9c ./output/tasks.o
                0x0000000000001624                xTaskPriorityDisinherit

.iplt           0x00000000000016c0        0x0
 .iplt          0x00000000000016c0        0x0 ./output/tasks.o

.text.vListInitialise
                0x00000000000016c0       0x16
 .text.vListInitialise
                0x00000000000016c0       0x16 ./output/list.o
                0x00000000000016c0                vListInitialise

.text.vListInitialiseItem
                0x00000000000016d6        0x6
 .text.vListInitialiseItem
                0x00000000000016d6        0x6 ./output/list.o
                0x00000000000016d6                vListInitialiseItem

.text.vListInsert
                0x00000000000016dc       0x2e
 .text.vListInsert
                0x00000000000016dc       0x2e ./output/list.o
                0x00000000000016dc                vListInsert

.text.uxListRemove
                0x000000000000170a       0x1e
 .text.uxListRemove
                0x000000000000170a       0x1e ./output/list.o
                0x000000000000170a                uxListRemove

.text.prvIsQueueEmpty
                0x0000000000001728       0x16
 .text.prvIsQueueEmpty
                0x0000000000001728       0x16 ./output/queue.o

.text.prvCopyDataToQueue
                0x000000000000173e       0x6a
 .text.prvCopyDataToQueue
                0x000000000000173e       0x6a ./output/queue.o

.text.prvCopyDataFromQueue
                0x00000000000017a8       0x28
 .text.prvCopyDataFromQueue
                0x00000000000017a8       0x28 ./output/queue.o

.text.prvNotifyQueueSetContainer
                0x00000000000017d0       0x84
 .text.prvNotifyQueueSetContainer
                0x00000000000017d0       0x84 ./output/queue.o

.text.prvUnlockQueue
                0x0000000000001854       0x7c
 .text.prvUnlockQueue
                0x0000000000001854       0x7c ./output/queue.o

.text.xQueueGenericReset
                0x00000000000018d0       0x84
 .text.xQueueGenericReset
                0x00000000000018d0       0x84 ./output/queue.o
                0x00000000000018d0                xQueueGenericReset

.text.xQueueGenericCreateStatic
                0x0000000000001954       0x70
 .text.xQueueGenericCreateStatic
                0x0000000000001954       0x70 ./output/queue.o
                0x0000000000001954                xQueueGenericCreateStatic

.text.xQueueGenericCreate
                0x00000000000019c4       0x58
 .text.xQueueGenericCreate
                0x00000000000019c4       0x58 ./output/queue.o
                0x00000000000019c4                xQueueGenericCreate

.text.xQueueGenericSendFromISR
                0x0000000000001a1c       0xe0
 .text.xQueueGenericSendFromISR
                0x0000000000001a1c       0xe0 ./output/queue.o
                0x0000000000001a1c                xQueueGenericSendFromISR

.text.xQueueReceive
                0x0000000000001afc      0x10c
 .text.xQueueReceive
                0x0000000000001afc      0x10c ./output/queue.o
                0x0000000000001afc                xQueueReceive

.text.xQueueReceiveFromISR
                0x0000000000001c08       0xa8
 .text.xQueueReceiveFromISR
                0x0000000000001c08       0xa8 ./output/queue.o
                0x0000000000001c08                xQueueReceiveFromISR

.text.xQueueIsQueueFullFromISR
                0x0000000000001cb0       0x20
 .text.xQueueIsQueueFullFromISR
                0x0000000000001cb0       0x20 ./output/queue.o
                0x0000000000001cb0                xQueueIsQueueFullFromISR

.text.vQueueAddToRegistry
                0x0000000000001cd0       0x50
 .text.vQueueAddToRegistry
                0x0000000000001cd0       0x50 ./output/queue.o
                0x0000000000001cd0                vQueueAddToRegistry

.text.vQueueWaitForMessageRestricted
                0x0000000000001d20       0x46
 .text.vQueueWaitForMessageRestricted
                0x0000000000001d20       0x46 ./output/queue.o
                0x0000000000001d20                vQueueWaitForMessageRestricted

.text.prvCheckForValidListAndQueue
                0x0000000000001d68       0x68
 .text.prvCheckForValidListAndQueue
                0x0000000000001d68       0x68 ./output/timers.o

.text.prvInsertTimerInActiveList
                0x0000000000001dd0       0x3c
 .text.prvInsertTimerInActiveList
                0x0000000000001dd0       0x3c ./output/timers.o

.text.prvReloadTimer
                0x0000000000001e0c       0x26
 .text.prvReloadTimer
                0x0000000000001e0c       0x26 ./output/timers.o

.text.prvProcessExpiredTimer
                0x0000000000001e34       0x40
 .text.prvProcessExpiredTimer
                0x0000000000001e34       0x40 ./output/timers.o

.text.prvSampleTimeNow
                0x0000000000001e74       0x4c
 .text.prvSampleTimeNow
                0x0000000000001e74       0x4c ./output/timers.o

.text.prvTimerTask
                0x0000000000001ec0      0x178
 .text.prvTimerTask
                0x0000000000001ec0      0x178 ./output/timers.o

.text.xTimerCreateTimerTask
                0x0000000000002038       0x64
 .text.xTimerCreateTimerTask
                0x0000000000002038       0x64 ./output/timers.o
                0x0000000000002038                xTimerCreateTimerTask

.text.pvPortMalloc
                0x000000000000209c      0x194
 .text.pvPortMalloc
                0x000000000000209c      0x194 ./output/heap_4.o
                0x000000000000209c                pvPortMalloc

.text.vPortFree
                0x0000000000002230       0xf4
 .text.vPortFree
                0x0000000000002230       0xf4 ./output/heap_4.o
                0x0000000000002230                vPortFree

.text.vPortSVCHandler
                0x0000000000002324       0x24
 .text.vPortSVCHandler
                0x0000000000002324       0x24 ./output/port.o
                0x0000000000002324                vPortSVCHandler

.text.prvPortStartFirstTask
                0x0000000000002348       0x20
 .text.prvPortStartFirstTask
                0x0000000000002348       0x20 ./output/port.o

.text.xPortPendSVHandler
                0x0000000000002368       0x44
 .text.xPortPendSVHandler
                0x0000000000002368       0x44 ./output/port.o
                0x0000000000002368                xPortPendSVHandler

.text.prvTaskExitError
                0x00000000000023ac       0x3c
 .text.prvTaskExitError
                0x00000000000023ac       0x3c ./output/port.o

.text.pxPortInitialiseStack
                0x00000000000023e8       0x24
 .text.pxPortInitialiseStack
                0x00000000000023e8       0x24 ./output/port.o
                0x00000000000023e8                pxPortInitialiseStack

.text.vPortEnterCritical
                0x000000000000240c       0x3c
 .text.vPortEnterCritical
                0x000000000000240c       0x3c ./output/port.o
                0x000000000000240c                vPortEnterCritical

.text.vPortExitCritical
                0x0000000000002448       0x28
 .text.vPortExitCritical
                0x0000000000002448       0x28 ./output/port.o
                0x0000000000002448                vPortExitCritical

.text.xPortSysTickHandler
                0x0000000000002470       0x2c
 .text.xPortSysTickHandler
                0x0000000000002470       0x2c ./output/port.o
                0x0000000000002470                xPortSysTickHandler

.text.vPortSetupTimerInterrupt
                0x000000000000249c       0x16
 .text.vPortSetupTimerInterrupt
                0x000000000000249c       0x16 ./output/port.o
                0x000000000000249c                vPortSetupTimerInterrupt

.text.xPortStartScheduler
                0x00000000000024b4      0x10c
 .text.xPortStartScheduler
                0x00000000000024b4      0x10c ./output/port.o
                0x00000000000024b4                xPortStartScheduler

.text.prvRecordValue_NormallyFull
                0x00000000000025c0       0x28
 .text.prvRecordValue_NormallyFull
                0x00000000000025c0       0x28 ./output/IntQueue.o

.text.prvRecordValue_NormallyEmpty
                0x00000000000025e8       0x28
 .text.prvRecordValue_NormallyEmpty
                0x00000000000025e8       0x28 ./output/IntQueue.o

.text.xFirstTimerHandler
                0x0000000000002610      0x138
 .text.xFirstTimerHandler
                0x0000000000002610      0x138 ./output/IntQueue.o
                0x0000000000002610                xFirstTimerHandler

.text.xSecondTimerHandler
                0x0000000000002748      0x1e8
 .text.xSecondTimerHandler
                0x0000000000002748      0x1e8 ./output/IntQueue.o
                0x0000000000002748                xSecondTimerHandler

.text.TIMER0_Handler
                0x0000000000002930       0x3c
 .text.TIMER0_Handler
                0x0000000000002930       0x3c ./output/IntQueueTimer.o
                0x0000000000002930                TIMER0_Handler

.text.TIMER1_Handler
                0x000000000000296c       0x3c
 .text.TIMER1_Handler
                0x000000000000296c       0x3c ./output/IntQueueTimer.o
                0x000000000000296c                TIMER1_Handler

.text.startup.main
                0x00000000000029a8       0x10
 .text.startup.main
                0x00000000000029a8       0x10 ./output/main.o
                0x00000000000029a8                main

.text.vApplicationMallocFailedHook
                0x00000000000029b8       0x20
 .text.vApplicationMallocFailedHook
                0x00000000000029b8       0x20 ./output/main.o
                0x00000000000029b8                vApplicationMallocFailedHook

.text.vApplicationStackOverflowHook
                0x00000000000029d8       0x20
 .text.vApplicationStackOverflowHook
                0x00000000000029d8       0x20 ./output/main.o
                0x00000000000029d8                vApplicationStackOverflowHook

.text.vApplicationTickHook
                0x00000000000029f8        0x2
 .text.vApplicationTickHook
                0x00000000000029f8        0x2 ./output/main.o
                0x00000000000029f8                vApplicationTickHook

.text.vAssertCalled
                0x00000000000029fc       0x2c
 .text.vAssertCalled
                0x00000000000029fc       0x2c ./output/main.o
                0x00000000000029fc                vAssertCalled

.text.vApplicationGetIdleTaskMemory
                0x0000000000002a28       0x18
 .text.vApplicationGetIdleTaskMemory
                0x0000000000002a28       0x18 ./output/main.o
                0x0000000000002a28                vApplicationGetIdleTaskMemory

.text.vApplicationGetTimerTaskMemory
                0x0000000000002a40       0x18
 .text.vApplicationGetTimerTaskMemory
                0x0000000000002a40       0x18 ./output/main.o
                0x0000000000002a40                vApplicationGetTimerTaskMemory

.text.T4        0x0000000000002a58       0x18
 .text.T4       0x0000000000002a58       0x18 ./output/main_blinky.o

.text.T3        0x0000000000002a70       0x18
 .text.T3       0x0000000000002a70       0x18 ./output/main_blinky.o

.text.T2        0x0000000000002a88       0x18
 .text.T2       0x0000000000002a88       0x18 ./output/main_blinky.o

.text.T1        0x0000000000002aa0       0x18
 .text.T1       0x0000000000002aa0       0x18 ./output/main_blinky.o

.text.main_blinky
                0x0000000000002ab8       0x8c
 .text.main_blinky
                0x0000000000002ab8       0x8c ./output/main_blinky.o
                0x0000000000002ab8                main_blinky

.text.Default_Handler
                0x0000000000002c00        0xc
 .text.Default_Handler
                0x0000000000002c00        0xc ./output/startup_gcc.o

.text.HardFault_Handler
                0x0000000000002d00       0x18
 .text.HardFault_Handler
                0x0000000000002d00       0x18 ./output/startup_gcc.o

.text.Reset_Handler
                0x0000000000002d18        0x4
 .text.Reset_Handler
                0x0000000000002d18        0x4 ./output/startup_gcc.o
                0x0000000000002d18                Reset_Handler

.text.prvGetRegistersFromStack
                0x0000000000002d1c       0x6c
 .text.prvGetRegistersFromStack
                0x0000000000002d1c       0x6c ./output/startup_gcc.o
                0x0000000000002d1c                prvGetRegistersFromStack

.text.printchar
                0x0000000000002d88       0x1e
 .text.printchar
                0x0000000000002d88       0x1e ./output/printf-stdarg.o

.text.prints    0x0000000000002da6       0x82
 .text.prints   0x0000000000002da6       0x82 ./output/printf-stdarg.o

.text.printi    0x0000000000002e28       0xa6
 .text.printi   0x0000000000002e28       0xa6 ./output/printf-stdarg.o

.text.tiny_print
                0x0000000000002ed0      0x124
 .text.tiny_print
                0x0000000000002ed0      0x124 ./output/printf-stdarg.o

.text.printf    0x0000000000002ff4       0x1e
 .text.printf   0x0000000000002ff4       0x1e ./output/printf-stdarg.o
                0x0000000000002ff4                printf

.rel.dyn        0x0000000000003014        0x0
 .rel.iplt      0x0000000000003014        0x0 ./output/tasks.o

.data           0x0000000020000000       0x64
                0x0000000020000000                . = ALIGN (0x8)
                0x0000000020000000                _data = .
                0x0000000020000000                _sdata = .
 *(vtable)
 *(.data)
 .data          0x0000000020000000       0x64 /usr/lib/gcc/arm-none-eabi/10.3.1/../../../arm-none-eabi/lib/thumb/v7-m/nofp/libg_nano.a(lib_a-impure.o)
                0x0000000020000000                _impure_ptr
                0x0000000020000064                _edata = .

.data.uxTopUsedPriority
                0x0000000020000064        0x4
 .data.uxTopUsedPriority
                0x0000000020000064        0x4 ./output/tasks.o

.igot.plt       0x0000000020000068        0x0
 .igot.plt      0x0000000020000068        0x0 ./output/tasks.o

.data.uxCriticalNesting
                0x0000000020000068        0x4
 .data.uxCriticalNesting
                0x0000000020000068        0x4 ./output/port.o

.data.xErrorStatus
                0x000000002000006c        0x4
 .data.xErrorStatus
                0x000000002000006c        0x4 ./output/IntQueue.o

.bss            0x0000000020000070       0x10
                0x0000000020000070                . = ALIGN (0x8)
                0x0000000020000070                _bss = .
                0x0000000020000070                _sbss = .
 *(.bss)
 .bss           0x0000000020000070        0x8 /usr/lib/gcc/arm-none-eabi/10.3.1/../../../arm-none-eabi/lib/thumb/v7-m/nofp/libg_nano.a(lib_a-nano-mallocr.o)
                0x0000000020000070                __malloc_free_list
                0x0000000020000074                __malloc_sbrk_start
 .bss           0x0000000020000078        0x4 /usr/lib/gcc/arm-none-eabi/10.3.1/../../../arm-none-eabi/lib/thumb/v7-m/nofp/libg_nano.a(lib_a-reent.o)
                0x0000000020000078                errno
 .bss           0x000000002000007c        0x4 /usr/lib/gcc/arm-none-eabi/10.3.1/../../../arm-none-eabi/lib/thumb/v7-m/nofp/libnosys.a(sbrk.o)
                0x0000000020000080                _ebss = .

.bss.pxCurrentTCB
                0x0000000020000080        0x4
 .bss.pxCurrentTCB
                0x0000000020000080        0x4 ./output/tasks.o
                0x0000000020000080                pxCurrentTCB

.bss.pxDelayedTaskList
                0x0000000020000084        0x4
 .bss.pxDelayedTaskList
                0x0000000020000084        0x4 ./output/tasks.o

.bss.pxOverflowDelayedTaskList
                0x0000000020000088        0x4
 .bss.pxOverflowDelayedTaskList
                0x0000000020000088        0x4 ./output/tasks.o

.bss.pxReadyTasksLists
                0x000000002000008c       0xb4
 .bss.pxReadyTasksLists
                0x000000002000008c       0xb4 ./output/tasks.o

.bss.uxCurrentNumberOfTasks
                0x0000000020000140        0x4
 .bss.uxCurrentNumberOfTasks
                0x0000000020000140        0x4 ./output/tasks.o

.bss.uxDeletedTasksWaitingCleanUp
                0x0000000020000144        0x4
 .bss.uxDeletedTasksWaitingCleanUp
                0x0000000020000144        0x4 ./output/tasks.o

.bss.uxSchedulerSuspended
                0x0000000020000148        0x4
 .bss.uxSchedulerSuspended
                0x0000000020000148        0x4 ./output/tasks.o

.bss.uxTaskNumber
                0x000000002000014c        0x4
 .bss.uxTaskNumber
                0x000000002000014c        0x4 ./output/tasks.o

.bss.uxTopReadyPriority
                0x0000000020000150        0x4
 .bss.uxTopReadyPriority
                0x0000000020000150        0x4 ./output/tasks.o

.bss.xDelayedTaskList1
                0x0000000020000154       0x14
 .bss.xDelayedTaskList1
                0x0000000020000154       0x14 ./output/tasks.o

.bss.xDelayedTaskList2
                0x0000000020000168       0x14
 .bss.xDelayedTaskList2
                0x0000000020000168       0x14 ./output/tasks.o

.bss.xIdleTaskHandles
                0x000000002000017c        0x4
 .bss.xIdleTaskHandles
                0x000000002000017c        0x4 ./output/tasks.o

.bss.xNextTaskUnblockTime
                0x0000000020000180        0x4
 .bss.xNextTaskUnblockTime
                0x0000000020000180        0x4 ./output/tasks.o

.bss.xNumOfOverflows
                0x0000000020000184        0x4
 .bss.xNumOfOverflows
                0x0000000020000184        0x4 ./output/tasks.o

.bss.xPendedTicks
                0x0000000020000188        0x4
 .bss.xPendedTicks
                0x0000000020000188        0x4 ./output/tasks.o

.bss.xPendingReadyList
                0x000000002000018c       0x14
 .bss.xPendingReadyList
                0x000000002000018c       0x14 ./output/tasks.o

.bss.xSchedulerRunning
                0x00000000200001a0        0x4
 .bss.xSchedulerRunning
                0x00000000200001a0        0x4 ./output/tasks.o

.bss.xSuspendedTaskList
                0x00000000200001a4       0x14
 .bss.xSuspendedTaskList
                0x00000000200001a4       0x14 ./output/tasks.o

.bss.xTasksWaitingTermination
                0x00000000200001b8       0x14
 .bss.xTasksWaitingTermination
                0x00000000200001b8       0x14 ./output/tasks.o

.bss.xTickCount
                0x00000000200001cc        0x4
 .bss.xTickCount
                0x00000000200001cc        0x4 ./output/tasks.o

.bss.xYieldPendings
                0x00000000200001d0        0x4
 .bss.xYieldPendings
                0x00000000200001d0        0x4 ./output/tasks.o

.bss.xQueueRegistry
                0x00000000200001d4       0x50
 .bss.xQueueRegistry
                0x00000000200001d4       0x50 ./output/queue.o
                0x00000000200001d4                xQueueRegistry

.bss.pxCurrentTimerList
                0x0000000020000224        0x4
 .bss.pxCurrentTimerList
                0x0000000020000224        0x4 ./output/timers.o

.bss.pxOverflowTimerList
                0x0000000020000228        0x4
 .bss.pxOverflowTimerList
                0x0000000020000228        0x4 ./output/timers.o

.bss.ucStaticTimerQueueStorage.1
                0x000000002000022c      0x140
 .bss.ucStaticTimerQueueStorage.1
                0x000000002000022c      0x140 ./output/timers.o

.bss.xActiveTimerList1
                0x000000002000036c       0x14
 .bss.xActiveTimerList1
                0x000000002000036c       0x14 ./output/timers.o

.bss.xActiveTimerList2
                0x0000000020000380       0x14
 .bss.xActiveTimerList2
                0x0000000020000380       0x14 ./output/timers.o

.bss.xLastTime.2
                0x0000000020000394        0x4
 .bss.xLastTime.2
                0x0000000020000394        0x4 ./output/timers.o

.bss.xStaticTimerQueue.0
                0x0000000020000398       0x4c
 .bss.xStaticTimerQueue.0
                0x0000000020000398       0x4c ./output/timers.o

.bss.xTimerQueue
                0x00000000200003e4        0x4
 .bss.xTimerQueue
                0x00000000200003e4        0x4 ./output/timers.o

.bss.xTimerTaskHandle
                0x00000000200003e8        0x4
 .bss.xTimerTaskHandle
                0x00000000200003e8        0x4 ./output/timers.o

.bss.pxEnd      0x00000000200003ec        0x4
 .bss.pxEnd     0x00000000200003ec        0x4 ./output/heap_4.o

.bss.ucHeap     0x00000000200003f0     0xf000
 .bss.ucHeap    0x00000000200003f0     0xf000 ./output/heap_4.o

.bss.xFreeBytesRemaining
                0x000000002000f3f0        0x4
 .bss.xFreeBytesRemaining
                0x000000002000f3f0        0x4 ./output/heap_4.o

.bss.xMinimumEverFreeBytesRemaining
                0x000000002000f3f4        0x4
 .bss.xMinimumEverFreeBytesRemaining
                0x000000002000f3f4        0x4 ./output/heap_4.o

.bss.xNumberOfSuccessfulAllocations
                0x000000002000f3f8        0x4
 .bss.xNumberOfSuccessfulAllocations
                0x000000002000f3f8        0x4 ./output/heap_4.o

.bss.xNumberOfSuccessfulFrees
                0x000000002000f3fc        0x4
 .bss.xNumberOfSuccessfulFrees
                0x000000002000f3fc        0x4 ./output/heap_4.o

.bss.xStart     0x000000002000f400        0x8
 .bss.xStart    0x000000002000f400        0x8 ./output/heap_4.o

.bss.ucMaxSysCallPriority
                0x000000002000f408        0x1
 .bss.ucMaxSysCallPriority
                0x000000002000f408        0x1 ./output/port.o

.bss.ulMaxPRIGROUPValue
                0x000000002000f40c        0x4
 .bss.ulMaxPRIGROUPValue
                0x000000002000f40c        0x4 ./output/port.o

.bss.ucNormallyEmptyReceivedValues
                0x000000002000f410       0xc8
 .bss.ucNormallyEmptyReceivedValues
                0x000000002000f410       0xc8 ./output/IntQueue.o

.bss.ucNormallyFullReceivedValues
                0x000000002000f4d8       0xc8
 .bss.ucNormallyFullReceivedValues
                0x000000002000f4d8       0xc8 ./output/IntQueue.o

.bss.uxNextOperation.4
                0x000000002000f5a0        0x4
 .bss.uxNextOperation.4
                0x000000002000f5a0        0x4 ./output/IntQueue.o

.bss.uxNextOperation.5
                0x000000002000f5a4        0x4
 .bss.uxNextOperation.5
                0x000000002000f5a4        0x4 ./output/IntQueue.o

.bss.uxValueForNormallyEmptyQueue
                0x000000002000f5a8        0x4
 .bss.uxValueForNormallyEmptyQueue
                0x000000002000f5a8        0x4 ./output/IntQueue.o

.bss.uxValueForNormallyFullQueue
                0x000000002000f5ac        0x4
 .bss.uxValueForNormallyFullQueue
                0x000000002000f5ac        0x4 ./output/IntQueue.o

.bss.xErrorLine
                0x000000002000f5b0        0x4
 .bss.xErrorLine
                0x000000002000f5b0        0x4 ./output/IntQueue.o

.bss.xNormallyEmptyQueue
                0x000000002000f5b4        0x4
 .bss.xNormallyEmptyQueue
                0x000000002000f5b4        0x4 ./output/IntQueue.o

.bss.xNormallyFullQueue
                0x000000002000f5b8        0x4
 .bss.xNormallyFullQueue
                0x000000002000f5b8        0x4 ./output/IntQueue.o

.bss.ulNest     0x000000002000f5bc        0x4
 .bss.ulNest    0x000000002000f5bc        0x4 ./output/IntQueueTimer.o
                0x000000002000f5bc                ulNest

.bss.ulNestCount
                0x000000002000f5c0        0x4
 .bss.ulNestCount
                0x000000002000f5c0        0x4 ./output/IntQueueTimer.o
                0x000000002000f5c0                ulNestCount

.bss.uxIdleTaskStack.2
                0x000000002000f5c4      0x140
 .bss.uxIdleTaskStack.2
                0x000000002000f5c4      0x140 ./output/main.o

.bss.uxTimerTaskStack.0
                0x000000002000f704      0x280
 .bss.uxTimerTaskStack.0
                0x000000002000f704      0x280 ./output/main.o

.bss.xIdleTaskTCB.3
                0x000000002000f984       0x58
 .bss.xIdleTaskTCB.3
                0x000000002000f984       0x58 ./output/main.o

.bss.xTimerTaskTCB.1
                0x000000002000f9dc       0x58
 .bss.xTimerTaskTCB.1
                0x000000002000f9dc       0x58 ./output/main.o

.bss.lr         0x000000002000fa34        0x4
 .bss.lr        0x000000002000fa34        0x4 ./output/startup_gcc.o
                0x000000002000fa34                lr

.bss.pc         0x000000002000fa38        0x4
 .bss.pc        0x000000002000fa38        0x4 ./output/startup_gcc.o
                0x000000002000fa38                pc

.bss.psr        0x000000002000fa3c        0x4
 .bss.psr       0x000000002000fa3c        0x4 ./output/startup_gcc.o
                0x000000002000fa3c                psr

.bss.r0         0x000000002000fa40        0x4
 .bss.r0        0x000000002000fa40        0x4 ./output/startup_gcc.o
                0x000000002000fa40                r0

.bss.r1         0x000000002000fa44        0x4
 .bss.r1        0x000000002000fa44        0x4 ./output/startup_gcc.o
                0x000000002000fa44                r1

.bss.r12        0x000000002000fa48        0x4
 .bss.r12       0x000000002000fa48        0x4 ./output/startup_gcc.o
                0x000000002000fa48                r12

.bss.r2         0x000000002000fa4c        0x4
 .bss.r2        0x000000002000fa4c        0x4 ./output/startup_gcc.o
                0x000000002000fa4c                r2

.bss.r3         0x000000002000fa50        0x4
 .bss.r3        0x000000002000fa50        0x4 ./output/startup_gcc.o
                0x000000002000fa50                r3

.heap           0x000000002000fa54      0x40c
                0x000000002000fa58                . = ALIGN (0x8)
 *fill*         0x000000002000fa54        0x4 
                0x000000002000fa58                PROVIDE (end = .)
                [!provide]                        PROVIDE (_end = .)
                0x000000002000fa58                _heap_bottom = .
                0x000000002000fa60                . = (. + _Min_Heap_Size)
 *fill*         0x000000002000fa58        0x8 
                0x000000002000fa60                _heap_top = .
                0x000000002000fe60                . = (. + _Min_Stack_Size)
 *fill*         0x000000002000fa60      0x400 
                0x000000002000fe60                . = ALIGN (0x8)
                0x0000000020400000                __StackTop = (ORIGIN (RAM) + LENGTH (RAM))
                0x00000000203ffc00                __StackLimit = (__StackTop - _Min_Stack_Size)
                [!provide]                        PROVIDE (__stack = __StackTop)
                0x0000000000000001                ASSERT ((__StackLimit >= _heap_top), region RAM overflowed with stack)
OUTPUT(./output/RTOSDemo.out elf32-littlearm)
LOAD linker stubs

.debug_info     0x0000000000000000    0x15a15
 .debug_info    0x0000000000000000     0x3c70 ./output/tasks.o
 .debug_info    0x0000000000003c70      0x339 ./output/list.o
 .debug_info    0x0000000000003fa9     0x2e70 ./output/queue.o
 .debug_info    0x0000000000006e19     0x1c3e ./output/timers.o
 .debug_info    0x0000000000008a57      0x750 ./output/heap_4.o
 .debug_info    0x00000000000091a7      0x5af ./output/port.o
 .debug_info    0x0000000000009756     0x15c9 ./output/IntQueue.o
 .debug_info    0x000000000000ad1f      0x6dd ./output/IntQueueTimer.o
 .debug_info    0x000000000000b3fc      0x600 ./output/main.o
 .debug_info    0x000000000000b9fc      0x456 ./output/main_blinky.o
 .debug_info    0x000000000000be52      0xa89 ./output/startup_gcc.o
 .debug_info    0x000000000000c8db      0x678 ./output/printf-stdarg.o
 .debug_info    0x000000000000cf53      0xb0a /usr/lib/gcc/arm-none-eabi/10.3.1/../../../arm-none-eabi/lib/thumb/v7-m/nofp/libg_nano.a(lib_a-fflush.o)
 .debug_info    0x000000000000da5d      0xfae /usr/lib/gcc/arm-none-eabi/10.3.1/../../../arm-none-eabi/lib/thumb/v7-m/nofp/libg_nano.a(lib_a-findfp.o)
 .debug_info    0x000000000000ea0b      0x900 /usr/lib/gcc/arm-none-eabi/10.3.1/../../../arm-none-eabi/lib/thumb/v7-m/nofp/libg_nano.a(lib_a-fwalk.o)
 .debug_info    0x000000000000f30b      0x863 /usr/lib/gcc/arm-none-eabi/10.3.1/../../../arm-none-eabi/lib/thumb/v7-m/nofp/libg_nano.a(lib_a-impure.o)
 .debug_info    0x000000000000fb6e       0x26 /usr/lib/gcc/arm-none-eabi/10.3.1/../../../arm-none-eabi/lib/thumb/v7-m/nofp/libg_nano.a(lib_a-memcpy.o)
 .debug_info    0x000000000000fb94      0x137 /usr/lib/gcc/arm-none-eabi/10.3.1/../../../arm-none-eabi/lib/thumb/v7-m/nofp/libg_nano.a(lib_a-memset.o)
 .debug_info    0x000000000000fccb      0x940 /usr/lib/gcc/arm-none-eabi/10.3.1/../../../arm-none-eabi/lib/thumb/v7-m/nofp/libg_nano.a(lib_a-nano-freer.o)
 .debug_info    0x000000000001060b      0xa0c /usr/lib/gcc/arm-none-eabi/10.3.1/../../../arm-none-eabi/lib/thumb/v7-m/nofp/libg_nano.a(lib_a-nano-mallocr.o)
 .debug_info    0x0000000000011017      0x828 /usr/lib/gcc/arm-none-eabi/10.3.1/../../../arm-none-eabi/lib/thumb/v7-m/nofp/libg_nano.a(lib_a-sbrkr.o)
 .debug_info    0x000000000001183f      0xabc /usr/lib/gcc/arm-none-eabi/10.3.1/../../../arm-none-eabi/lib/thumb/v7-m/nofp/libg_nano.a(lib_a-stdio.o)
 .debug_info    0x00000000000122fb      0x85a /usr/lib/gcc/arm-none-eabi/10.3.1/../../../arm-none-eabi/lib/thumb/v7-m/nofp/libg_nano.a(lib_a-writer.o)
 .debug_info    0x0000000000012b55      0x805 /usr/lib/gcc/arm-none-eabi/10.3.1/../../../arm-none-eabi/lib/thumb/v7-m/nofp/libg_nano.a(lib_a-closer.o)
 .debug_info    0x000000000001335a      0x83b /usr/lib/gcc/arm-none-eabi/10.3.1/../../../arm-none-eabi/lib/thumb/v7-m/nofp/libg_nano.a(lib_a-lseekr.o)
 .debug_info    0x0000000000013b95      0x7dc /usr/lib/gcc/arm-none-eabi/10.3.1/../../../arm-none-eabi/lib/thumb/v7-m/nofp/libg_nano.a(lib_a-mlock.o)
 .debug_info    0x0000000000014371      0x853 /usr/lib/gcc/arm-none-eabi/10.3.1/../../../arm-none-eabi/lib/thumb/v7-m/nofp/libg_nano.a(lib_a-readr.o)
 .debug_info    0x0000000000014bc4      0xa7e /usr/lib/gcc/arm-none-eabi/10.3.1/../../../arm-none-eabi/lib/thumb/v7-m/nofp/libg_nano.a(lib_a-reent.o)
 .debug_info    0x0000000000015642       0xb1 /usr/lib/gcc/arm-none-eabi/10.3.1/../../../arm-none-eabi/lib/thumb/v7-m/nofp/libnosys.a(close.o)
 .debug_info    0x00000000000156f3       0xd3 /usr/lib/gcc/arm-none-eabi/10.3.1/../../../arm-none-eabi/lib/thumb/v7-m/nofp/libnosys.a(lseek.o)
 .debug_info    0x00000000000157c6       0xd9 /usr/lib/gcc/arm-none-eabi/10.3.1/../../../arm-none-eabi/lib/thumb/v7-m/nofp/libnosys.a(read.o)
 .debug_info    0x000000000001589f       0x9d /usr/lib/gcc/arm-none-eabi/10.3.1/../../../arm-none-eabi/lib/thumb/v7-m/nofp/libnosys.a(sbrk.o)
 .debug_info    0x000000000001593c       0xd9 /usr/lib/gcc/arm-none-eabi/10.3.1/../../../arm-none-eabi/lib/thumb/v7-m/nofp/libnosys.a(write.o)

.debug_abbrev   0x0000000000000000     0x409e
 .debug_abbrev  0x0000000000000000      0x49b ./output/tasks.o
 .debug_abbrev  0x000000000000049b      0x109 ./output/list.o
 .debug_abbrev  0x00000000000005a4      0x3b7 ./output/queue.o
 .debug_abbrev  0x000000000000095b      0x410 ./output/timers.o
 .debug_abbrev  0x0000000000000d6b      0x29d ./output/heap_4.o
 .debug_abbrev  0x0000000000001008      0x2a9 ./output/port.o
 .debug_abbrev  0x00000000000012b1      0x2b9 ./output/IntQueue.o
 .debug_abbrev  0x000000000000156a      0x217 ./output/IntQueueTimer.o
 .debug_abbrev  0x0000000000001781      0x280 ./output/main.o
 .debug_abbrev  0x0000000000001a01      0x14c ./output/main_blinky.o
 .debug_abbrev  0x0000000000001b4d      0x272 ./output/startup_gcc.o
 .debug_abbrev  0x0000000000001dbf      0x258 ./output/printf-stdarg.o
 .debug_abbrev  0x0000000000002017      0x2da /usr/lib/gcc/arm-none-eabi/10.3.1/../../../arm-none-eabi/lib/thumb/v7-m/nofp/libg_nano.a(lib_a-fflush.o)
 .debug_abbrev  0x00000000000022f1      0x3cd /usr/lib/gcc/arm-none-eabi/10.3.1/../../../arm-none-eabi/lib/thumb/v7-m/nofp/libg_nano.a(lib_a-findfp.o)
 .debug_abbrev  0x00000000000026be      0x197 /usr/lib/gcc/arm-none-eabi/10.3.1/../../../arm-none-eabi/lib/thumb/v7-m/nofp/libg_nano.a(lib_a-fwalk.o)
 .debug_abbrev  0x0000000000002855      0x151 /usr/lib/gcc/arm-none-eabi/10.3.1/../../../arm-none-eabi/lib/thumb/v7-m/nofp/libg_nano.a(lib_a-impure.o)
 .debug_abbrev  0x00000000000029a6       0x14 /usr/lib/gcc/arm-none-eabi/10.3.1/../../../arm-none-eabi/lib/thumb/v7-m/nofp/libg_nano.a(lib_a-memcpy.o)
 .debug_abbrev  0x00000000000029ba       0xb4 /usr/lib/gcc/arm-none-eabi/10.3.1/../../../arm-none-eabi/lib/thumb/v7-m/nofp/libg_nano.a(lib_a-memset.o)
 .debug_abbrev  0x0000000000002a6e      0x245 /usr/lib/gcc/arm-none-eabi/10.3.1/../../../arm-none-eabi/lib/thumb/v7-m/nofp/libg_nano.a(lib_a-nano-freer.o)
 .debug_abbrev  0x0000000000002cb3      0x290 /usr/lib/gcc/arm-none-eabi/10.3.1/../../../arm-none-eabi/lib/thumb/v7-m/nofp/libg_nano.a(lib_a-nano-mallocr.o)
 .debug_abbrev  0x0000000000002f43      0x1d6 /usr/lib/gcc/arm-none-eabi/10.3.1/../../../arm-none-eabi/lib/thumb/v7-m/nofp/libg_nano.a(lib_a-sbrkr.o)
 .debug_abbrev  0x0000000000003119      0x1fb /usr/lib/gcc/arm-none-eabi/10.3.1/../../../arm-none-eabi/lib/thumb/v7-m/nofp/libg_nano.a(lib_a-stdio.o)
 .debug_abbrev  0x0000000000003314      0x1b0 /usr/lib/gcc/arm-none-eabi/10.3.1/../../../arm-none-eabi/lib/thumb/v7-m/nofp/libg_nano.a(lib_a-writer.o)
 .debug_abbrev  0x00000000000034c4      0x1ab /usr/lib/gcc/arm-none-eabi/10.3.1/../../../arm-none-eabi/lib/thumb/v7-m/nofp/libg_nano.a(lib_a-closer.o)
 .debug_abbrev  0x000000000000366f      0x1bf /usr/lib/gcc/arm-none-eabi/10.3.1/../../../arm-none-eabi/lib/thumb/v7-m/nofp/libg_nano.a(lib_a-lseekr.o)
 .debug_abbrev  0x000000000000382e      0x189 /usr/lib/gcc/arm-none-eabi/10.3.1/../../../arm-none-eabi/lib/thumb/v7-m/nofp/libg_nano.a(lib_a-mlock.o)
 .debug_abbrev  0x00000000000039b7      0x1ab /usr/lib/gcc/arm-none-eabi/10.3.1/../../../arm-none-eabi/lib/thumb/v7-m/nofp/libg_nano.a(lib_a-readr.o)
 .debug_abbrev  0x0000000000003b62      0x265 /usr/lib/gcc/arm-none-eabi/10.3.1/../../../arm-none-eabi/lib/thumb/v7-m/nofp/libg_nano.a(lib_a-reent.o)
 .debug_abbrev  0x0000000000003dc7       0x6d /usr/lib/gcc/arm-none-eabi/10.3.1/../../../arm-none-eabi/lib/thumb/v7-m/nofp/libnosys.a(close.o)
 .debug_abbrev  0x0000000000003e34       0x92 /usr/lib/gcc/arm-none-eabi/10.3.1/../../../arm-none-eabi/lib/thumb/v7-m/nofp/libnosys.a(lseek.o)
 .debug_abbrev  0x0000000000003ec6       0x9b /usr/lib/gcc/arm-none-eabi/10.3.1/../../../arm-none-eabi/lib/thumb/v7-m/nofp/libnosys.a(read.o)
 .debug_abbrev  0x0000000000003f61       0xa2 /usr/lib/gcc/arm-none-eabi/10.3.1/../../../arm-none-eabi/lib/thumb/v7-m/nofp/libnosys.a(sbrk.o)
 .debug_abbrev  0x0000000000004003       0x9b /usr/lib/gcc/arm-none-eabi/10.3.1/../../../arm-none-eabi/lib/thumb/v7-m/nofp/libnosys.a(write.o)

.debug_loc      0x0000000000000000     0x95f2
 .debug_loc     0x0000000000000000     0x2b4d ./output/tasks.o
 .debug_loc     0x0000000000002b4d      0x10f ./output/list.o
 .debug_loc     0x0000000000002c5c     0x20c0 ./output/queue.o
 .debug_loc     0x0000000000004d1c     0x1115 ./output/timers.o
 .debug_loc     0x0000000000005e31      0x4fd ./output/heap_4.o
 .debug_loc     0x000000000000632e      0x10a ./output/port.o
 .debug_loc     0x0000000000006438      0x70d ./output/IntQueue.o
 .debug_loc     0x0000000000006b45       0xb0 ./output/IntQueueTimer.o
 .debug_loc     0x0000000000006bf5      0x1a5 ./output/main.o
 .debug_loc     0x0000000000006d9a       0x94 ./output/main_blinky.o
 .debug_loc     0x0000000000006e2e       0x25 ./output/startup_gcc.o
 .debug_loc     0x0000000000006e53      0xa75 ./output/printf-stdarg.o
 .debug_loc     0x00000000000078c8      0x4c9 /usr/lib/gcc/arm-none-eabi/10.3.1/../../../arm-none-eabi/lib/thumb/v7-m/nofp/libg_nano.a(lib_a-fflush.o)
 .debug_loc     0x0000000000007d91      0x3d9 /usr/lib/gcc/arm-none-eabi/10.3.1/../../../arm-none-eabi/lib/thumb/v7-m/nofp/libg_nano.a(lib_a-findfp.o)
 .debug_loc     0x000000000000816a      0x1bf /usr/lib/gcc/arm-none-eabi/10.3.1/../../../arm-none-eabi/lib/thumb/v7-m/nofp/libg_nano.a(lib_a-fwalk.o)
 .debug_loc     0x0000000000008329      0x22c /usr/lib/gcc/arm-none-eabi/10.3.1/../../../arm-none-eabi/lib/thumb/v7-m/nofp/libg_nano.a(lib_a-memset.o)
 .debug_loc     0x0000000000008555      0x27f /usr/lib/gcc/arm-none-eabi/10.3.1/../../../arm-none-eabi/lib/thumb/v7-m/nofp/libg_nano.a(lib_a-nano-freer.o)
 .debug_loc     0x00000000000087d4      0x3da /usr/lib/gcc/arm-none-eabi/10.3.1/../../../arm-none-eabi/lib/thumb/v7-m/nofp/libg_nano.a(lib_a-nano-mallocr.o)
 .debug_loc     0x0000000000008bae       0x6c /usr/lib/gcc/arm-none-eabi/10.3.1/../../../arm-none-eabi/lib/thumb/v7-m/nofp/libg_nano.a(lib_a-sbrkr.o)
 .debug_loc     0x0000000000008c1a      0x3a0 /usr/lib/gcc/arm-none-eabi/10.3.1/../../../arm-none-eabi/lib/thumb/v7-m/nofp/libg_nano.a(lib_a-stdio.o)
 .debug_loc     0x0000000000008fba       0xea /usr/lib/gcc/arm-none-eabi/10.3.1/../../../arm-none-eabi/lib/thumb/v7-m/nofp/libg_nano.a(lib_a-writer.o)
 .debug_loc     0x00000000000090a4       0x6c /usr/lib/gcc/arm-none-eabi/10.3.1/../../../arm-none-eabi/lib/thumb/v7-m/nofp/libg_nano.a(lib_a-closer.o)
 .debug_loc     0x0000000000009110       0xea /usr/lib/gcc/arm-none-eabi/10.3.1/../../../arm-none-eabi/lib/thumb/v7-m/nofp/libg_nano.a(lib_a-lseekr.o)
 .debug_loc     0x00000000000091fa       0xea /usr/lib/gcc/arm-none-eabi/10.3.1/../../../arm-none-eabi/lib/thumb/v7-m/nofp/libg_nano.a(lib_a-readr.o)
 .debug_loc     0x00000000000092e4      0x1cd /usr/lib/gcc/arm-none-eabi/10.3.1/../../../arm-none-eabi/lib/thumb/v7-m/nofp/libg_nano.a(lib_a-reent.o)
 .debug_loc     0x00000000000094b1       0x25 /usr/lib/gcc/arm-none-eabi/10.3.1/../../../arm-none-eabi/lib/thumb/v7-m/nofp/libnosys.a(close.o)
 .debug_loc     0x00000000000094d6       0x4a /usr/lib/gcc/arm-none-eabi/10.3.1/../../../arm-none-eabi/lib/thumb/v7-m/nofp/libnosys.a(lseek.o)
 .debug_loc     0x0000000000009520       0x4a /usr/lib/gcc/arm-none-eabi/10.3.1/../../../arm-none-eabi/lib/thumb/v7-m/nofp/libnosys.a(read.o)
 .debug_loc     0x000000000000956a       0x3e /usr/lib/gcc/arm-none-eabi/10.3.1/../../../arm-none-eabi/lib/thumb/v7-m/nofp/libnosys.a(sbrk.o)
 .debug_loc     0x00000000000095a8       0x4a /usr/lib/gcc/arm-none-eabi/10.3.1/../../../arm-none-eabi/lib/thumb/v7-m/nofp/libnosys.a(write.o)

.debug_aranges  0x0000000000000000      0x9e0
 .debug_aranges
                0x0000000000000000      0x210 ./output/tasks.o
 .debug_aranges
                0x0000000000000210       0x48 ./output/list.o
 .debug_aranges
                0x0000000000000258      0x168 ./output/queue.o
 .debug_aranges
                0x00000000000003c0       0xe0 ./output/timers.o
 .debug_aranges
                0x00000000000004a0       0x60 ./output/heap_4.o
 .debug_aranges
                0x0000000000000500       0x78 ./output/port.o
 .debug_aranges
                0x0000000000000578       0x70 ./output/IntQueue.o
 .debug_aranges
                0x00000000000005e8       0x30 ./output/IntQueueTimer.o
 .debug_aranges
                0x0000000000000618       0x60 ./output/main.o
 .debug_aranges
                0x0000000000000678       0x40 ./output/main_blinky.o
 .debug_aranges
                0x00000000000006b8       0x38 ./output/startup_gcc.o
 .debug_aranges
                0x00000000000006f0       0x58 ./output/printf-stdarg.o
 .debug_aranges
                0x0000000000000748       0x20 /usr/lib/gcc/arm-none-eabi/10.3.1/../../../arm-none-eabi/lib/thumb/v7-m/nofp/libg_nano.a(lib_a-fflush.o)
 .debug_aranges
                0x0000000000000768       0x20 /usr/lib/gcc/arm-none-eabi/10.3.1/../../../arm-none-eabi/lib/thumb/v7-m/nofp/libg_nano.a(lib_a-findfp.o)
 .debug_aranges
                0x0000000000000788       0x20 /usr/lib/gcc/arm-none-eabi/10.3.1/../../../arm-none-eabi/lib/thumb/v7-m/nofp/libg_nano.a(lib_a-fwalk.o)
 .debug_aranges
                0x00000000000007a8       0x18 /usr/lib/gcc/arm-none-eabi/10.3.1/../../../arm-none-eabi/lib/thumb/v7-m/nofp/libg_nano.a(lib_a-impure.o)
 .debug_aranges
                0x00000000000007c0       0x20 /usr/lib/gcc/arm-none-eabi/10.3.1/../../../arm-none-eabi/lib/thumb/v7-m/nofp/libg_nano.a(lib_a-memcpy.o)
 .debug_aranges
                0x00000000000007e0       0x20 /usr/lib/gcc/arm-none-eabi/10.3.1/../../../arm-none-eabi/lib/thumb/v7-m/nofp/libg_nano.a(lib_a-memset.o)
 .debug_aranges
                0x0000000000000800       0x20 /usr/lib/gcc/arm-none-eabi/10.3.1/../../../arm-none-eabi/lib/thumb/v7-m/nofp/libg_nano.a(lib_a-nano-freer.o)
 .debug_aranges
                0x0000000000000820       0x20 /usr/lib/gcc/arm-none-eabi/10.3.1/../../../arm-none-eabi/lib/thumb/v7-m/nofp/libg_nano.a(lib_a-nano-mallocr.o)
 .debug_aranges
                0x0000000000000840       0x20 /usr/lib/gcc/arm-none-eabi/10.3.1/../../../arm-none-eabi/lib/thumb/v7-m/nofp/libg_nano.a(lib_a-sbrkr.o)
 .debug_aranges
                0x0000000000000860       0x20 /usr/lib/gcc/arm-none-eabi/10.3.1/../../../arm-none-eabi/lib/thumb/v7-m/nofp/libg_nano.a(lib_a-stdio.o)
 .debug_aranges
                0x0000000000000880       0x20 /usr/lib/gcc/arm-none-eabi/10.3.1/../../../arm-none-eabi/lib/thumb/v7-m/nofp/libg_nano.a(lib_a-writer.o)
 .debug_aranges
                0x00000000000008a0       0x20 /usr/lib/gcc/arm-none-eabi/10.3.1/../../../arm-none-eabi/lib/thumb/v7-m/nofp/libg_nano.a(lib_a-closer.o)
 .debug_aranges
                0x00000000000008c0       0x20 /usr/lib/gcc/arm-none-eabi/10.3.1/../../../arm-none-eabi/lib/thumb/v7-m/nofp/libg_nano.a(lib_a-lseekr.o)
 .debug_aranges
                0x00000000000008e0       0x20 /usr/lib/gcc/arm-none-eabi/10.3.1/../../../arm-none-eabi/lib/thumb/v7-m/nofp/libg_nano.a(lib_a-mlock.o)
 .debug_aranges
                0x0000000000000900       0x20 /usr/lib/gcc/arm-none-eabi/10.3.1/../../../arm-none-eabi/lib/thumb/v7-m/nofp/libg_nano.a(lib_a-readr.o)
 .debug_aranges
                0x0000000000000920       0x20 /usr/lib/gcc/arm-none-eabi/10.3.1/../../../arm-none-eabi/lib/thumb/v7-m/nofp/libg_nano.a(lib_a-reent.o)
 .debug_aranges
                0x0000000000000940       0x20 /usr/lib/gcc/arm-none-eabi/10.3.1/../../../arm-none-eabi/lib/thumb/v7-m/nofp/libnosys.a(close.o)
 .debug_aranges
                0x0000000000000960       0x20 /usr/lib/gcc/arm-none-eabi/10.3.1/../../../arm-none-eabi/lib/thumb/v7-m/nofp/libnosys.a(lseek.o)
 .debug_aranges
                0x0000000000000980       0x20 /usr/lib/gcc/arm-none-eabi/10.3.1/../../../arm-none-eabi/lib/thumb/v7-m/nofp/libnosys.a(read.o)
 .debug_aranges
                0x00000000000009a0       0x20 /usr/lib/gcc/arm-none-eabi/10.3.1/../../../arm-none-eabi/lib/thumb/v7-m/nofp/libnosys.a(sbrk.o)
 .debug_aranges
                0x00000000000009c0       0x20 /usr/lib/gcc/arm-none-eabi/10.3.1/../../../arm-none-eabi/lib/thumb/v7-m/nofp/libnosys.a(write.o)

.debug_ranges   0x0000000000000000      0xff0
 .debug_ranges  0x0000000000000000      0x520 ./output/tasks.o
 .debug_ranges  0x0000000000000520       0x38 ./output/list.o
 .debug_ranges  0x0000000000000558      0x310 ./output/queue.o
 .debug_ranges  0x0000000000000868      0x1b0 ./output/timers.o
 .debug_ranges  0x0000000000000a18       0x98 ./output/heap_4.o
 .debug_ranges  0x0000000000000ab0       0xb0 ./output/port.o
 .debug_ranges  0x0000000000000b60       0xf0 ./output/IntQueue.o
 .debug_ranges  0x0000000000000c50       0x50 ./output/IntQueueTimer.o
 .debug_ranges  0x0000000000000ca0       0x50 ./output/main.o
 .debug_ranges  0x0000000000000cf0       0x30 ./output/main_blinky.o
 .debug_ranges  0x0000000000000d20       0x28 ./output/startup_gcc.o
 .debug_ranges  0x0000000000000d48       0x60 ./output/printf-stdarg.o
 .debug_ranges  0x0000000000000da8       0xb8 /usr/lib/gcc/arm-none-eabi/10.3.1/../../../arm-none-eabi/lib/thumb/v7-m/nofp/libg_nano.a(lib_a-fflush.o)
 .debug_ranges  0x0000000000000e60      0x140 /usr/lib/gcc/arm-none-eabi/10.3.1/../../../arm-none-eabi/lib/thumb/v7-m/nofp/libg_nano.a(lib_a-findfp.o)
 .debug_ranges  0x0000000000000fa0       0x18 /usr/lib/gcc/arm-none-eabi/10.3.1/../../../arm-none-eabi/lib/thumb/v7-m/nofp/libg_nano.a(lib_a-nano-freer.o)
 .debug_ranges  0x0000000000000fb8       0x38 /usr/lib/gcc/arm-none-eabi/10.3.1/../../../arm-none-eabi/lib/thumb/v7-m/nofp/libg_nano.a(lib_a-nano-mallocr.o)

.debug_macro    0x0000000000000000     0x6224
 .debug_macro   0x0000000000000000      0x289 ./output/tasks.o
 .debug_macro   0x0000000000000289      0xa60 ./output/tasks.o
 .debug_macro   0x0000000000000ce9       0x18 ./output/tasks.o
 .debug_macro   0x0000000000000d01       0x22 ./output/tasks.o
 .debug_macro   0x0000000000000d23       0x52 ./output/tasks.o
 .debug_macro   0x0000000000000d75       0x94 ./output/tasks.o
 .debug_macro   0x0000000000000e09       0x35 ./output/tasks.o
 .debug_macro   0x0000000000000e3e       0x34 ./output/tasks.o
 .debug_macro   0x0000000000000e72       0x16 ./output/tasks.o
 .debug_macro   0x0000000000000e88      0x10e ./output/tasks.o
 .debug_macro   0x0000000000000f96       0x8d ./output/tasks.o
 .debug_macro   0x0000000000001023       0x16 ./output/tasks.o
 .debug_macro   0x0000000000001039       0x43 ./output/tasks.o
 .debug_macro   0x000000000000107c       0x57 ./output/tasks.o
 .debug_macro   0x00000000000010d3       0x34 ./output/tasks.o
 .debug_macro   0x0000000000001107       0x10 ./output/tasks.o
 .debug_macro   0x0000000000001117       0x52 ./output/tasks.o
 .debug_macro   0x0000000000001169      0x182 ./output/tasks.o
 .debug_macro   0x00000000000012eb      0x333 ./output/tasks.o
 .debug_macro   0x000000000000161e       0x16 ./output/tasks.o
 .debug_macro   0x0000000000001634       0x29 ./output/tasks.o
 .debug_macro   0x000000000000165d       0x16 ./output/tasks.o
 .debug_macro   0x0000000000001673       0x35 ./output/tasks.o
 .debug_macro   0x00000000000016a8      0x34e ./output/tasks.o
 .debug_macro   0x00000000000019f6       0x16 ./output/tasks.o
 .debug_macro   0x0000000000001a0c      0x178 ./output/tasks.o
 .debug_macro   0x0000000000001b84       0x1c ./output/tasks.o
 .debug_macro   0x0000000000001ba0      0x182 ./output/tasks.o
 .debug_macro   0x0000000000001d22       0xe0 ./output/tasks.o
 .debug_macro   0x0000000000001e02       0x3a ./output/tasks.o
 .debug_macro   0x0000000000001e3c       0x1f ./output/tasks.o
 .debug_macro   0x0000000000001e5b       0x12 ./output/tasks.o
 .debug_macro   0x0000000000001e6d      0xfde ./output/tasks.o
 .debug_macro   0x0000000000002e4b       0xca ./output/tasks.o
 .debug_macro   0x0000000000002f15      0x14f ./output/tasks.o
 .debug_macro   0x0000000000003064       0x98 ./output/tasks.o
 .debug_macro   0x00000000000030fc       0x16 ./output/tasks.o
 .debug_macro   0x0000000000003112      0x171 ./output/list.o
 .debug_macro   0x0000000000003283      0x203 ./output/queue.o
 .debug_macro   0x0000000000003486       0x8e ./output/queue.o
 .debug_macro   0x0000000000003514      0x1c0 ./output/timers.o
 .debug_macro   0x00000000000036d4       0x9e ./output/timers.o
 .debug_macro   0x0000000000003772      0x201 ./output/heap_4.o
 .debug_macro   0x0000000000003973      0x162 ./output/port.o
 .debug_macro   0x0000000000003ad5      0x1fa ./output/IntQueue.o
 .debug_macro   0x0000000000003ccf       0xfc ./output/IntQueueTimer.o
 .debug_macro   0x0000000000003dcb       0x22 ./output/IntQueueTimer.o
 .debug_macro   0x0000000000003ded       0x1c ./output/IntQueueTimer.o
 .debug_macro   0x0000000000003e09       0x22 ./output/IntQueueTimer.o
 .debug_macro   0x0000000000003e2b       0xd6 ./output/IntQueueTimer.o
 .debug_macro   0x0000000000003f01      0xe2d ./output/IntQueueTimer.o
 .debug_macro   0x0000000000004d2e      0x11f ./output/IntQueueTimer.o
 .debug_macro   0x0000000000004e4d      0x7b3 ./output/IntQueueTimer.o
 .debug_macro   0x0000000000005600      0x4a6 ./output/IntQueueTimer.o
 .debug_macro   0x0000000000005aa6      0x265 ./output/main.o
 .debug_macro   0x0000000000005d0b      0x256 ./output/main_blinky.o
 .debug_macro   0x0000000000005f61       0x94 ./output/main_blinky.o
 .debug_macro   0x0000000000005ff5      0x199 ./output/startup_gcc.o
 .debug_macro   0x000000000000618e       0x3e ./output/printf-stdarg.o
 .debug_macro   0x00000000000061cc       0x58 ./output/printf-stdarg.o

.debug_line     0x0000000000000000     0xbc78
 .debug_line    0x0000000000000000     0x2f78 ./output/tasks.o
 .debug_line    0x0000000000002f78      0x514 ./output/list.o
 .debug_line    0x000000000000348c     0x20ef ./output/queue.o
 .debug_line    0x000000000000557b      0xf6a ./output/timers.o
 .debug_line    0x00000000000064e5      0x8a7 ./output/heap_4.o
 .debug_line    0x0000000000006d8c      0x59c ./output/port.o
 .debug_line    0x0000000000007328      0xdd1 ./output/IntQueue.o
 .debug_line    0x00000000000080f9      0x3b1 ./output/IntQueueTimer.o
 .debug_line    0x00000000000084aa      0x586 ./output/main.o
 .debug_line    0x0000000000008a30      0x430 ./output/main_blinky.o
 .debug_line    0x0000000000008e60      0x2da ./output/startup_gcc.o
 .debug_line    0x000000000000913a      0x52f ./output/printf-stdarg.o
 .debug_line    0x0000000000009669      0x494 /usr/lib/gcc/arm-none-eabi/10.3.1/../../../arm-none-eabi/lib/thumb/v7-m/nofp/libg_nano.a(lib_a-fflush.o)
 .debug_line    0x0000000000009afd      0x5ab /usr/lib/gcc/arm-none-eabi/10.3.1/../../../arm-none-eabi/lib/thumb/v7-m/nofp/libg_nano.a(lib_a-findfp.o)
 .debug_line    0x000000000000a0a8      0x27a /usr/lib/gcc/arm-none-eabi/10.3.1/../../../arm-none-eabi/lib/thumb/v7-m/nofp/libg_nano.a(lib_a-fwalk.o)
 .debug_line    0x000000000000a322       0xe4 /usr/lib/gcc/arm-none-eabi/10.3.1/../../../arm-none-eabi/lib/thumb/v7-m/nofp/libg_nano.a(lib_a-impure.o)
 .debug_line    0x000000000000a406       0xc1 /usr/lib/gcc/arm-none-eabi/10.3.1/../../../arm-none-eabi/lib/thumb/v7-m/nofp/libg_nano.a(lib_a-memcpy.o)
 .debug_line    0x000000000000a4c7      0x1bf /usr/lib/gcc/arm-none-eabi/10.3.1/../../../arm-none-eabi/lib/thumb/v7-m/nofp/libg_nano.a(lib_a-memset.o)
 .debug_line    0x000000000000a686      0x2e5 /usr/lib/gcc/arm-none-eabi/10.3.1/../../../arm-none-eabi/lib/thumb/v7-m/nofp/libg_nano.a(lib_a-nano-freer.o)
 .debug_line    0x000000000000a96b      0x2d6 /usr/lib/gcc/arm-none-eabi/10.3.1/../../../arm-none-eabi/lib/thumb/v7-m/nofp/libg_nano.a(lib_a-nano-mallocr.o)
 .debug_line    0x000000000000ac41      0x186 /usr/lib/gcc/arm-none-eabi/10.3.1/../../../arm-none-eabi/lib/thumb/v7-m/nofp/libg_nano.a(lib_a-sbrkr.o)
 .debug_line    0x000000000000adc7      0x231 /usr/lib/gcc/arm-none-eabi/10.3.1/../../../arm-none-eabi/lib/thumb/v7-m/nofp/libg_nano.a(lib_a-stdio.o)
 .debug_line    0x000000000000aff8      0x18d /usr/lib/gcc/arm-none-eabi/10.3.1/../../../arm-none-eabi/lib/thumb/v7-m/nofp/libg_nano.a(lib_a-writer.o)
 .debug_line    0x000000000000b185      0x186 /usr/lib/gcc/arm-none-eabi/10.3.1/../../../arm-none-eabi/lib/thumb/v7-m/nofp/libg_nano.a(lib_a-closer.o)
 .debug_line    0x000000000000b30b      0x18d /usr/lib/gcc/arm-none-eabi/10.3.1/../../../arm-none-eabi/lib/thumb/v7-m/nofp/libg_nano.a(lib_a-lseekr.o)
 .debug_line    0x000000000000b498      0x13e /usr/lib/gcc/arm-none-eabi/10.3.1/../../../arm-none-eabi/lib/thumb/v7-m/nofp/libg_nano.a(lib_a-mlock.o)
 .debug_line    0x000000000000b5d6      0x18c /usr/lib/gcc/arm-none-eabi/10.3.1/../../../arm-none-eabi/lib/thumb/v7-m/nofp/libg_nano.a(lib_a-readr.o)
 .debug_line    0x000000000000b762      0x2c7 /usr/lib/gcc/arm-none-eabi/10.3.1/../../../arm-none-eabi/lib/thumb/v7-m/nofp/libg_nano.a(lib_a-reent.o)
 .debug_line    0x000000000000ba29       0x75 /usr/lib/gcc/arm-none-eabi/10.3.1/../../../arm-none-eabi/lib/thumb/v7-m/nofp/libnosys.a(close.o)
 .debug_line    0x000000000000ba9e       0x76 /usr/lib/gcc/arm-none-eabi/10.3.1/../../../arm-none-eabi/lib/thumb/v7-m/nofp/libnosys.a(lseek.o)
 .debug_line    0x000000000000bb14       0x75 /usr/lib/gcc/arm-none-eabi/10.3.1/../../../arm-none-eabi/lib/thumb/v7-m/nofp/libnosys.a(read.o)
 .debug_line    0x000000000000bb89       0x79 /usr/lib/gcc/arm-none-eabi/10.3.1/../../../arm-none-eabi/lib/thumb/v7-m/nofp/libnosys.a(sbrk.o)
 .debug_line    0x000000000000bc02       0x76 /usr/lib/gcc/arm-none-eabi/10.3.1/../../../arm-none-eabi/lib/thumb/v7-m/nofp/libnosys.a(write.o)

.debug_str      0x0000000000000000    0x242e5
 .debug_str     0x0000000000000000    0x13187 ./output/tasks.o
                                      0x1346c (size before relaxing)
 .debug_str     0x0000000000013187       0x66 ./output/list.o
                                       0xfa43 (size before relaxing)
 .debug_str     0x00000000000131ed     0x14f5 ./output/queue.o
                                      0x126b7 (size before relaxing)
 .debug_str     0x00000000000146e2      0x6c5 ./output/timers.o
                                      0x12a71 (size before relaxing)
 .debug_str     0x0000000000014da7      0x758 ./output/heap_4.o
                                      0x11568 (size before relaxing)
 .debug_str     0x00000000000154ff      0x80f ./output/port.o
                                       0xeba7 (size before relaxing)
 .debug_str     0x0000000000015d0e      0xb1d ./output/IntQueue.o
                                      0x12208 (size before relaxing)
 .debug_str     0x000000000001682b     0xb46e ./output/IntQueueTimer.o
                                      0x1778c (size before relaxing)
 .debug_str     0x0000000000021c99     0x13fa ./output/main.o
                                      0x12270 (size before relaxing)
 .debug_str     0x0000000000023093      0x17f ./output/main_blinky.o
                                      0x13128 (size before relaxing)
 .debug_str     0x0000000000023212      0x3ef ./output/startup_gcc.o
                                       0x7969 (size before relaxing)
 .debug_str     0x0000000000023601      0x1dc ./output/printf-stdarg.o
                                       0x2f15 (size before relaxing)
 .debug_str     0x00000000000237dd      0x1aa /usr/lib/gcc/arm-none-eabi/10.3.1/../../../arm-none-eabi/lib/thumb/v7-m/nofp/libg_nano.a(lib_a-fflush.o)
                                        0x5b6 (size before relaxing)
 .debug_str     0x0000000000023987      0x1d4 /usr/lib/gcc/arm-none-eabi/10.3.1/../../../arm-none-eabi/lib/thumb/v7-m/nofp/libg_nano.a(lib_a-findfp.o)
                                        0x72f (size before relaxing)
 .debug_str     0x0000000000023b5b       0x41 /usr/lib/gcc/arm-none-eabi/10.3.1/../../../arm-none-eabi/lib/thumb/v7-m/nofp/libg_nano.a(lib_a-fwalk.o)
                                        0x51c (size before relaxing)
 .debug_str     0x0000000000023b9c       0x9c /usr/lib/gcc/arm-none-eabi/10.3.1/../../../arm-none-eabi/lib/thumb/v7-m/nofp/libg_nano.a(lib_a-impure.o)
                                        0x556 (size before relaxing)
 .debug_str     0x0000000000023c38       0xb2 /usr/lib/gcc/arm-none-eabi/10.3.1/../../../arm-none-eabi/lib/thumb/v7-m/nofp/libg_nano.a(lib_a-memcpy.o)
 .debug_str     0x0000000000023cea       0xa6 /usr/lib/gcc/arm-none-eabi/10.3.1/../../../arm-none-eabi/lib/thumb/v7-m/nofp/libg_nano.a(lib_a-memset.o)
                                        0x1b8 (size before relaxing)
 .debug_str     0x0000000000023d90      0x112 /usr/lib/gcc/arm-none-eabi/10.3.1/../../../arm-none-eabi/lib/thumb/v7-m/nofp/libg_nano.a(lib_a-nano-freer.o)
                                        0x58d (size before relaxing)
 .debug_str     0x0000000000023ea2       0x46 /usr/lib/gcc/arm-none-eabi/10.3.1/../../../arm-none-eabi/lib/thumb/v7-m/nofp/libg_nano.a(lib_a-nano-mallocr.o)
                                        0x5b8 (size before relaxing)
 .debug_str     0x0000000000023ee8       0x3d /usr/lib/gcc/arm-none-eabi/10.3.1/../../../arm-none-eabi/lib/thumb/v7-m/nofp/libg_nano.a(lib_a-sbrkr.o)
                                        0x50e (size before relaxing)
 .debug_str     0x0000000000023f25       0x92 /usr/lib/gcc/arm-none-eabi/10.3.1/../../../arm-none-eabi/lib/thumb/v7-m/nofp/libg_nano.a(lib_a-stdio.o)
                                        0x56b (size before relaxing)
 .debug_str     0x0000000000023fb7       0x33 /usr/lib/gcc/arm-none-eabi/10.3.1/../../../arm-none-eabi/lib/thumb/v7-m/nofp/libg_nano.a(lib_a-writer.o)
                                        0x50b (size before relaxing)
 .debug_str     0x0000000000023fea       0x33 /usr/lib/gcc/arm-none-eabi/10.3.1/../../../arm-none-eabi/lib/thumb/v7-m/nofp/libg_nano.a(lib_a-closer.o)
                                        0x4fb (size before relaxing)
 .debug_str     0x000000000002401d       0x3a /usr/lib/gcc/arm-none-eabi/10.3.1/../../../arm-none-eabi/lib/thumb/v7-m/nofp/libg_nano.a(lib_a-lseekr.o)
                                        0x509 (size before relaxing)
 .debug_str     0x0000000000024057       0x4c /usr/lib/gcc/arm-none-eabi/10.3.1/../../../arm-none-eabi/lib/thumb/v7-m/nofp/libg_nano.a(lib_a-mlock.o)
                                        0x524 (size before relaxing)
 .debug_str     0x00000000000240a3       0x32 /usr/lib/gcc/arm-none-eabi/10.3.1/../../../arm-none-eabi/lib/thumb/v7-m/nofp/libg_nano.a(lib_a-readr.o)
                                        0x509 (size before relaxing)
 .debug_str     0x00000000000240d5       0x5e /usr/lib/gcc/arm-none-eabi/10.3.1/../../../arm-none-eabi/lib/thumb/v7-m/nofp/libg_nano.a(lib_a-reent.o)
                                        0x536 (size before relaxing)
 .debug_str     0x0000000000024133       0xea /usr/lib/gcc/arm-none-eabi/10.3.1/../../../arm-none-eabi/lib/thumb/v7-m/nofp/libnosys.a(close.o)
                                        0x18c (size before relaxing)
 .debug_str     0x000000000002421d       0x2f /usr/lib/gcc/arm-none-eabi/10.3.1/../../../arm-none-eabi/lib/thumb/v7-m/nofp/libnosys.a(lseek.o)
                                        0x18a (size before relaxing)
 .debug_str     0x000000000002424c       0x2e /usr/lib/gcc/arm-none-eabi/10.3.1/../../../arm-none-eabi/lib/thumb/v7-m/nofp/libnosys.a(read.o)
                                        0x188 (size before relaxing)
 .debug_str     0x000000000002427a       0x3c /usr/lib/gcc/arm-none-eabi/10.3.1/../../../arm-none-eabi/lib/thumb/v7-m/nofp/libnosys.a(sbrk.o)
                                        0x109 (size before relaxing)
 .debug_str     0x00000000000242b6       0x2f /usr/lib/gcc/arm-none-eabi/10.3.1/../../../arm-none-eabi/lib/thumb/v7-m/nofp/libnosys.a(write.o)
                                        0x18a (size before relaxing)

.comment        0x0000000000000000       0x33
 .comment       0x0000000000000000       0x33 ./output/tasks.o
                                         0x34 (size before relaxing)
 .comment       0x0000000000000033       0x34 ./output/list.o
 .comment       0x0000000000000033       0x34 ./output/queue.o
 .comment       0x0000000000000033       0x34 ./output/timers.o
 .comment       0x0000000000000033       0x34 ./output/heap_4.o
 .comment       0x0000000000000033       0x34 ./output/port.o
 .comment       0x0000000000000033       0x34 ./output/IntQueue.o
 .comment       0x0000000000000033       0x34 ./output/IntQueueTimer.o
 .comment       0x0000000000000033       0x34 ./output/main.o
 .comment       0x0000000000000033       0x34 ./output/main_blinky.o
 .comment       0x0000000000000033       0x34 ./output/startup_gcc.o
 .comment       0x0000000000000033       0x34 ./output/printf-stdarg.o
 .comment       0x0000000000000033       0x34 /usr/lib/gcc/arm-none-eabi/10.3.1/../../../arm-none-eabi/lib/thumb/v7-m/nofp/libg_nano.a(lib_a-fflush.o)
 .comment       0x0000000000000033       0x34 /usr/lib/gcc/arm-none-eabi/10.3.1/../../../arm-none-eabi/lib/thumb/v7-m/nofp/libg_nano.a(lib_a-findfp.o)
 .comment       0x0000000000000033       0x34 /usr/lib/gcc/arm-none-eabi/10.3.1/../../../arm-none-eabi/lib/thumb/v7-m/nofp/libg_nano.a(lib_a-fwalk.o)
 .comment       0x0000000000000033       0x34 /usr/lib/gcc/arm-none-eabi/10.3.1/../../../arm-none-eabi/lib/thumb/v7-m/nofp/libg_nano.a(lib_a-impure.o)
 .comment       0x0000000000000033       0x34 /usr/lib/gcc/arm-none-eabi/10.3.1/../../../arm-none-eabi/lib/thumb/v7-m/nofp/libg_nano.a(lib_a-memset.o)
 .comment       0x0000000000000033       0x34 /usr/lib/gcc/arm-none-eabi/10.3.1/../../../arm-none-eabi/lib/thumb/v7-m/nofp/libg_nano.a(lib_a-nano-freer.o)
 .comment       0x0000000000000033       0x34 /usr/lib/gcc/arm-none-eabi/10.3.1/../../../arm-none-eabi/lib/thumb/v7-m/nofp/libg_nano.a(lib_a-nano-mallocr.o)
 .comment       0x0000000000000033       0x34 /usr/lib/gcc/arm-none-eabi/10.3.1/../../../arm-none-eabi/lib/thumb/v7-m/nofp/libg_nano.a(lib_a-sbrkr.o)
 .comment       0x0000000000000033       0x34 /usr/lib/gcc/arm-none-eabi/10.3.1/../../../arm-none-eabi/lib/thumb/v7-m/nofp/libg_nano.a(lib_a-stdio.o)
 .comment       0x0000000000000033       0x34 /usr/lib/gcc/arm-none-eabi/10.3.1/../../../arm-none-eabi/lib/thumb/v7-m/nofp/libg_nano.a(lib_a-writer.o)
 .comment       0x0000000000000033       0x34 /usr/lib/gcc/arm-none-eabi/10.3.1/../../../arm-none-eabi/lib/thumb/v7-m/nofp/libg_nano.a(lib_a-closer.o)
 .comment       0x0000000000000033       0x34 /usr/lib/gcc/arm-none-eabi/10.3.1/../../../arm-none-eabi/lib/thumb/v7-m/nofp/libg_nano.a(lib_a-lseekr.o)
 .comment       0x0000000000000033       0x34 /usr/lib/gcc/arm-none-eabi/10.3.1/../../../arm-none-eabi/lib/thumb/v7-m/nofp/libg_nano.a(lib_a-mlock.o)
 .comment       0x0000000000000033       0x34 /usr/lib/gcc/arm-none-eabi/10.3.1/../../../arm-none-eabi/lib/thumb/v7-m/nofp/libg_nano.a(lib_a-readr.o)
 .comment       0x0000000000000033       0x34 /usr/lib/gcc/arm-none-eabi/10.3.1/../../../arm-none-eabi/lib/thumb/v7-m/nofp/libg_nano.a(lib_a-reent.o)
 .comment       0x0000000000000033       0x34 /usr/lib/gcc/arm-none-eabi/10.3.1/../../../arm-none-eabi/lib/thumb/v7-m/nofp/libnosys.a(close.o)
 .comment       0x0000000000000033       0x34 /usr/lib/gcc/arm-none-eabi/10.3.1/../../../arm-none-eabi/lib/thumb/v7-m/nofp/libnosys.a(lseek.o)
 .comment       0x0000000000000033       0x34 /usr/lib/gcc/arm-none-eabi/10.3.1/../../../arm-none-eabi/lib/thumb/v7-m/nofp/libnosys.a(read.o)
 .comment       0x0000000000000033       0x34 /usr/lib/gcc/arm-none-eabi/10.3.1/../../../arm-none-eabi/lib/thumb/v7-m/nofp/libnosys.a(sbrk.o)
 .comment       0x0000000000000033       0x34 /usr/lib/gcc/arm-none-eabi/10.3.1/../../../arm-none-eabi/lib/thumb/v7-m/nofp/libnosys.a(write.o)

.ARM.attributes
                0x0000000000000000       0x2b
 .ARM.attributes
                0x0000000000000000       0x2d ./output/tasks.o
 .ARM.attributes
                0x000000000000002d       0x2d ./output/list.o
 .ARM.attributes
                0x000000000000005a       0x2d ./output/queue.o
 .ARM.attributes
                0x0000000000000087       0x2d ./output/timers.o
 .ARM.attributes
                0x00000000000000b4       0x2d ./output/heap_4.o
 .ARM.attributes
                0x00000000000000e1       0x2d ./output/port.o
 .ARM.attributes
                0x000000000000010e       0x2d ./output/IntQueue.o
 .ARM.attributes
                0x000000000000013b       0x2d ./output/IntQueueTimer.o
 .ARM.attributes
                0x0000000000000168       0x2d ./output/main.o
 .ARM.attributes
                0x0000000000000195       0x2d ./output/main_blinky.o
 .ARM.attributes
                0x00000000000001c2       0x2d ./output/startup_gcc.o
 .ARM.attributes
                0x00000000000001ef       0x2d ./output/printf-stdarg.o
 .ARM.attributes
                0x000000000000021c       0x2d /usr/lib/gcc/arm-none-eabi/10.3.1/../../../arm-none-eabi/lib/thumb/v7-m/nofp/libg_nano.a(lib_a-fflush.o)
 .ARM.attributes
                0x0000000000000249       0x2d /usr/lib/gcc/arm-none-eabi/10.3.1/../../../arm-none-eabi/lib/thumb/v7-m/nofp/libg_nano.a(lib_a-findfp.o)
 .ARM.attributes
                0x0000000000000276       0x2d /usr/lib/gcc/arm-none-eabi/10.3.1/../../../arm-none-eabi/lib/thumb/v7-m/nofp/libg_nano.a(lib_a-fwalk.o)
 .ARM.attributes
                0x00000000000002a3       0x2d /usr/lib/gcc/arm-none-eabi/10.3.1/../../../arm-none-eabi/lib/thumb/v7-m/nofp/libg_nano.a(lib_a-impure.o)
 .ARM.attributes
                0x00000000000002d0       0x1b /usr/lib/gcc/arm-none-eabi/10.3.1/../../../arm-none-eabi/lib/thumb/v7-m/nofp/libg_nano.a(lib_a-memcpy.o)
 .ARM.attributes
                0x00000000000002eb       0x2d /usr/lib/gcc/arm-none-eabi/10.3.1/../../../arm-none-eabi/lib/thumb/v7-m/nofp/libg_nano.a(lib_a-memset.o)
 .ARM.attributes
                0x0000000000000318       0x2d /usr/lib/gcc/arm-none-eabi/10.3.1/../../../arm-none-eabi/lib/thumb/v7-m/nofp/libg_nano.a(lib_a-nano-freer.o)
 .ARM.attributes
                0x0000000000000345       0x2d /usr/lib/gcc/arm-none-eabi/10.3.1/../../../arm-none-eabi/lib/thumb/v7-m/nofp/libg_nano.a(lib_a-nano-mallocr.o)
 .ARM.attributes
                0x0000000000000372       0x2d /usr/lib/gcc/arm-none-eabi/10.3.1/../../../arm-none-eabi/lib/thumb/v7-m/nofp/libg_nano.a(lib_a-sbrkr.o)
 .ARM.attributes
                0x000000000000039f       0x2d /usr/lib/gcc/arm-none-eabi/10.3.1/../../../arm-none-eabi/lib/thumb/v7-m/nofp/libg_nano.a(lib_a-stdio.o)
 .ARM.attributes
                0x00000000000003cc       0x2d /usr/lib/gcc/arm-none-eabi/10.3.1/../../../arm-none-eabi/lib/thumb/v7-m/nofp/libg_nano.a(lib_a-writer.o)
 .ARM.attributes
                0x00000000000003f9       0x2d /usr/lib/gcc/arm-none-eabi/10.3.1/../../../arm-none-eabi/lib/thumb/v7-m/nofp/libg_nano.a(lib_a-closer.o)
 .ARM.attributes
                0x0000000000000426       0x2d /usr/lib/gcc/arm-none-eabi/10.3.1/../../../arm-none-eabi/lib/thumb/v7-m/nofp/libg_nano.a(lib_a-lseekr.o)
 .ARM.attributes
                0x0000000000000453       0x2d /usr/lib/gcc/arm-none-eabi/10.3.1/../../../arm-none-eabi/lib/thumb/v7-m/nofp/libg_nano.a(lib_a-mlock.o)
 .ARM.attributes
                0x0000000000000480       0x2d /usr/lib/gcc/arm-none-eabi/10.3.1/../../../arm-none-eabi/lib/thumb/v7-m/nofp/libg_nano.a(lib_a-readr.o)
 .ARM.attributes
                0x00000000000004ad       0x2d /usr/lib/gcc/arm-none-eabi/10.3.1/../../../arm-none-eabi/lib/thumb/v7-m/nofp/libg_nano.a(lib_a-reent.o)
 .ARM.attributes
                0x00000000000004da       0x2d /usr/lib/gcc/arm-none-eabi/10.3.1/../../../arm-none-eabi/lib/thumb/v7-m/nofp/libnosys.a(close.o)
 .ARM.attributes
                0x0000000000000507       0x2d /usr/lib/gcc/arm-none-eabi/10.3.1/../../../arm-none-eabi/lib/thumb/v7-m/nofp/libnosys.a(lseek.o)
 .ARM.attributes
                0x0000000000000534       0x2d /usr/lib/gcc/arm-none-eabi/10.3.1/../../../arm-none-eabi/lib/thumb/v7-m/nofp/libnosys.a(read.o)
 .ARM.attributes
                0x0000000000000561       0x2d /usr/lib/gcc/arm-none-eabi/10.3.1/../../../arm-none-eabi/lib/thumb/v7-m/nofp/libnosys.a(sbrk.o)
 .ARM.attributes
                0x000000000000058e       0x2d /usr/lib/gcc/arm-none-eabi/10.3.1/../../../arm-none-eabi/lib/thumb/v7-m/nofp/libnosys.a(write.o)

.debug_frame    0x0000000000000000     0x1b94
 .debug_frame   0x0000000000000000      0x72c ./output/tasks.o
 .debug_frame   0x000000000000072c       0x84 ./output/list.o
 .debug_frame   0x00000000000007b0      0x4cc ./output/queue.o
 .debug_frame   0x0000000000000c7c      0x2fc ./output/timers.o
 .debug_frame   0x0000000000000f78       0xfc ./output/heap_4.o
 .debug_frame   0x0000000000001074      0x108 ./output/port.o
 .debug_frame   0x000000000000117c      0x164 ./output/IntQueue.o
 .debug_frame   0x00000000000012e0       0x50 ./output/IntQueueTimer.o
 .debug_frame   0x0000000000001330       0xf0 ./output/main.o
 .debug_frame   0x0000000000001420       0x88 ./output/main_blinky.o
 .debug_frame   0x00000000000014a8       0x58 ./output/startup_gcc.o
 .debug_frame   0x0000000000001500      0x130 ./output/printf-stdarg.o
 .debug_frame   0x0000000000001630       0x88 /usr/lib/gcc/arm-none-eabi/10.3.1/../../../arm-none-eabi/lib/thumb/v7-m/nofp/libg_nano.a(lib_a-fflush.o)
 .debug_frame   0x00000000000016b8      0x120 /usr/lib/gcc/arm-none-eabi/10.3.1/../../../arm-none-eabi/lib/thumb/v7-m/nofp/libg_nano.a(lib_a-findfp.o)
 .debug_frame   0x00000000000017d8       0x54 /usr/lib/gcc/arm-none-eabi/10.3.1/../../../arm-none-eabi/lib/thumb/v7-m/nofp/libg_nano.a(lib_a-fwalk.o)
 .debug_frame   0x000000000000182c       0x2c /usr/lib/gcc/arm-none-eabi/10.3.1/../../../arm-none-eabi/lib/thumb/v7-m/nofp/libg_nano.a(lib_a-memset.o)
 .debug_frame   0x0000000000001858       0x64 /usr/lib/gcc/arm-none-eabi/10.3.1/../../../arm-none-eabi/lib/thumb/v7-m/nofp/libg_nano.a(lib_a-nano-freer.o)
 .debug_frame   0x00000000000018bc       0x30 /usr/lib/gcc/arm-none-eabi/10.3.1/../../../arm-none-eabi/lib/thumb/v7-m/nofp/libg_nano.a(lib_a-nano-mallocr.o)
 .debug_frame   0x00000000000018ec       0x2c /usr/lib/gcc/arm-none-eabi/10.3.1/../../../arm-none-eabi/lib/thumb/v7-m/nofp/libg_nano.a(lib_a-sbrkr.o)
 .debug_frame   0x0000000000001918       0x8c /usr/lib/gcc/arm-none-eabi/10.3.1/../../../arm-none-eabi/lib/thumb/v7-m/nofp/libg_nano.a(lib_a-stdio.o)
 .debug_frame   0x00000000000019a4       0x2c /usr/lib/gcc/arm-none-eabi/10.3.1/../../../arm-none-eabi/lib/thumb/v7-m/nofp/libg_nano.a(lib_a-writer.o)
 .debug_frame   0x00000000000019d0       0x2c /usr/lib/gcc/arm-none-eabi/10.3.1/../../../arm-none-eabi/lib/thumb/v7-m/nofp/libg_nano.a(lib_a-closer.o)
 .debug_frame   0x00000000000019fc       0x2c /usr/lib/gcc/arm-none-eabi/10.3.1/../../../arm-none-eabi/lib/thumb/v7-m/nofp/libg_nano.a(lib_a-lseekr.o)
 .debug_frame   0x0000000000001a28       0x30 /usr/lib/gcc/arm-none-eabi/10.3.1/../../../arm-none-eabi/lib/thumb/v7-m/nofp/libg_nano.a(lib_a-mlock.o)
 .debug_frame   0x0000000000001a58       0x2c /usr/lib/gcc/arm-none-eabi/10.3.1/../../../arm-none-eabi/lib/thumb/v7-m/nofp/libg_nano.a(lib_a-readr.o)
 .debug_frame   0x0000000000001a84       0x70 /usr/lib/gcc/arm-none-eabi/10.3.1/../../../arm-none-eabi/lib/thumb/v7-m/nofp/libg_nano.a(lib_a-reent.o)
 .debug_frame   0x0000000000001af4       0x20 /usr/lib/gcc/arm-none-eabi/10.3.1/../../../arm-none-eabi/lib/thumb/v7-m/nofp/libnosys.a(close.o)
 .debug_frame   0x0000000000001b14       0x20 /usr/lib/gcc/arm-none-eabi/10.3.1/../../../arm-none-eabi/lib/thumb/v7-m/nofp/libnosys.a(lseek.o)
 .debug_frame   0x0000000000001b34       0x20 /usr/lib/gcc/arm-none-eabi/10.3.1/../../../arm-none-eabi/lib/thumb/v7-m/nofp/libnosys.a(read.o)
 .debug_frame   0x0000000000001b54       0x20 /usr/lib/gcc/arm-none-eabi/10.3.1/../../../arm-none-eabi/lib/thumb/v7-m/nofp/libnosys.a(sbrk.o)
 .debug_frame   0x0000000000001b74       0x20 /usr/lib/gcc/arm-none-eabi/10.3.1/../../../arm-none-eabi/lib/thumb/v7-m/nofp/libnosys.a(write.o)

.stab           0x0000000000000000       0x6c
 .stab          0x0000000000000000       0x24 /usr/lib/gcc/arm-none-eabi/10.3.1/../../../arm-none-eabi/lib/thumb/v7-m/nofp/libnosys.a(close.o)
 .stab          0x0000000000000024       0x18 /usr/lib/gcc/arm-none-eabi/10.3.1/../../../arm-none-eabi/lib/thumb/v7-m/nofp/libnosys.a(lseek.o)
                                         0x24 (size before relaxing)
 .stab          0x000000000000003c       0x18 /usr/lib/gcc/arm-none-eabi/10.3.1/../../../arm-none-eabi/lib/thumb/v7-m/nofp/libnosys.a(read.o)
                                         0x24 (size before relaxing)
 .stab          0x0000000000000054       0x18 /usr/lib/gcc/arm-none-eabi/10.3.1/../../../arm-none-eabi/lib/thumb/v7-m/nofp/libnosys.a(write.o)
                                         0x24 (size before relaxing)

.stabstr        0x0000000000000000       0xdf
 .stabstr       0x0000000000000000       0xdf /usr/lib/gcc/arm-none-eabi/10.3.1/../../../arm-none-eabi/lib/thumb/v7-m/nofp/libnosys.a(close.o)
