Archive member included to satisfy reference by file (symbol)

/usr/lib/gcc/arm-none-eabi/10.3.1/../../../arm-none-eabi/lib/thumb/v7-m/nofp/libg_nano.a(lib_a-fflush.o)
                              ./output/startup_gcc.o (fflush)
/usr/lib/gcc/arm-none-eabi/10.3.1/../../../arm-none-eabi/lib/thumb/v7-m/nofp/libg_nano.a(lib_a-findfp.o)
                              /usr/lib/gcc/arm-none-eabi/10.3.1/../../../arm-none-eabi/lib/thumb/v7-m/nofp/libg_nano.a(lib_a-fflush.o) (__sinit)
/usr/lib/gcc/arm-none-eabi/10.3.1/../../../arm-none-eabi/lib/thumb/v7-m/nofp/libg_nano.a(lib_a-fwalk.o)
                              /usr/lib/gcc/arm-none-eabi/10.3.1/../../../arm-none-eabi/lib/thumb/v7-m/nofp/libg_nano.a(lib_a-findfp.o) (_fwalk)
/usr/lib/gcc/arm-none-eabi/10.3.1/../../../arm-none-eabi/lib/thumb/v7-m/nofp/libg_nano.a(lib_a-impure.o)
                              /usr/lib/gcc/arm-none-eabi/10.3.1/../../../arm-none-eabi/lib/thumb/v7-m/nofp/libg_nano.a(lib_a-fflush.o) (_global_impure_ptr)
/usr/lib/gcc/arm-none-eabi/10.3.1/../../../arm-none-eabi/lib/thumb/v7-m/nofp/libg_nano.a(lib_a-memcmp.o)
                              ./output/MessageBufferDemo.o (memcmp)
/usr/lib/gcc/arm-none-eabi/10.3.1/../../../arm-none-eabi/lib/thumb/v7-m/nofp/libg_nano.a(lib_a-memcpy.o)
                              ./output/queue.o (memcpy)
/usr/lib/gcc/arm-none-eabi/10.3.1/../../../arm-none-eabi/lib/thumb/v7-m/nofp/libg_nano.a(lib_a-memset.o)
                              ./output/tasks.o (memset)
/usr/lib/gcc/arm-none-eabi/10.3.1/../../../arm-none-eabi/lib/thumb/v7-m/nofp/libg_nano.a(lib_a-nano-freer.o)
                              /usr/lib/gcc/arm-none-eabi/10.3.1/../../../arm-none-eabi/lib/thumb/v7-m/nofp/libg_nano.a(lib_a-fflush.o) (_free_r)
/usr/lib/gcc/arm-none-eabi/10.3.1/../../../arm-none-eabi/lib/thumb/v7-m/nofp/libg_nano.a(lib_a-nano-mallocr.o)
                              /usr/lib/gcc/arm-none-eabi/10.3.1/../../../arm-none-eabi/lib/thumb/v7-m/nofp/libg_nano.a(lib_a-findfp.o) (_malloc_r)
/usr/lib/gcc/arm-none-eabi/10.3.1/../../../arm-none-eabi/lib/thumb/v7-m/nofp/libg_nano.a(lib_a-sbrkr.o)
                              /usr/lib/gcc/arm-none-eabi/10.3.1/../../../arm-none-eabi/lib/thumb/v7-m/nofp/libg_nano.a(lib_a-nano-mallocr.o) (_sbrk_r)
/usr/lib/gcc/arm-none-eabi/10.3.1/../../../arm-none-eabi/lib/thumb/v7-m/nofp/libg_nano.a(lib_a-stdio.o)
                              /usr/lib/gcc/arm-none-eabi/10.3.1/../../../arm-none-eabi/lib/thumb/v7-m/nofp/libg_nano.a(lib_a-findfp.o) (__sread)
/usr/lib/gcc/arm-none-eabi/10.3.1/../../../arm-none-eabi/lib/thumb/v7-m/nofp/libg_nano.a(lib_a-strcmp.o)
                              ./output/MessageBufferAMP.o (strcmp)
/usr/lib/gcc/arm-none-eabi/10.3.1/../../../arm-none-eabi/lib/thumb/v7-m/nofp/libg_nano.a(lib_a-strlen-stub.o)
                              ./output/tasks.o (strlen)
/usr/lib/gcc/arm-none-eabi/10.3.1/../../../arm-none-eabi/lib/thumb/v7-m/nofp/libg_nano.a(lib_a-writer.o)
                              /usr/lib/gcc/arm-none-eabi/10.3.1/../../../arm-none-eabi/lib/thumb/v7-m/nofp/libg_nano.a(lib_a-stdio.o) (_write_r)
/usr/lib/gcc/arm-none-eabi/10.3.1/../../../arm-none-eabi/lib/thumb/v7-m/nofp/libg_nano.a(lib_a-closer.o)
                              /usr/lib/gcc/arm-none-eabi/10.3.1/../../../arm-none-eabi/lib/thumb/v7-m/nofp/libg_nano.a(lib_a-stdio.o) (_close_r)
/usr/lib/gcc/arm-none-eabi/10.3.1/../../../arm-none-eabi/lib/thumb/v7-m/nofp/libg_nano.a(lib_a-lseekr.o)
                              /usr/lib/gcc/arm-none-eabi/10.3.1/../../../arm-none-eabi/lib/thumb/v7-m/nofp/libg_nano.a(lib_a-stdio.o) (_lseek_r)
/usr/lib/gcc/arm-none-eabi/10.3.1/../../../arm-none-eabi/lib/thumb/v7-m/nofp/libg_nano.a(lib_a-mlock.o)
                              /usr/lib/gcc/arm-none-eabi/10.3.1/../../../arm-none-eabi/lib/thumb/v7-m/nofp/libg_nano.a(lib_a-nano-freer.o) (__malloc_lock)
/usr/lib/gcc/arm-none-eabi/10.3.1/../../../arm-none-eabi/lib/thumb/v7-m/nofp/libg_nano.a(lib_a-readr.o)
                              /usr/lib/gcc/arm-none-eabi/10.3.1/../../../arm-none-eabi/lib/thumb/v7-m/nofp/libg_nano.a(lib_a-stdio.o) (_read_r)
/usr/lib/gcc/arm-none-eabi/10.3.1/../../../arm-none-eabi/lib/thumb/v7-m/nofp/libg_nano.a(lib_a-reent.o)
                              /usr/lib/gcc/arm-none-eabi/10.3.1/../../../arm-none-eabi/lib/thumb/v7-m/nofp/libg_nano.a(lib_a-sbrkr.o) (errno)
/usr/lib/gcc/arm-none-eabi/10.3.1/../../../arm-none-eabi/lib/thumb/v7-m/nofp/libnosys.a(close.o)
                              /usr/lib/gcc/arm-none-eabi/10.3.1/../../../arm-none-eabi/lib/thumb/v7-m/nofp/libg_nano.a(lib_a-closer.o) (_close)
/usr/lib/gcc/arm-none-eabi/10.3.1/../../../arm-none-eabi/lib/thumb/v7-m/nofp/libnosys.a(lseek.o)
                              /usr/lib/gcc/arm-none-eabi/10.3.1/../../../arm-none-eabi/lib/thumb/v7-m/nofp/libg_nano.a(lib_a-lseekr.o) (_lseek)
/usr/lib/gcc/arm-none-eabi/10.3.1/../../../arm-none-eabi/lib/thumb/v7-m/nofp/libnosys.a(read.o)
[...]
Memory Configuration

Name             Origin             Length             Attributes
FLASH            0x0000000000000000 0x0000000000400000 xr
RAM              0x0000000020000000 0x0000000000400000 rw
*default*        0x0000000000000000 0xffffffffffffffff

Linker script and memory map

LOAD ./output/tasks.o
LOAD ./output/list.o
LOAD ./output/queue.o
LOAD ./output/timers.o
LOAD ./output/event_groups.o
LOAD ./output/stream_buffer.o
LOAD ./output/heap_4.o
LOAD ./output/port.o
LOAD ./output/AbortDelay.o
LOAD ./output/BlockQ.o
LOAD ./output/blocktim.o
LOAD ./output/countsem.o
LOAD ./output/death.o
LOAD ./output/dynamic.o
LOAD ./output/EventGroupsDemo.o
LOAD ./output/GenQTest.o
LOAD ./output/integer.o
LOAD ./output/IntQueue.o
LOAD ./output/IntQueueTimer.o
LOAD ./output/IntSemTest.o
LOAD ./output/MessageBufferAMP.o
LOAD ./output/MessageBufferDemo.o
LOAD ./output/PollQ.o
LOAD ./output/QPeek.o
LOAD ./output/QueueOverwrite.o
LOAD ./output/QueueSet.o
LOAD ./output/QueueSetPolling.o
LOAD ./output/recmutex.o
LOAD ./output/semtest.o
LOAD ./output/StaticAllocation.o
LOAD ./output/StreamBufferDemo.o
LOAD ./output/StreamBufferInterrupt.o
LOAD ./output/TaskNotify.o
LOAD ./output/TaskNotifyArray.o
LOAD ./output/TimerDemo.o
LOAD ./output/main.o
LOAD ./output/main_full.o
LOAD ./output/main_test.o
LOAD ./output/startup_gcc.o
LOAD ./output/RegTest.o
LOAD ./output/printf-stdarg.o
START GROUP
LOAD /usr/lib/gcc/arm-none-eabi/10.3.1/thumb/v7-m/nofp/libgcc.a
LOAD /usr/lib/gcc/arm-none-eabi/10.3.1/../../../arm-none-eabi/lib/thumb/v7-m/nofp/libg_nano.a
LOAD /usr/lib/gcc/arm-none-eabi/10.3.1/../../../arm-none-eabi/lib/thumb/v7-m/nofp/libc_nano.a
END GROUP
START GROUP
LOAD /usr/lib/gcc/arm-none-eabi/10.3.1/thumb/v7-m/nofp/libgcc.a
LOAD /usr/lib/gcc/arm-none-eabi/10.3.1/../../../arm-none-eabi/lib/thumb/v7-m/nofp/libc_nano.a
LOAD /usr/lib/gcc/arm-none-eabi/10.3.1/../../../arm-none-eabi/lib/thumb/v7-m/nofp/libnosys.a
END GROUP
START GROUP
LOAD /usr/lib/gcc/arm-none-eabi/10.3.1/thumb/v7-m/nofp/libgcc.a
LOAD /usr/lib/gcc/arm-none-eabi/10.3.1/../../../arm-none-eabi/lib/thumb/v7-m/nofp/libc_nano.a
LOAD /usr/lib/gcc/arm-none-eabi/10.3.1/../../../arm-none-eabi/lib/thumb/v7-m/nofp/libnosys.a
END GROUP
                0x0000000000000008                _Min_Heap_Size = 0x8
                0x0000000000000400                _Min_Stack_Size = 0x400
                0x0000000020400000                _estack = (ORIGIN (RAM) + LENGTH (RAM))

.isr_vector     0x0000000000000000       0x78
                0x0000000000000000                __vector_table = .
 *(.isr_vector)
 .isr_vector    0x0000000000000000       0x78 ./output/startup_gcc.o
                0x0000000000000000                isr_vector
                0x0000000000000078                . = ALIGN (0x4)

.text           0x0000000000000078      0xe2c
 *(.text)
 .text          0x0000000000000078      0x1dc /usr/lib/gcc/arm-none-eabi/10.3.1/../../../arm-none-eabi/lib/thumb/v7-m/nofp/libg_nano.a(lib_a-fflush.o)
                0x0000000000000078                __sflush_r
                0x0000000000000180                _fflush_r
                0x00000000000001d4                fflush
 .text          0x0000000000000254      0x230 /usr/lib/gcc/arm-none-eabi/10.3.1/../../../arm-none-eabi/lib/thumb/v7-m/nofp/libg_nano.a(lib_a-findfp.o)
                0x0000000000000258                _cleanup_r
                0x0000000000000268                __sfmoreglue
                0x0000000000000298                __sfp
                0x0000000000000430                _cleanup
                0x0000000000000444                __sinit
                0x000000000000044c                __sfp_lock_acquire
                0x0000000000000450                __sfp_lock_release
                0x0000000000000454                __sinit_lock_acquire
                0x0000000000000458                __sinit_lock_release
                0x000000000000045c                __fp_lock_all
                0x0000000000000470                __fp_unlock_all
 .text          0x0000000000000484       0x88 /usr/lib/gcc/arm-none-eabi/10.3.1/../../../arm-none-eabi/lib/thumb/v7-m/nofp/libg_nano.a(lib_a-fwalk.o)
                0x0000000000000484                _fwalk
                0x00000000000004c4                _fwalk_reent
 .text          0x000000000000050c       0xec /usr/lib/gcc/arm-none-eabi/10.3.1/../../../arm-none-eabi/lib/thumb/v7-m/nofp/libg_nano.a(lib_a-memcpy.o)
                0x000000000000050c                memcpy
 .text          0x00000000000005f8       0xa4 /usr/lib/gcc/arm-none-eabi/10.3.1/../../../arm-none-eabi/lib/thumb/v7-m/nofp/libg_nano.a(lib_a-memset.o)
                0x00000000000005f8                memset
 .text          0x000000000000069c       0xcc /usr/lib/gcc/arm-none-eabi/10.3.1/../../../arm-none-eabi/lib/thumb/v7-m/nofp/libg_nano.a(lib_a-nano-freer.o)
                0x000000000000069c                _free_r
 .text          0x0000000000000768       0xb8 /usr/lib/gcc/arm-none-eabi/10.3.1/../../../arm-none-eabi/lib/thumb/v7-m/nofp/libg_nano.a(lib_a-nano-mallocr.o)
                0x0000000000000768                _malloc_r
 .text          0x0000000000000820       0x24 /usr/lib/gcc/arm-none-eabi/10.3.1/../../../arm-none-eabi/lib/thumb/v7-m/nofp/libg_nano.a(lib_a-sbrkr.o)
                0x0000000000000820                _sbrk_r
 .text          0x0000000000000844       0x90 /usr/lib/gcc/arm-none-eabi/10.3.1/../../../arm-none-eabi/lib/thumb/v7-m/nofp/libg_nano.a(lib_a-stdio.o)
                0x0000000000000844                __sread
                0x0000000000000868                __seofread
                0x000000000000086c                __swrite
                0x00000000000008ac                __sseek
                0x00000000000008cc                __sclose
 .text          0x00000000000008d4       0x5c /usr/lib/gcc/arm-none-eabi/10.3.1/../../../arm-none-eabi/lib/thumb/v7-m/nofp/libg_nano.a(lib_a-strlen-stub.o)
                0x00000000000008d4                strlen
 .text          0x0000000000000930       0x2c /usr/lib/gcc/arm-none-eabi/10.3.1/../../../arm-none-eabi/lib/thumb/v7-m/nofp/libg_nano.a(lib_a-writer.o)
                0x0000000000000930                _write_r
 .text          0x000000000000095c       0x24 /usr/lib/gcc/arm-none-eabi/10.3.1/../../../arm-none-eabi/lib/thumb/v7-m/nofp/libg_nano.a(lib_a-closer.o)
                0x000000000000095c                _close_r
 .text          0x0000000000000980       0x2c /usr/lib/gcc/arm-none-eabi/10.3.1/../../../arm-none-eabi/lib/thumb/v7-m/nofp/libg_nano.a(lib_a-lseekr.o)
                0x0000000000000980                _lseek_r
 .text          0x00000000000009ac        0x8 /usr/lib/gcc/arm-none-eabi/10.3.1/../../../arm-none-eabi/lib/thumb/v7-m/nofp/libg_nano.a(lib_a-mlock.o)
                0x00000000000009ac                __malloc_lock
                0x00000000000009b0                __malloc_unlock
 .text          0x00000000000009b4       0x2c /usr/lib/gcc/arm-none-eabi/10.3.1/../../../arm-none-eabi/lib/thumb/v7-m/nofp/libg_nano.a(lib_a-readr.o)
                0x00000000000009b4                _read_r
 .text          0x00000000000009e0       0x10 /usr/lib/gcc/arm-none-eabi/10.3.1/../../../arm-none-eabi/lib/thumb/v7-m/nofp/libnosys.a(close.o)
                0x00000000000009e0                _close
 .text          0x00000000000009f0       0x10 /usr/lib/gcc/arm-none-eabi/10.3.1/../../../arm-none-eabi/lib/thumb/v7-m/nofp/libnosys.a(lseek.o)
                0x00000000000009f0                _lseek
 .text          0x0000000000000a00       0x10 /usr/lib/gcc/arm-none-eabi/10.3.1/../../../arm-none-eabi/lib/thumb/v7-m/nofp/libnosys.a(read.o)
                0x0000000000000a00                _read
 .text          0x0000000000000a10       0x1c /usr/lib/gcc/arm-none-eabi/10.3.1/../../../arm-none-eabi/lib/thumb/v7-m/nofp/libnosys.a(sbrk.o)
                0x0000000000000a10                _sbrk
 .text          0x0000000000000a2c       0x10 /usr/lib/gcc/arm-none-eabi/10.3.1/../../../arm-none-eabi/lib/thumb/v7-m/nofp/libnosys.a(write.o)
                0x0000000000000a2c                _write
 *(.rodata*)
 .rodata.prvAddNewTaskToReadyList.str1.1
                0x0000000000000a3c       0x81 ./output/tasks.o
 .rodata.prvTaskIsTaskSuspended.str1.1
                0x0000000000000abd       0x1d ./output/tasks.o
 .rodata.vTaskStartScheduler.str1.1
                0x0000000000000ada        0x5 ./output/tasks.o
 .rodata.prvNotifyQueueSetContainer.str1.1
                0x0000000000000adf       0x1d ./output/queue.o
 .rodata.prvCheckForValidListAndQueue.str1.1
                0x0000000000000afc        0x5 ./output/timers.o
 .rodata.prvTimerTask.str1.1
                0x0000000000000b01       0x1e ./output/timers.o
 .rodata.xTimerCreateTimerTask.str1.1
                0x0000000000000b1f        0x8 ./output/timers.o
 .rodata.xEventGroupCreateStatic.str1.1
                0x0000000000000b27       0x24 ./output/event_groups.o
 .rodata.prvWriteBytesToBuffer.str1.1
                0x0000000000000b4b       0x25 ./output/stream_buffer.o
 .rodata.pvPortMalloc.str1.1
                0x0000000000000b70       0x2f ./output/heap_4.o
 .rodata.prvTaskExitError.str1.1
                0x0000000000000b9f       0x31 ./output/port.o
 .rodata.prvSyncTask.str1.1
                0x0000000000000bd0       0x34 ./output/EventGroupsDemo.o
 .rodata.vInterruptMutexMasterTask.str1.1
                0x0000000000000c04       0x2f ./output/IntSemTest.o
 .rodata.prvQueueOverwriteTask.str1.1
                0x0000000000000c33       0x33 ./output/QueueOverwrite.o
 .rodata.prvCheckReceivedValueWithinExpectedRange.str1.1
                0x0000000000000c66       0x2d ./output/QueueSet.o
 .rodata.prvInterruptTriggerLevelTest.str1.1
                0x0000000000000c93        0xb ./output/StreamBufferDemo.o
 .rodata.vBasicStreamBufferSendFromISR.str1.1
                0x0000000000000c9e       0x19 ./output/StreamBufferInterrupt.o
 .rodata.prvNotifiedTask.str1.1
                0x0000000000000cb7       0x45 ./output/TaskNotify.o
 .rodata.prvNotifiedTask.str1.1
                0x0000000000000cfc       0x34 ./output/TaskNotifyArray.o
 .rodata.prvOneShotTimerCallback.str1.1
                0x0000000000000d30       0x2e ./output/TimerDemo.o
 .rodata.vApplicationMallocFailedHook.str1.1
                0x0000000000000d5e       0x14 ./output/main.o
 .rodata.vApplicationStackOverflowHook.str1.1
                0x0000000000000d72       0x1b ./output/main.o
 .rodata.vAssertCalled.str1.1
                0x0000000000000d8d       0x1b ./output/main.o
 .rodata.T3.str1.1
                0x0000000000000da8        0xe ./output/main_test.o
 .rodata.T2.str1.1
                0x0000000000000db6        0xe ./output/main_test.o
 .rodata.T1.str1.1
                0x0000000000000dc4        0xe ./output/main_test.o
 .rodata.main_test.str1.1
                0x0000000000000dd2       0x22 ./output/main_test.o
 .rodata.dT1    0x0000000000000df4        0x4 ./output/main_test.o
                0x0000000000000df4                dT1
 .rodata.dT2    0x0000000000000df8        0x4 ./output/main_test.o
                0x0000000000000df8                dT2
 .rodata.dT3    0x0000000000000dfc        0x4 ./output/main_test.o
                0x0000000000000dfc                dT3
 .rodata.prvGetRegistersFromStack.str1.1
                0x0000000000000e00       0x36 ./output/startup_gcc.o
 .rodata.tiny_print.str1.1
                0x0000000000000e36        0x7 ./output/printf-stdarg.o
 *fill*         0x0000000000000e3d        0x3 
 .rodata        0x0000000000000e40       0x60 /usr/lib/gcc/arm-none-eabi/10.3.1/../../../arm-none-eabi/lib/thumb/v7-m/nofp/libg_nano.a(lib_a-findfp.o)
                0x0000000000000e40                __sf_fake_stderr
                0x0000000000000e60                __sf_fake_stdout
                0x0000000000000e80                __sf_fake_stdin
 .rodata        0x0000000000000ea0        0x4 /usr/lib/gcc/arm-none-eabi/10.3.1/../../../arm-none-eabi/lib/thumb/v7-m/nofp/libg_nano.a(lib_a-impure.o)
                0x0000000000000ea0                _global_impure_ptr
 *(.constdata*)
                0x0000000000000ea4                _etext = .
                0x0000000000000ea4                _sidata = .

.glue_7         0x0000000000000ea4        0x0
 .glue_7        0x0000000000000ea4        0x0 linker stubs

.glue_7t        0x0000000000000ea4        0x0
 .glue_7t       0x0000000000000ea4        0x0 linker stubs

.vfp11_veneer   0x0000000000000ea4        0x0
 .vfp11_veneer  0x0000000000000ea4        0x0 linker stubs

.v4_bx          0x0000000000000ea4        0x0
 .v4_bx         0x0000000000000ea4        0x0 linker stubs

.text.prvAddNewTaskToReadyList
                0x0000000000000ea4      0x15c
 .text.prvAddNewTaskToReadyList
                0x0000000000000ea4      0x15c ./output/tasks.o

.text.prvAddCurrentTaskToDelayedList
                0x0000000000001000       0xb4
 .text.prvAddCurrentTaskToDelayedList
                0x0000000000001000       0xb4 ./output/tasks.o

.text.prvResetNextTaskUnblockTime
                0x00000000000010b4       0x24
 .text.prvResetNextTaskUnblockTime
                0x00000000000010b4       0x24 ./output/tasks.o

.text.prvDeleteTCB
                0x00000000000010d8       0x38
 .text.prvDeleteTCB
                0x00000000000010d8       0x38 ./output/tasks.o

.text.prvCheckTasksWaitingTermination
                0x0000000000001110       0x40
 .text.prvCheckTasksWaitingTermination
                0x0000000000001110       0x40 ./output/tasks.o

.text.prvIdleTask
                0x0000000000001150        0x8
 .text.prvIdleTask
                0x0000000000001150        0x8 ./output/tasks.o

.text.prvInitialiseNewTask.constprop.0
                0x0000000000001158       0xa0
 .text.prvInitialiseNewTask.constprop.0
                0x0000000000001158       0xa0 ./output/tasks.o

.text.xTaskCreateStatic
                0x00000000000011f8       0x8c
 .text.xTaskCreateStatic
                0x00000000000011f8       0x8c ./output/tasks.o
                0x00000000000011f8                xTaskCreateStatic

.text.xTaskCreate
                0x0000000000001284       0x62
 .text.xTaskCreate
                0x0000000000001284       0x62 ./output/tasks.o
                0x0000000000001284                xTaskCreate

.text.vTaskStartScheduler
                0x00000000000012e8       0xa4
 .text.vTaskStartScheduler
                0x00000000000012e8       0xa4 ./output/tasks.o
                0x00000000000012e8                vTaskStartScheduler

.text.vTaskSuspendAll
                0x000000000000138c       0x10
 .text.vTaskSuspendAll
                0x000000000000138c       0x10 ./output/tasks.o
                0x000000000000138c                vTaskSuspendAll

.text.xTaskGetTickCount
                0x000000000000139c        0xc
 .text.xTaskGetTickCount
                0x000000000000139c        0xc ./output/tasks.o
                0x000000000000139c                xTaskGetTickCount

.text.xTaskGetTickCountFromISR
                0x00000000000013a8        0xc
 .text.xTaskGetTickCountFromISR
                0x00000000000013a8        0xc ./output/tasks.o
                0x00000000000013a8                xTaskGetTickCountFromISR

.text.uxTaskGetNumberOfTasks
                0x00000000000013b4        0xc
 .text.uxTaskGetNumberOfTasks
                0x00000000000013b4        0xc ./output/tasks.o
                0x00000000000013b4                uxTaskGetNumberOfTasks

.text.xTaskIncrementTick
                0x00000000000013c0      0x174
 .text.xTaskIncrementTick
                0x00000000000013c0      0x174 ./output/tasks.o
                0x00000000000013c0                xTaskIncrementTick

.text.xTaskResumeAll
                0x0000000000001534      0x13c
 .text.xTaskResumeAll
                0x0000000000001534      0x13c ./output/tasks.o
                0x0000000000001534                xTaskResumeAll

.text.vTaskSwitchContext
                0x0000000000001670       0x8c
 .text.vTaskSwitchContext
                0x0000000000001670       0x8c ./output/tasks.o
                0x0000000000001670                vTaskSwitchContext

.text.vTaskPlaceOnEventList
                0x00000000000016fc       0x34
 .text.vTaskPlaceOnEventList
                0x00000000000016fc       0x34 ./output/tasks.o
                0x00000000000016fc                vTaskPlaceOnEventList

.text.vTaskPlaceOnEventListRestricted
                0x0000000000001730       0x60
 .text.vTaskPlaceOnEventListRestricted
                0x0000000000001730       0x60 ./output/tasks.o
                0x0000000000001730                vTaskPlaceOnEventListRestricted

.text.xTaskRemoveFromEventList
                0x0000000000001790       0xe0
 .text.xTaskRemoveFromEventList
                0x0000000000001790       0xe0 ./output/tasks.o
                0x0000000000001790                xTaskRemoveFromEventList

.text.vTaskRemoveFromUnorderedEventList
                0x0000000000001870       0xc8
 .text.vTaskRemoveFromUnorderedEventList
                0x0000000000001870       0xc8 ./output/tasks.o
                0x0000000000001870                vTaskRemoveFromUnorderedEventList

.text.vTaskInternalSetTimeOutState
                0x0000000000001938       0x18
 .text.vTaskInternalSetTimeOutState
                0x0000000000001938       0x18 ./output/tasks.o
                0x0000000000001938                vTaskInternalSetTimeOutState

.text.xTaskCheckForTimeOut
                0x0000000000001950       0x84
 .text.xTaskCheckForTimeOut
                0x0000000000001950       0x84 ./output/tasks.o
                0x0000000000001950                xTaskCheckForTimeOut

.text.vTaskMissedYield
                0x00000000000019d4        0xc
 .text.vTaskMissedYield
                0x00000000000019d4        0xc ./output/tasks.o
                0x00000000000019d4                vTaskMissedYield

.text.xTaskGetSchedulerState
                0x00000000000019e0       0x20
 .text.xTaskGetSchedulerState
                0x00000000000019e0       0x20 ./output/tasks.o
                0x00000000000019e0                xTaskGetSchedulerState

.text.xTaskPriorityDisinherit
                0x0000000000001a00       0xac
 .text.xTaskPriorityDisinherit
                0x0000000000001a00       0xac ./output/tasks.o
                0x0000000000001a00                xTaskPriorityDisinherit

.text.xTaskGenericNotifyFromISR
                0x0000000000001aac      0x180
 .text.xTaskGenericNotifyFromISR
                0x0000000000001aac      0x180 ./output/tasks.o
                0x0000000000001aac                xTaskGenericNotifyFromISR

.text.vTaskGenericNotifyGiveFromISR
                0x0000000000001c2c      0x118
 .text.vTaskGenericNotifyGiveFromISR
                0x0000000000001c2c      0x118 ./output/tasks.o
                0x0000000000001c2c                vTaskGenericNotifyGiveFromISR

.iplt           0x0000000000001d44        0x0
 .iplt          0x0000000000001d44        0x0 ./output/tasks.o

.text.vListInitialise
                0x0000000000001d44       0x16
 .text.vListInitialise
                0x0000000000001d44       0x16 ./output/list.o
                0x0000000000001d44                vListInitialise

.text.vListInitialiseItem
                0x0000000000001d5a        0x6
 .text.vListInitialiseItem
                0x0000000000001d5a        0x6 ./output/list.o
                0x0000000000001d5a                vListInitialiseItem

.text.vListInsert
                0x0000000000001d60       0x2e
 .text.vListInsert
                0x0000000000001d60       0x2e ./output/list.o
                0x0000000000001d60                vListInsert

.text.uxListRemove
                0x0000000000001d8e       0x1e
 .text.uxListRemove
                0x0000000000001d8e       0x1e ./output/list.o
                0x0000000000001d8e                uxListRemove

.text.vListInsertOverFlow
                0x0000000000001dac       0x40
 .text.vListInsertOverFlow
                0x0000000000001dac       0x40 ./output/list.o
                0x0000000000001dac                vListInsertOverFlow

.text.prvIsQueueEmpty
                0x0000000000001dec       0x16
 .text.prvIsQueueEmpty
                0x0000000000001dec       0x16 ./output/queue.o

.text.prvCopyDataToQueue
                0x0000000000001e02       0x6a
 .text.prvCopyDataToQueue
                0x0000000000001e02       0x6a ./output/queue.o

.text.prvCopyDataFromQueue
                0x0000000000001e6c       0x28
 .text.prvCopyDataFromQueue
                0x0000000000001e6c       0x28 ./output/queue.o

.text.prvNotifyQueueSetContainer
                0x0000000000001e94       0x84
 .text.prvNotifyQueueSetContainer
                0x0000000000001e94       0x84 ./output/queue.o

.text.prvUnlockQueue
                0x0000000000001f18       0x7c
 .text.prvUnlockQueue
                0x0000000000001f18       0x7c ./output/queue.o

.text.xQueueGenericReset
                0x0000000000001f94       0x98
 .text.xQueueGenericReset
                0x0000000000001f94       0x98 ./output/queue.o
                0x0000000000001f94                xQueueGenericReset

.text.xQueueGenericCreateStatic
                0x000000000000202c       0x70
 .text.xQueueGenericCreateStatic
                0x000000000000202c       0x70 ./output/queue.o
                0x000000000000202c                xQueueGenericCreateStatic

.text.xQueueGenericCreate
                0x000000000000209c       0x58
 .text.xQueueGenericCreate
                0x000000000000209c       0x58 ./output/queue.o
                0x000000000000209c                xQueueGenericCreate

.text.xQueueGenericSendFromISR
                0x00000000000020f4       0xe0
 .text.xQueueGenericSendFromISR
                0x00000000000020f4       0xe0 ./output/queue.o
                0x00000000000020f4                xQueueGenericSendFromISR

.text.xQueueGiveFromISR
                0x00000000000021d4       0xb4
 .text.xQueueGiveFromISR
                0x00000000000021d4       0xb4 ./output/queue.o
                0x00000000000021d4                xQueueGiveFromISR

.text.xQueueReceive
                0x0000000000002288      0x124
 .text.xQueueReceive
                0x0000000000002288      0x124 ./output/queue.o
                0x0000000000002288                xQueueReceive

.text.xQueueReceiveFromISR
                0x00000000000023ac       0xa8
 .text.xQueueReceiveFromISR
                0x00000000000023ac       0xa8 ./output/queue.o
                0x00000000000023ac                xQueueReceiveFromISR

.text.xQueuePeekFromISR
                0x0000000000002454       0x64
 .text.xQueuePeekFromISR
                0x0000000000002454       0x64 ./output/queue.o
                0x0000000000002454                xQueuePeekFromISR

.text.xQueueIsQueueFullFromISR
                0x00000000000024b8       0x20
 .text.xQueueIsQueueFullFromISR
                0x00000000000024b8       0x20 ./output/queue.o
                0x00000000000024b8                xQueueIsQueueFullFromISR

.text.vQueueAddToRegistry
                0x00000000000024d8       0x50
 .text.vQueueAddToRegistry
                0x00000000000024d8       0x50 ./output/queue.o
                0x00000000000024d8                vQueueAddToRegistry

.text.vQueueWaitForMessageRestricted
                0x0000000000002528       0x46
 .text.vQueueWaitForMessageRestricted
                0x0000000000002528       0x46 ./output/queue.o
                0x0000000000002528                vQueueWaitForMessageRestricted

.text.xQueueSelectFromSetFromISR
                0x000000000000256e       0x14
 .text.xQueueSelectFromSetFromISR
                0x000000000000256e       0x14 ./output/queue.o
                0x000000000000256e                xQueueSelectFromSetFromISR

.text.prvCheckForValidListAndQueue
                0x0000000000002584       0x68
 .text.prvCheckForValidListAndQueue
                0x0000000000002584       0x68 ./output/timers.o

.text.prvInsertTimerInActiveList
                0x00000000000025ec       0x3c
 .text.prvInsertTimerInActiveList
                0x00000000000025ec       0x3c ./output/timers.o

.text.prvReloadTimer
                0x0000000000002628       0x26
 .text.prvReloadTimer
                0x0000000000002628       0x26 ./output/timers.o

.text.prvProcessExpiredTimer
                0x0000000000002650       0x40
 .text.prvProcessExpiredTimer
                0x0000000000002650       0x40 ./output/timers.o

.text.prvSampleTimeNow
                0x0000000000002690       0x4c
 .text.prvSampleTimeNow
                0x0000000000002690       0x4c ./output/timers.o

.text.prvTimerTask
                0x00000000000026dc      0x178
 .text.prvTimerTask
                0x00000000000026dc      0x178 ./output/timers.o

.text.xTimerCreateTimerTask
                0x0000000000002854       0x64
 .text.xTimerCreateTimerTask
                0x0000000000002854       0x64 ./output/timers.o
                0x0000000000002854                xTimerCreateTimerTask

.text.xTimerGenericCommandFromISR
                0x00000000000028b8       0x4c
 .text.xTimerGenericCommandFromISR
                0x00000000000028b8       0x4c ./output/timers.o
                0x00000000000028b8                xTimerGenericCommandFromISR

.text.xTimerPendFunctionCallFromISR
                0x0000000000002904       0x28
 .text.xTimerPendFunctionCallFromISR
                0x0000000000002904       0x28 ./output/timers.o
                0x0000000000002904                xTimerPendFunctionCallFromISR

.text.xEventGroupClearBits
                0x000000000000292c       0x3c
 .text.xEventGroupClearBits
                0x000000000000292c       0x3c ./output/event_groups.o
                0x000000000000292c                xEventGroupClearBits

.text.xEventGroupGetBitsFromISR
                0x0000000000002968       0x1c
 .text.xEventGroupGetBitsFromISR
                0x0000000000002968       0x1c ./output/event_groups.o
                0x0000000000002968                xEventGroupGetBitsFromISR

.text.xEventGroupSetBits
                0x0000000000002984       0x7c
 .text.xEventGroupSetBits
                0x0000000000002984       0x7c ./output/event_groups.o
                0x0000000000002984                xEventGroupSetBits

.text.vEventGroupSetBitsCallback
                0x0000000000002a00        0x4
 .text.vEventGroupSetBitsCallback
                0x0000000000002a00        0x4 ./output/event_groups.o
                0x0000000000002a00                vEventGroupSetBitsCallback

.text.vEventGroupClearBitsCallback
                0x0000000000002a04        0x4
 .text.vEventGroupClearBitsCallback
                0x0000000000002a04        0x4 ./output/event_groups.o
                0x0000000000002a04                vEventGroupClearBitsCallback

.text.prvBytesInBuffer
                0x0000000000002a08       0x12
 .text.prvBytesInBuffer
                0x0000000000002a08       0x12 ./output/stream_buffer.o

.text.prvWriteBytesToBuffer
                0x0000000000002a1c       0x74
 .text.prvWriteBytesToBuffer
                0x0000000000002a1c       0x74 ./output/stream_buffer.o

.text.prvWriteMessageToBuffer
                0x0000000000002a90       0x46
 .text.prvWriteMessageToBuffer
                0x0000000000002a90       0x46 ./output/stream_buffer.o

.text.xStreamBufferSpacesAvailable
                0x0000000000002ad8       0x30
 .text.xStreamBufferSpacesAvailable
                0x0000000000002ad8       0x30 ./output/stream_buffer.o
                0x0000000000002ad8                xStreamBufferSpacesAvailable

.text.xStreamBufferSendFromISR
                0x0000000000002b08       0x94
 .text.xStreamBufferSendFromISR
                0x0000000000002b08       0x94 ./output/stream_buffer.o
                0x0000000000002b08                xStreamBufferSendFromISR

.text.pvPortMalloc
                0x0000000000002b9c      0x194
 .text.pvPortMalloc
                0x0000000000002b9c      0x194 ./output/heap_4.o
                0x0000000000002b9c                pvPortMalloc

.text.vPortFree
                0x0000000000002d30       0xf4
 .text.vPortFree
                0x0000000000002d30       0xf4 ./output/heap_4.o
                0x0000000000002d30                vPortFree

.text.vPortSVCHandler
                0x0000000000002e24       0x24
 .text.vPortSVCHandler
                0x0000000000002e24       0x24 ./output/port.o
                0x0000000000002e24                vPortSVCHandler

.text.prvPortStartFirstTask
                0x0000000000002e48       0x20
 .text.prvPortStartFirstTask
                0x0000000000002e48       0x20 ./output/port.o

.text.xPortPendSVHandler
                0x0000000000002e68       0x44
 .text.xPortPendSVHandler
                0x0000000000002e68       0x44 ./output/port.o
                0x0000000000002e68                xPortPendSVHandler

.text.prvTaskExitError
                0x0000000000002eac       0x3c
 .text.prvTaskExitError
                0x0000000000002eac       0x3c ./output/port.o

.text.pxPortInitialiseStack
                0x0000000000002ee8       0x24
 .text.pxPortInitialiseStack
                0x0000000000002ee8       0x24 ./output/port.o
                0x0000000000002ee8                pxPortInitialiseStack

.text.vPortEnterCritical
                0x0000000000002f0c       0x3c
 .text.vPortEnterCritical
                0x0000000000002f0c       0x3c ./output/port.o
                0x0000000000002f0c                vPortEnterCritical

.text.vPortExitCritical
                0x0000000000002f48       0x28
 .text.vPortExitCritical
                0x0000000000002f48       0x28 ./output/port.o
                0x0000000000002f48                vPortExitCritical

.text.xPortSysTickHandler
                0x0000000000002f70       0x2c
 .text.xPortSysTickHandler
                0x0000000000002f70       0x2c ./output/port.o
                0x0000000000002f70                xPortSysTickHandler

.text.vPortSetupTimerInterrupt
                0x0000000000002f9c       0x16
 .text.vPortSetupTimerInterrupt
                0x0000000000002f9c       0x16 ./output/port.o
                0x0000000000002f9c                vPortSetupTimerInterrupt

.text.xPortStartScheduler
                0x0000000000002fb4      0x10c
 .text.xPortStartScheduler
                0x0000000000002fb4      0x10c ./output/port.o
                0x0000000000002fb4                xPortStartScheduler

.text.vPeriodicEventGroupsProcessing
                0x00000000000030c0       0x9c
 .text.vPeriodicEventGroupsProcessing
                0x00000000000030c0       0x9c ./output/EventGroupsDemo.o
                0x00000000000030c0                vPeriodicEventGroupsProcessing

.text.prvRecordValue_NormallyFull
                0x000000000000315c       0x28
 .text.prvRecordValue_NormallyFull
                0x000000000000315c       0x28 ./output/IntQueue.o

.text.prvRecordValue_NormallyEmpty
                0x0000000000003184       0x28
 .text.prvRecordValue_NormallyEmpty
                0x0000000000003184       0x28 ./output/IntQueue.o

.text.xFirstTimerHandler
                0x00000000000031ac      0x138
 .text.xFirstTimerHandler
                0x00000000000031ac      0x138 ./output/IntQueue.o
                0x00000000000031ac                xFirstTimerHandler

.text.xSecondTimerHandler
                0x00000000000032e4      0x1e8
 .text.xSecondTimerHandler
                0x00000000000032e4      0x1e8 ./output/IntQueue.o
                0x00000000000032e4                xSecondTimerHandler

.text.TIMER0_Handler
                0x00000000000034cc       0x3c
 .text.TIMER0_Handler
                0x00000000000034cc       0x3c ./output/IntQueueTimer.o
                0x00000000000034cc                TIMER0_Handler

.text.TIMER1_Handler
                0x0000000000003508       0x3c
 .text.TIMER1_Handler
                0x0000000000003508       0x3c ./output/IntQueueTimer.o
                0x0000000000003508                TIMER1_Handler

.text.vInterruptSemaphorePeriodicTest
                0x0000000000003544       0x78
 .text.vInterruptSemaphorePeriodicTest
                0x0000000000003544       0x78 ./output/IntSemTest.o
                0x0000000000003544                vInterruptSemaphorePeriodicTest

.text.vQueueOverwritePeriodicISRDemo
                0x00000000000035bc       0x84
 .text.vQueueOverwritePeriodicISRDemo
                0x00000000000035bc       0x84 ./output/QueueOverwrite.o
                0x00000000000035bc                vQueueOverwritePeriodicISRDemo

.text.prvCheckReceivedValueWithinExpectedRange
                0x0000000000003640       0x30
 .text.prvCheckReceivedValueWithinExpectedRange
                0x0000000000003640       0x30 ./output/QueueSet.o

.text.prvCheckReceivedValue
                0x0000000000003670       0x90
 .text.prvCheckReceivedValue
                0x0000000000003670       0x90 ./output/QueueSet.o

.text.vQueueSetAccessQueueSetFromISR
                0x0000000000003700       0x98
 .text.vQueueSetAccessQueueSetFromISR
                0x0000000000003700       0x98 ./output/QueueSet.o
                0x0000000000003700                vQueueSetAccessQueueSetFromISR

.text.vQueueSetPollingInterruptAccess
                0x0000000000003798       0x3c
 .text.vQueueSetPollingInterruptAccess
                0x0000000000003798       0x3c ./output/QueueSetPolling.o
                0x0000000000003798                vQueueSetPollingInterruptAccess

.text.vPeriodicStreamBufferProcessing
                0x00000000000037d4       0x40
 .text.vPeriodicStreamBufferProcessing
                0x00000000000037d4       0x40 ./output/StreamBufferDemo.o
                0x00000000000037d4                vPeriodicStreamBufferProcessing

.text.vBasicStreamBufferSendFromISR
                0x0000000000003814       0x50
 .text.vBasicStreamBufferSendFromISR
                0x0000000000003814       0x50 ./output/StreamBufferInterrupt.o
                0x0000000000003814                vBasicStreamBufferSendFromISR

.text.xNotifyTaskFromISR
                0x0000000000003864       0xa4
 .text.xNotifyTaskFromISR
                0x0000000000003864       0xa4 ./output/TaskNotify.o
                0x0000000000003864                xNotifyTaskFromISR

.text.xNotifyArrayTaskFromISR
                0x0000000000003908       0x94
 .text.xNotifyArrayTaskFromISR
                0x0000000000003908       0x94 ./output/TaskNotifyArray.o
                0x0000000000003908                xNotifyArrayTaskFromISR

.text.vTimerPeriodicISRTests
                0x000000000000399c      0x424
 .text.vTimerPeriodicISRTests
                0x000000000000399c      0x424 ./output/TimerDemo.o
                0x000000000000399c                vTimerPeriodicISRTests

.text.startup.main
                0x0000000000003dc0       0x10
 .text.startup.main
                0x0000000000003dc0       0x10 ./output/main.o
                0x0000000000003dc0                main

.text.vApplicationMallocFailedHook
                0x0000000000003dd0       0x20
 .text.vApplicationMallocFailedHook
                0x0000000000003dd0       0x20 ./output/main.o
                0x0000000000003dd0                vApplicationMallocFailedHook

.text.vApplicationStackOverflowHook
                0x0000000000003df0       0x20
 .text.vApplicationStackOverflowHook
                0x0000000000003df0       0x20 ./output/main.o
                0x0000000000003df0                vApplicationStackOverflowHook

.text.vApplicationTickHook
                0x0000000000003e10        0x4
 .text.vApplicationTickHook
                0x0000000000003e10        0x4 ./output/main.o
                0x0000000000003e10                vApplicationTickHook

.text.vAssertCalled
                0x0000000000003e14       0x2c
 .text.vAssertCalled
                0x0000000000003e14       0x2c ./output/main.o
                0x0000000000003e14                vAssertCalled

.text.vApplicationGetIdleTaskMemory
                0x0000000000003e40       0x18
 .text.vApplicationGetIdleTaskMemory
                0x0000000000003e40       0x18 ./output/main.o
                0x0000000000003e40                vApplicationGetIdleTaskMemory

.text.vApplicationGetTimerTaskMemory
                0x0000000000003e58       0x18
 .text.vApplicationGetTimerTaskMemory
                0x0000000000003e58       0x18 ./output/main.o
                0x0000000000003e58                vApplicationGetTimerTaskMemory

.text.vFullDemoTickHookFunction
                0x0000000000003e70       0x2e
 .text.vFullDemoTickHookFunction
                0x0000000000003e70       0x2e ./output/main_full.o
                0x0000000000003e70                vFullDemoTickHookFunction

.text.T3        0x0000000000003ea0        0xc
 .text.T3       0x0000000000003ea0        0xc ./output/main_test.o

.text.T2        0x0000000000003eac        0xc
 .text.T2       0x0000000000003eac        0xc ./output/main_test.o

.text.T1        0x0000000000003eb8        0xc
 .text.T1       0x0000000000003eb8        0xc ./output/main_test.o

.text.main_test
                0x0000000000003ec4       0x88
 .text.main_test
                0x0000000000003ec4       0x88 ./output/main_test.o
                0x0000000000003ec4                main_test

.text.Default_Handler
                0x0000000000004000        0xc
 .text.Default_Handler
                0x0000000000004000        0xc ./output/startup_gcc.o

.text.HardFault_Handler
                0x0000000000004100       0x18
 .text.HardFault_Handler
                0x0000000000004100       0x18 ./output/startup_gcc.o

.text.Reset_Handler
                0x0000000000004118        0x4
 .text.Reset_Handler
                0x0000000000004118        0x4 ./output/startup_gcc.o
                0x0000000000004118                Reset_Handler

.text.prvGetRegistersFromStack
                0x000000000000411c       0x6c
 .text.prvGetRegistersFromStack
                0x000000000000411c       0x6c ./output/startup_gcc.o
                0x000000000000411c                prvGetRegistersFromStack

.text.printchar
                0x0000000000004188       0x1e
 .text.printchar
                0x0000000000004188       0x1e ./output/printf-stdarg.o

.text.prints    0x00000000000041a6       0x82
 .text.prints   0x00000000000041a6       0x82 ./output/printf-stdarg.o

.text.printi    0x0000000000004228       0xa6
 .text.printi   0x0000000000004228       0xa6 ./output/printf-stdarg.o

.text.tiny_print
                0x00000000000042d0      0x124
 .text.tiny_print
                0x00000000000042d0      0x124 ./output/printf-stdarg.o

.text.printf    0x00000000000043f4       0x1e
 .text.printf   0x00000000000043f4       0x1e ./output/printf-stdarg.o
                0x00000000000043f4                printf

.rel.dyn        0x0000000000004414        0x0
 .rel.iplt      0x0000000000004414        0x0 ./output/tasks.o

.data           0x0000000020000000       0x64
                0x0000000020000000                . = ALIGN (0x8)
                0x0000000020000000                _data = .
                0x0000000020000000                _sdata = .
 *(vtable)
 *(.data)
 .data          0x0000000020000000       0x64 /usr/lib/gcc/arm-none-eabi/10.3.1/../../../arm-none-eabi/lib/thumb/v7-m/nofp/libg_nano.a(lib_a-impure.o)
                0x0000000020000000                _impure_ptr
                0x0000000020000064                _edata = .

.data.uxTopUsedPriority
                0x0000000020000064        0x4
 .data.uxTopUsedPriority
                0x0000000020000064        0x4 ./output/tasks.o

.igot.plt       0x0000000020000068        0x0
 .igot.plt      0x0000000020000068        0x0 ./output/tasks.o

.data.uxCriticalNesting
                0x0000000020000068        0x4
 .data.uxCriticalNesting
                0x0000000020000068        0x4 ./output/port.o

.data.xErrorStatus
                0x000000002000006c        0x4
 .data.xErrorStatus
                0x000000002000006c        0x4 ./output/IntQueue.o

.data.xISRTestStatus
                0x0000000020000070        0x4
 .data.xISRTestStatus
                0x0000000020000070        0x4 ./output/QueueOverwrite.o

.data.ulExpectedReceivedFromISR.8
                0x0000000020000074        0x4
 .data.ulExpectedReceivedFromISR.8
                0x0000000020000074        0x4 ./output/QueueSet.o

.data.ulISRTxValue
                0x0000000020000078        0x4
 .data.ulISRTxValue
                0x0000000020000078        0x4 ./output/QueueSet.o

.data.xQueueSetTasksStatus
                0x000000002000007c        0x4
 .data.xQueueSetTasksStatus
                0x000000002000007c        0x4 ./output/QueueSet.o

.data.uxTick.0  0x0000000020000080        0x4
 .data.uxTick.0
                0x0000000020000080        0x4 ./output/TimerDemo.o

.data.xTestStatus
                0x0000000020000084        0x4
 .data.xTestStatus
                0x0000000020000084        0x4 ./output/TimerDemo.o

.bss            0x0000000020000088       0x10
                0x0000000020000088                . = ALIGN (0x8)
                0x0000000020000088                _bss = .
                0x0000000020000088                _sbss = .
 *(.bss)
 .bss           0x0000000020000088        0x8 /usr/lib/gcc/arm-none-eabi/10.3.1/../../../arm-none-eabi/lib/thumb/v7-m/nofp/libg_nano.a(lib_a-nano-mallocr.o)
                0x0000000020000088                __malloc_free_list
                0x000000002000008c                __malloc_sbrk_start
 .bss           0x0000000020000090        0x4 /usr/lib/gcc/arm-none-eabi/10.3.1/../../../arm-none-eabi/lib/thumb/v7-m/nofp/libg_nano.a(lib_a-reent.o)
                0x0000000020000090                errno
 .bss           0x0000000020000094        0x4 /usr/lib/gcc/arm-none-eabi/10.3.1/../../../arm-none-eabi/lib/thumb/v7-m/nofp/libnosys.a(sbrk.o)
                0x0000000020000098                _ebss = .

.bss.pxCurrentTCB
                0x0000000020000098        0x4
 .bss.pxCurrentTCB
                0x0000000020000098        0x4 ./output/tasks.o
                0x0000000020000098                pxCurrentTCB

.bss.pxDelayedTaskList
                0x000000002000009c        0x4
 .bss.pxDelayedTaskList
                0x000000002000009c        0x4 ./output/tasks.o

.bss.pxOverflowDelayedTaskList
                0x00000000200000a0        0x4
 .bss.pxOverflowDelayedTaskList
                0x00000000200000a0        0x4 ./output/tasks.o

.bss.pxReadyTasksLists
                0x00000000200000a4       0xb4
 .bss.pxReadyTasksLists
                0x00000000200000a4       0xb4 ./output/tasks.o

.bss.uxCurrentNumberOfTasks
                0x0000000020000158        0x4
 .bss.uxCurrentNumberOfTasks
                0x0000000020000158        0x4 ./output/tasks.o

.bss.uxDeletedTasksWaitingCleanUp
                0x000000002000015c        0x4
 .bss.uxDeletedTasksWaitingCleanUp
                0x000000002000015c        0x4 ./output/tasks.o

.bss.uxSchedulerSuspended
                0x0000000020000160        0x4
 .bss.uxSchedulerSuspended
                0x0000000020000160        0x4 ./output/tasks.o

.bss.uxTaskNumber
                0x0000000020000164        0x4
 .bss.uxTaskNumber
                0x0000000020000164        0x4 ./output/tasks.o

.bss.uxTopReadyPriority
                0x0000000020000168        0x4
 .bss.uxTopReadyPriority
                0x0000000020000168        0x4 ./output/tasks.o

.bss.xDelayedTaskList1
                0x000000002000016c       0x14
 .bss.xDelayedTaskList1
                0x000000002000016c       0x14 ./output/tasks.o

.bss.xDelayedTaskList2
                0x0000000020000180       0x14
 .bss.xDelayedTaskList2
                0x0000000020000180       0x14 ./output/tasks.o

.bss.xIdleTaskHandles
                0x0000000020000194        0x4
 .bss.xIdleTaskHandles
                0x0000000020000194        0x4 ./output/tasks.o

.bss.xNextTaskUnblockTime
                0x0000000020000198        0x4
 .bss.xNextTaskUnblockTime
                0x0000000020000198        0x4 ./output/tasks.o

.bss.xNumOfOverflows
                0x000000002000019c        0x4
 .bss.xNumOfOverflows
                0x000000002000019c        0x4 ./output/tasks.o

.bss.xPendedTicks
                0x00000000200001a0        0x4
 .bss.xPendedTicks
                0x00000000200001a0        0x4 ./output/tasks.o

.bss.xPendingReadyList
                0x00000000200001a4       0x14
 .bss.xPendingReadyList
                0x00000000200001a4       0x14 ./output/tasks.o

.bss.xSchedulerRunning
                0x00000000200001b8        0x4
 .bss.xSchedulerRunning
                0x00000000200001b8        0x4 ./output/tasks.o

.bss.xSuspendedTaskList
                0x00000000200001bc       0x14
 .bss.xSuspendedTaskList
                0x00000000200001bc       0x14 ./output/tasks.o

.bss.xTasksWaitingTermination
                0x00000000200001d0       0x14
 .bss.xTasksWaitingTermination
                0x00000000200001d0       0x14 ./output/tasks.o

.bss.xTickCount
                0x00000000200001e4        0x4
 .bss.xTickCount
                0x00000000200001e4        0x4 ./output/tasks.o

.bss.xYieldPendings
                0x00000000200001e8        0x4
 .bss.xYieldPendings
                0x00000000200001e8        0x4 ./output/tasks.o

.bss.xQueueRegistry
                0x00000000200001ec       0x50
 .bss.xQueueRegistry
                0x00000000200001ec       0x50 ./output/queue.o
                0x00000000200001ec                xQueueRegistry

.bss.pxCurrentTimerList
                0x000000002000023c        0x4
 .bss.pxCurrentTimerList
                0x000000002000023c        0x4 ./output/timers.o

.bss.pxOverflowTimerList
                0x0000000020000240        0x4
 .bss.pxOverflowTimerList
                0x0000000020000240        0x4 ./output/timers.o

.bss.ucStaticTimerQueueStorage.1
                0x0000000020000244      0x140
 .bss.ucStaticTimerQueueStorage.1
                0x0000000020000244      0x140 ./output/timers.o

.bss.xActiveTimerList1
                0x0000000020000384       0x14
 .bss.xActiveTimerList1
                0x0000000020000384       0x14 ./output/timers.o

.bss.xActiveTimerList2
                0x0000000020000398       0x14
 .bss.xActiveTimerList2
                0x0000000020000398       0x14 ./output/timers.o

.bss.xLastTime.2
                0x00000000200003ac        0x4
 .bss.xLastTime.2
                0x00000000200003ac        0x4 ./output/timers.o

.bss.xStaticTimerQueue.0
                0x00000000200003b0       0x4c
 .bss.xStaticTimerQueue.0
                0x00000000200003b0       0x4c ./output/timers.o

.bss.xTimerQueue
                0x00000000200003fc        0x4
 .bss.xTimerQueue
                0x00000000200003fc        0x4 ./output/timers.o

.bss.xTimerTaskHandle
                0x0000000020000400        0x4
 .bss.xTimerTaskHandle
                0x0000000020000400        0x4 ./output/timers.o

.bss.pxEnd      0x0000000020000404        0x4
 .bss.pxEnd     0x0000000020000404        0x4 ./output/heap_4.o

.bss.ucHeap     0x0000000020000408     0xf000
 .bss.ucHeap    0x0000000020000408     0xf000 ./output/heap_4.o

.bss.xFreeBytesRemaining
                0x000000002000f408        0x4
 .bss.xFreeBytesRemaining
                0x000000002000f408        0x4 ./output/heap_4.o

.bss.xMinimumEverFreeBytesRemaining
                0x000000002000f40c        0x4
 .bss.xMinimumEverFreeBytesRemaining
                0x000000002000f40c        0x4 ./output/heap_4.o

.bss.xNumberOfSuccessfulAllocations
                0x000000002000f410        0x4
 .bss.xNumberOfSuccessfulAllocations
                0x000000002000f410        0x4 ./output/heap_4.o

.bss.xNumberOfSuccessfulFrees
                0x000000002000f414        0x4
 .bss.xNumberOfSuccessfulFrees
                0x000000002000f414        0x4 ./output/heap_4.o

.bss.xStart     0x000000002000f418        0x8
 .bss.xStart    0x000000002000f418        0x8 ./output/heap_4.o

.bss.ucMaxSysCallPriority
                0x000000002000f420        0x1
 .bss.ucMaxSysCallPriority
                0x000000002000f420        0x1 ./output/port.o

.bss.ulMaxPRIGROUPValue
                0x000000002000f424        0x4
 .bss.ulMaxPRIGROUPValue
                0x000000002000f424        0x4 ./output/port.o

.bss.ulISRCycles
                0x000000002000f428        0x4
 .bss.ulISRCycles
                0x000000002000f428        0x4 ./output/EventGroupsDemo.o

.bss.xCallCount.4
                0x000000002000f42c        0x4
 .bss.xCallCount.4
                0x000000002000f42c        0x4 ./output/EventGroupsDemo.o

.bss.xISREventGroup
                0x000000002000f430        0x4
 .bss.xISREventGroup
                0x000000002000f430        0x4 ./output/EventGroupsDemo.o

.bss.xISRTestError.3
                0x000000002000f434        0x4
 .bss.xISRTestError.3
                0x000000002000f434        0x4 ./output/EventGroupsDemo.o

.bss.ucNormallyEmptyReceivedValues
                0x000000002000f438       0xc8
 .bss.ucNormallyEmptyReceivedValues
                0x000000002000f438       0xc8 ./output/IntQueue.o

.bss.ucNormallyFullReceivedValues
                0x000000002000f500       0xc8
 .bss.ucNormallyFullReceivedValues
                0x000000002000f500       0xc8 ./output/IntQueue.o

.bss.uxNextOperation.4
                0x000000002000f5c8        0x4
 .bss.uxNextOperation.4
                0x000000002000f5c8        0x4 ./output/IntQueue.o

.bss.uxNextOperation.5
                0x000000002000f5cc        0x4
 .bss.uxNextOperation.5
                0x000000002000f5cc        0x4 ./output/IntQueue.o

.bss.uxValueForNormallyEmptyQueue
                0x000000002000f5d0        0x4
 .bss.uxValueForNormallyEmptyQueue
                0x000000002000f5d0        0x4 ./output/IntQueue.o

.bss.uxValueForNormallyFullQueue
                0x000000002000f5d4        0x4
 .bss.uxValueForNormallyFullQueue
                0x000000002000f5d4        0x4 ./output/IntQueue.o

.bss.xErrorLine
                0x000000002000f5d8        0x4
 .bss.xErrorLine
                0x000000002000f5d8        0x4 ./output/IntQueue.o

.bss.xNormallyEmptyQueue
                0x000000002000f5dc        0x4
 .bss.xNormallyEmptyQueue
                0x000000002000f5dc        0x4 ./output/IntQueue.o

.bss.xNormallyFullQueue
                0x000000002000f5e0        0x4
 .bss.xNormallyFullQueue
                0x000000002000f5e0        0x4 ./output/IntQueue.o

.bss.ulNest     0x000000002000f5e4        0x4
 .bss.ulNest    0x000000002000f5e4        0x4 ./output/IntQueueTimer.o
                0x000000002000f5e4                ulNest

.bss.ulNestCount
                0x000000002000f5e8        0x4
 .bss.ulNestCount
                0x000000002000f5e8        0x4 ./output/IntQueueTimer.o
                0x000000002000f5e8                ulNestCount

.bss.xISRCountingSemaphore
                0x000000002000f5ec        0x4
 .bss.xISRCountingSemaphore
                0x000000002000f5ec        0x4 ./output/IntSemTest.o

.bss.xISRMutex  0x000000002000f5f0        0x4
 .bss.xISRMutex
                0x000000002000f5f0        0x4 ./output/IntSemTest.o

.bss.xLastGiveTime.2
                0x000000002000f5f4        0x4
 .bss.xLastGiveTime.2
                0x000000002000f5f4        0x4 ./output/IntSemTest.o

.bss.xOkToGiveCountingSemaphore
                0x000000002000f5f8        0x4
 .bss.xOkToGiveCountingSemaphore
                0x000000002000f5f8        0x4 ./output/IntSemTest.o

.bss.xOkToGiveMutex
                0x000000002000f5fc        0x4
 .bss.xOkToGiveMutex
                0x000000002000f5fc        0x4 ./output/IntSemTest.o

.bss.ulCallCount.0
                0x000000002000f600        0x4
 .bss.ulCallCount.0
                0x000000002000f600        0x4 ./output/QueueOverwrite.o

.bss.xISRQueue  0x000000002000f604        0x4
 .bss.xISRQueue
                0x000000002000f604        0x4 ./output/QueueOverwrite.o

.bss.ulCallCount.1
                0x000000002000f608        0x4
 .bss.ulCallCount.1
                0x000000002000f608        0x4 ./output/QueueSet.o

.bss.ulExpectedReceivedFromTask.7
                0x000000002000f60c        0x4
 .bss.ulExpectedReceivedFromTask.7
                0x000000002000f60c        0x4 ./output/QueueSet.o

.bss.xQueueSet  0x000000002000f610        0x4
 .bss.xQueueSet
                0x000000002000f610        0x4 ./output/QueueSet.o

.bss.xQueueToWriteTo.0
                0x000000002000f614        0x4
 .bss.xQueueToWriteTo.0
                0x000000002000f614        0x4 ./output/QueueSet.o

.bss.xQueues    0x000000002000f618        0xc
 .bss.xQueues   0x000000002000f618        0xc ./output/QueueSet.o

.bss.xSetupComplete
                0x000000002000f624        0x4
 .bss.xSetupComplete
                0x000000002000f624        0x4 ./output/QueueSet.o

.bss.ulCallCount.2
                0x000000002000f628        0x4
 .bss.ulCallCount.2
                0x000000002000f628        0x4 ./output/QueueSetPolling.o

.bss.ulValueToSend.1
                0x000000002000f62c        0x4
 .bss.ulValueToSend.1
                0x000000002000f62c        0x4 ./output/QueueSetPolling.o

.bss.xQueue     0x000000002000f630        0x4
 .bss.xQueue    0x000000002000f630        0x4 ./output/QueueSetPolling.o

.bss.xInterruptStreamBuffer
                0x000000002000f634        0x4
 .bss.xInterruptStreamBuffer
                0x000000002000f634        0x4 ./output/StreamBufferDemo.o

.bss.xNextChar.4
                0x000000002000f638        0x4
 .bss.xNextChar.4
                0x000000002000f638        0x4 ./output/StreamBufferDemo.o

.bss.xCallCount.1
                0x000000002000f63c        0x4
 .bss.xCallCount.1
                0x000000002000f63c        0x4 ./output/StreamBufferInterrupt.o

.bss.xNextByteToSend.0
                0x000000002000f640        0x4
 .bss.xNextByteToSend.0
                0x000000002000f640        0x4 ./output/StreamBufferInterrupt.o

.bss.xStreamBuffer
                0x000000002000f644        0x4
 .bss.xStreamBuffer
                0x000000002000f644        0x4 ./output/StreamBufferInterrupt.o

.bss.ulTimerNotificationsSent
                0x000000002000f648        0x4
 .bss.ulTimerNotificationsSent
                0x000000002000f648        0x4 ./output/TaskNotify.o

.bss.xAPIToUse.1
                0x000000002000f64c        0x4
 .bss.xAPIToUse.1
                0x000000002000f64c        0x4 ./output/TaskNotify.o

.bss.xCallCount.2
                0x000000002000f650        0x4
 .bss.xCallCount.2
                0x000000002000f650        0x4 ./output/TaskNotify.o

.bss.xTaskToNotify
                0x000000002000f654        0x8
 .bss.xTaskToNotify
                0x000000002000f654        0x4 ./output/TaskNotify.o
 .bss.xTaskToNotify
                0x000000002000f658        0x4 ./output/TaskNotifyArray.o

.bss.xTimer     0x000000002000f65c        0x4
 .bss.xTimer    0x000000002000f65c        0x4 ./output/TaskNotify.o

.bss.uxIndexToNotify.4
                0x000000002000f660        0x4
 .bss.uxIndexToNotify.4
                0x000000002000f660        0x4 ./output/TaskNotifyArray.o

.bss.xAPIToUse.5
                0x000000002000f664        0x4
 .bss.xAPIToUse.5
                0x000000002000f664        0x4 ./output/TaskNotifyArray.o

.bss.xSendNotificationFromISR
                0x000000002000f668        0x4
 .bss.xSendNotificationFromISR
                0x000000002000f668        0x4 ./output/TaskNotifyArray.o

.bss.ucISRAutoReloadTimerCounter
                0x000000002000f66c        0x1
 .bss.ucISRAutoReloadTimerCounter
                0x000000002000f66c        0x1 ./output/TimerDemo.o

.bss.ucISROneShotTimerCounter
                0x000000002000f66d        0x1
 .bss.ucISROneShotTimerCounter
                0x000000002000f66d        0x1 ./output/TimerDemo.o

.bss.xBasePeriod
                0x000000002000f670        0x4
 .bss.xBasePeriod
                0x000000002000f670        0x4 ./output/TimerDemo.o

.bss.xISRAutoReloadTimer
                0x000000002000f674        0x4
 .bss.xISRAutoReloadTimer
                0x000000002000f674        0x4 ./output/TimerDemo.o

.bss.xISROneShotTimer
                0x000000002000f678        0x4
 .bss.xISROneShotTimer
                0x000000002000f678        0x4 ./output/TimerDemo.o

.bss.uxIdleTaskStack.2
                0x000000002000f67c      0x140
 .bss.uxIdleTaskStack.2
                0x000000002000f67c      0x140 ./output/main.o

.bss.uxTimerTaskStack.0
                0x000000002000f7bc      0x280
 .bss.uxTimerTaskStack.0
                0x000000002000f7bc      0x280 ./output/main.o

.bss.xIdleTaskTCB.3
                0x000000002000fa3c       0x64
 .bss.xIdleTaskTCB.3
                0x000000002000fa3c       0x64 ./output/main.o

.bss.xTimerTaskTCB.1
                0x000000002000faa0       0x64
 .bss.xTimerTaskTCB.1
                0x000000002000faa0       0x64 ./output/main.o

.bss.xT1        0x000000002000fb04        0x4
 .bss.xT1       0x000000002000fb04        0x4 ./output/main_test.o
                0x000000002000fb04                xT1

.bss.xT2        0x000000002000fb08        0x4
 .bss.xT2       0x000000002000fb08        0x4 ./output/main_test.o
                0x000000002000fb08                xT2

.bss.xT3        0x000000002000fb0c        0x4
 .bss.xT3       0x000000002000fb0c        0x4 ./output/main_test.o
                0x000000002000fb0c                xT3

.bss.lr         0x000000002000fb10        0x4
 .bss.lr        0x000000002000fb10        0x4 ./output/startup_gcc.o
                0x000000002000fb10                lr

.bss.pc         0x000000002000fb14        0x4
 .bss.pc        0x000000002000fb14        0x4 ./output/startup_gcc.o
                0x000000002000fb14                pc

.bss.psr        0x000000002000fb18        0x4
 .bss.psr       0x000000002000fb18        0x4 ./output/startup_gcc.o
                0x000000002000fb18                psr

.bss.r0         0x000000002000fb1c        0x4
 .bss.r0        0x000000002000fb1c        0x4 ./output/startup_gcc.o
                0x000000002000fb1c                r0

.bss.r1         0x000000002000fb20        0x4
 .bss.r1        0x000000002000fb20        0x4 ./output/startup_gcc.o
                0x000000002000fb20                r1

.bss.r12        0x000000002000fb24        0x4
 .bss.r12       0x000000002000fb24        0x4 ./output/startup_gcc.o
                0x000000002000fb24                r12

.bss.r2         0x000000002000fb28        0x4
 .bss.r2        0x000000002000fb28        0x4 ./output/startup_gcc.o
                0x000000002000fb28                r2

.bss.r3         0x000000002000fb2c        0x4
 .bss.r3        0x000000002000fb2c        0x4 ./output/startup_gcc.o
                0x000000002000fb2c                r3

.heap           0x000000002000fb30      0x408
                0x000000002000fb30                . = ALIGN (0x8)
                0x000000002000fb30                PROVIDE (end = .)
                [!provide]                        PROVIDE (_end = .)
                0x000000002000fb30                _heap_bottom = .
                0x000000002000fb38                . = (. + _Min_Heap_Size)
 *fill*         0x000000002000fb30        0x8 
                0x000000002000fb38                _heap_top = .
                0x000000002000ff38                . = (. + _Min_Stack_Size)
 *fill*         0x000000002000fb38      0x400 
                0x000000002000ff38                . = ALIGN (0x8)
                0x0000000020400000                __StackTop = (ORIGIN (RAM) + LENGTH (RAM))
                0x00000000203ffc00                __StackLimit = (__StackTop - _Min_Stack_Size)
                [!provide]                        PROVIDE (__stack = __StackTop)
                0x0000000000000001                ASSERT ((__StackLimit >= _heap_top), region RAM overflowed with stack)
OUTPUT(./output/RTOSDemo.out elf32-littlearm)
LOAD linker stubs

.debug_info     0x0000000000000000    0x242ef
 .debug_info    0x0000000000000000     0x43f6 ./output/tasks.o
 .debug_info    0x00000000000043f6      0x339 ./output/list.o
 .debug_info    0x000000000000472f     0x2e78 ./output/queue.o
 .debug_info    0x00000000000075a7     0x1c68 ./output/timers.o
 .debug_info    0x000000000000920f      0xe1e ./output/event_groups.o
 .debug_info    0x000000000000a02d     0x1f61 ./output/stream_buffer.o
 .debug_info    0x000000000000bf8e      0x750 ./output/heap_4.o
 .debug_info    0x000000000000c6de      0x5af ./output/port.o
 .debug_info    0x000000000000cc8d      0xf7f ./output/EventGroupsDemo.o
 .debug_info    0x000000000000dc0c     0x15c9 ./output/IntQueue.o
 .debug_info    0x000000000000f1d5      0x6dd ./output/IntQueueTimer.o
 .debug_info    0x000000000000f8b2      0x9ed ./output/IntSemTest.o
 .debug_info    0x000000000001029f      0x4bb ./output/QueueOverwrite.o
 .debug_info    0x000000000001075a     0x1343 ./output/QueueSet.o
 .debug_info    0x0000000000011a9d      0x30c ./output/QueueSetPolling.o
 .debug_info    0x0000000000011da9     0x27bf ./output/StreamBufferDemo.o
 .debug_info    0x0000000000014568      0x406 ./output/StreamBufferInterrupt.o
 .debug_info    0x000000000001496e     0x1528 ./output/TaskNotify.o
 .debug_info    0x0000000000015e96     0x2009 ./output/TaskNotifyArray.o
 .debug_info    0x0000000000017e9f     0x14ab ./output/TimerDemo.o
 .debug_info    0x000000000001934a      0x660 ./output/main.o
 .debug_info    0x00000000000199aa      0x8e4 ./output/main_full.o
 .debug_info    0x000000000001a28e      0x3e2 ./output/main_test.o
 .debug_info    0x000000000001a670      0xa89 ./output/startup_gcc.o
 .debug_info    0x000000000001b0f9      0x678 ./output/printf-stdarg.o
 .debug_info    0x000000000001b771      0xb0a /usr/lib/gcc/arm-none-eabi/10.3.1/../../../arm-none-eabi/lib/thumb/v7-m/nofp/libg_nano.a(lib_a-fflush.o)
 .debug_info    0x000000000001c27b      0xfae /usr/lib/gcc/arm-none-eabi/10.3.1/../../../arm-none-eabi/lib/thumb/v7-m/nofp/libg_nano.a(lib_a-findfp.o)
 .debug_info    0x000000000001d229      0x900 /usr/lib/gcc/arm-none-eabi/10.3.1/../../../arm-none-eabi/lib/thumb/v7-m/nofp/libg_nano.a(lib_a-fwalk.o)
 .debug_info    0x000000000001db29      0x863 /usr/lib/gcc/arm-none-eabi/10.3.1/../../../arm-none-eabi/lib/thumb/v7-m/nofp/libg_nano.a(lib_a-impure.o)
 .debug_info    0x000000000001e38c       0x26 /usr/lib/gcc/arm-none-eabi/10.3.1/../../../arm-none-eabi/lib/thumb/v7-m/nofp/libg_nano.a(lib_a-memcpy.o)
 .debug_info    0x000000000001e3b2      0x137 /usr/lib/gcc/arm-none-eabi/10.3.1/../../../arm-none-eabi/lib/thumb/v7-m/nofp/libg_nano.a(lib_a-memset.o)
 .debug_info    0x000000000001e4e9      0x940 /usr/lib/gcc/arm-none-eabi/10.3.1/../../../arm-none-eabi/lib/thumb/v7-m/nofp/libg_nano.a(lib_a-nano-freer.o)
 .debug_info    0x000000000001ee29      0xa0c /usr/lib/gcc/arm-none-eabi/10.3.1/../../../arm-none-eabi/lib/thumb/v7-m/nofp/libg_nano.a(lib_a-nano-mallocr.o)
 .debug_info    0x000000000001f835      0x828 /usr/lib/gcc/arm-none-eabi/10.3.1/../../../arm-none-eabi/lib/thumb/v7-m/nofp/libg_nano.a(lib_a-sbrkr.o)
 .debug_info    0x000000000002005d      0xabc /usr/lib/gcc/arm-none-eabi/10.3.1/../../../arm-none-eabi/lib/thumb/v7-m/nofp/libg_nano.a(lib_a-stdio.o)
 .debug_info    0x0000000000020b19       0xbc /usr/lib/gcc/arm-none-eabi/10.3.1/../../../arm-none-eabi/lib/thumb/v7-m/nofp/libg_nano.a(lib_a-strlen-stub.o)
 .debug_info    0x0000000000020bd5      0x85a /usr/lib/gcc/arm-none-eabi/10.3.1/../../../arm-none-eabi/lib/thumb/v7-m/nofp/libg_nano.a(lib_a-writer.o)
 .debug_info    0x000000000002142f      0x805 /usr/lib/gcc/arm-none-eabi/10.3.1/../../../arm-none-eabi/lib/thumb/v7-m/nofp/libg_nano.a(lib_a-closer.o)
 .debug_info    0x0000000000021c34      0x83b /usr/lib/gcc/arm-none-eabi/10.3.1/../../../arm-none-eabi/lib/thumb/v7-m/nofp/libg_nano.a(lib_a-lseekr.o)
 .debug_info    0x000000000002246f      0x7dc /usr/lib/gcc/arm-none-eabi/10.3.1/../../../arm-none-eabi/lib/thumb/v7-m/nofp/libg_nano.a(lib_a-mlock.o)
 .debug_info    0x0000000000022c4b      0x853 /usr/lib/gcc/arm-none-eabi/10.3.1/../../../arm-none-eabi/lib/thumb/v7-m/nofp/libg_nano.a(lib_a-readr.o)
 .debug_info    0x000000000002349e      0xa7e /usr/lib/gcc/arm-none-eabi/10.3.1/../../../arm-none-eabi/lib/thumb/v7-m/nofp/libg_nano.a(lib_a-reent.o)
 .debug_info    0x0000000000023f1c       0xb1 /usr/lib/gcc/arm-none-eabi/10.3.1/../../../arm-none-eabi/lib/thumb/v7-m/nofp/libnosys.a(close.o)
 .debug_info    0x0000000000023fcd       0xd3 /usr/lib/gcc/arm-none-eabi/10.3.1/../../../arm-none-eabi/lib/thumb/v7-m/nofp/libnosys.a(lseek.o)
 .debug_info    0x00000000000240a0       0xd9 /usr/lib/gcc/arm-none-eabi/10.3.1/../../../arm-none-eabi/lib/thumb/v7-m/nofp/libnosys.a(read.o)
 .debug_info    0x0000000000024179       0x9d /usr/lib/gcc/arm-none-eabi/10.3.1/../../../arm-none-eabi/lib/thumb/v7-m/nofp/libnosys.a(sbrk.o)
 .debug_info    0x0000000000024216       0xd9 /usr/lib/gcc/arm-none-eabi/10.3.1/../../../arm-none-eabi/lib/thumb/v7-m/nofp/libnosys.a(write.o)

.debug_abbrev   0x0000000000000000     0x5f0d
 .debug_abbrev  0x0000000000000000      0x4e8 ./output/tasks.o
 .debug_abbrev  0x00000000000004e8      0x109 ./output/list.o
 .debug_abbrev  0x00000000000005f1      0x3b7 ./output/queue.o
 .debug_abbrev  0x00000000000009a8      0x410 ./output/timers.o
 .debug_abbrev  0x0000000000000db8      0x304 ./output/event_groups.o
 .debug_abbrev  0x00000000000010bc      0x2e3 ./output/stream_buffer.o
 .debug_abbrev  0x000000000000139f      0x29d ./output/heap_4.o
 .debug_abbrev  0x000000000000163c      0x2a9 ./output/port.o
 .debug_abbrev  0x00000000000018e5      0x283 ./output/EventGroupsDemo.o
 .debug_abbrev  0x0000000000001b68      0x2b9 ./output/IntQueue.o
 .debug_abbrev  0x0000000000001e21      0x217 ./output/IntQueueTimer.o
 .debug_abbrev  0x0000000000002038      0x230 ./output/IntSemTest.o
 .debug_abbrev  0x0000000000002268      0x155 ./output/QueueOverwrite.o
 .debug_abbrev  0x00000000000023bd      0x2db ./output/QueueSet.o
 .debug_abbrev  0x0000000000002698      0x12b ./output/QueueSetPolling.o
 .debug_abbrev  0x00000000000027c3      0x284 ./output/StreamBufferDemo.o
 .debug_abbrev  0x0000000000002a47      0x165 ./output/StreamBufferInterrupt.o
 .debug_abbrev  0x0000000000002bac      0x249 ./output/TaskNotify.o
 .debug_abbrev  0x0000000000002df5      0x2b1 ./output/TaskNotifyArray.o
 .debug_abbrev  0x00000000000030a6      0x2fb ./output/TimerDemo.o
 .debug_abbrev  0x00000000000033a1      0x29c ./output/main.o
 .debug_abbrev  0x000000000000363d      0x1b0 ./output/main_full.o
 .debug_abbrev  0x00000000000037ed      0x156 ./output/main_test.o
 .debug_abbrev  0x0000000000003943      0x272 ./output/startup_gcc.o
 .debug_abbrev  0x0000000000003bb5      0x258 ./output/printf-stdarg.o
 .debug_abbrev  0x0000000000003e0d      0x2da /usr/lib/gcc/arm-none-eabi/10.3.1/../../../arm-none-eabi/lib/thumb/v7-m/nofp/libg_nano.a(lib_a-fflush.o)
 .debug_abbrev  0x00000000000040e7      0x3cd /usr/lib/gcc/arm-none-eabi/10.3.1/../../../arm-none-eabi/lib/thumb/v7-m/nofp/libg_nano.a(lib_a-findfp.o)
 .debug_abbrev  0x00000000000044b4      0x197 /usr/lib/gcc/arm-none-eabi/10.3.1/../../../arm-none-eabi/lib/thumb/v7-m/nofp/libg_nano.a(lib_a-fwalk.o)
 .debug_abbrev  0x000000000000464b      0x151 /usr/lib/gcc/arm-none-eabi/10.3.1/../../../arm-none-eabi/lib/thumb/v7-m/nofp/libg_nano.a(lib_a-impure.o)
 .debug_abbrev  0x000000000000479c       0x14 /usr/lib/gcc/arm-none-eabi/10.3.1/../../../arm-none-eabi/lib/thumb/v7-m/nofp/libg_nano.a(lib_a-memcpy.o)
 .debug_abbrev  0x00000000000047b0       0xb4 /usr/lib/gcc/arm-none-eabi/10.3.1/../../../arm-none-eabi/lib/thumb/v7-m/nofp/libg_nano.a(lib_a-memset.o)
 .debug_abbrev  0x0000000000004864      0x245 /usr/lib/gcc/arm-none-eabi/10.3.1/../../../arm-none-eabi/lib/thumb/v7-m/nofp/libg_nano.a(lib_a-nano-freer.o)
 .debug_abbrev  0x0000000000004aa9      0x290 /usr/lib/gcc/arm-none-eabi/10.3.1/../../../arm-none-eabi/lib/thumb/v7-m/nofp/libg_nano.a(lib_a-nano-mallocr.o)
 .debug_abbrev  0x0000000000004d39      0x1d6 /usr/lib/gcc/arm-none-eabi/10.3.1/../../../arm-none-eabi/lib/thumb/v7-m/nofp/libg_nano.a(lib_a-sbrkr.o)
 .debug_abbrev  0x0000000000004f0f      0x1fb /usr/lib/gcc/arm-none-eabi/10.3.1/../../../arm-none-eabi/lib/thumb/v7-m/nofp/libg_nano.a(lib_a-stdio.o)
 .debug_abbrev  0x000000000000510a       0x79 /usr/lib/gcc/arm-none-eabi/10.3.1/../../../arm-none-eabi/lib/thumb/v7-m/nofp/libg_nano.a(lib_a-strlen-stub.o)
 .debug_abbrev  0x0000000000005183      0x1b0 /usr/lib/gcc/arm-none-eabi/10.3.1/../../../arm-none-eabi/lib/thumb/v7-m/nofp/libg_nano.a(lib_a-writer.o)
 .debug_abbrev  0x0000000000005333      0x1ab /usr/lib/gcc/arm-none-eabi/10.3.1/../../../arm-none-eabi/lib/thumb/v7-m/nofp/libg_nano.a(lib_a-closer.o)
 .debug_abbrev  0x00000000000054de      0x1bf /usr/lib/gcc/arm-none-eabi/10.3.1/../../../arm-none-eabi/lib/thumb/v7-m/nofp/libg_nano.a(lib_a-lseekr.o)
 .debug_abbrev  0x000000000000569d      0x189 /usr/lib/gcc/arm-none-eabi/10.3.1/../../../arm-none-eabi/lib/thumb/v7-m/nofp/libg_nano.a(lib_a-mlock.o)
 .debug_abbrev  0x0000000000005826      0x1ab /usr/lib/gcc/arm-none-eabi/10.3.1/../../../arm-none-eabi/lib/thumb/v7-m/nofp/libg_nano.a(lib_a-readr.o)
 .debug_abbrev  0x00000000000059d1      0x265 /usr/lib/gcc/arm-none-eabi/10.3.1/../../../arm-none-eabi/lib/thumb/v7-m/nofp/libg_nano.a(lib_a-reent.o)
 .debug_abbrev  0x0000000000005c36       0x6d /usr/lib/gcc/arm-none-eabi/10.3.1/../../../arm-none-eabi/lib/thumb/v7-m/nofp/libnosys.a(close.o)
 .debug_abbrev  0x0000000000005ca3       0x92 /usr/lib/gcc/arm-none-eabi/10.3.1/../../../arm-none-eabi/lib/thumb/v7-m/nofp/libnosys.a(lseek.o)
 .debug_abbrev  0x0000000000005d35       0x9b /usr/lib/gcc/arm-none-eabi/10.3.1/../../../arm-none-eabi/lib/thumb/v7-m/nofp/libnosys.a(read.o)
 .debug_abbrev  0x0000000000005dd0       0xa2 /usr/lib/gcc/arm-none-eabi/10.3.1/../../../arm-none-eabi/lib/thumb/v7-m/nofp/libnosys.a(sbrk.o)
 .debug_abbrev  0x0000000000005e72       0x9b /usr/lib/gcc/arm-none-eabi/10.3.1/../../../arm-none-eabi/lib/thumb/v7-m/nofp/libnosys.a(write.o)

.debug_loc      0x0000000000000000     0xee30
 .debug_loc     0x0000000000000000     0x320d ./output/tasks.o
 .debug_loc     0x000000000000320d      0x10f ./output/list.o
 .debug_loc     0x000000000000331c     0x20e2 ./output/queue.o
 .debug_loc     0x00000000000053fe     0x1115 ./output/timers.o
 .debug_loc     0x0000000000006513      0xaf2 ./output/event_groups.o
 .debug_loc     0x0000000000007005     0x1b5d ./output/stream_buffer.o
 .debug_loc     0x0000000000008b62      0x4fd ./output/heap_4.o
 .debug_loc     0x000000000000905f      0x10a ./output/port.o
 .debug_loc     0x0000000000009169      0x411 ./output/EventGroupsDemo.o
 .debug_loc     0x000000000000957a      0x70d ./output/IntQueue.o
 .debug_loc     0x0000000000009c87       0xb0 ./output/IntQueueTimer.o
 .debug_loc     0x0000000000009d37       0xd0 ./output/IntSemTest.o
 .debug_loc     0x0000000000009e07       0xb1 ./output/QueueOverwrite.o
 .debug_loc     0x0000000000009eb8      0x458 ./output/QueueSet.o
 .debug_loc     0x000000000000a310       0x5d ./output/QueueSetPolling.o
 .debug_loc     0x000000000000a36d      0xcfe ./output/StreamBufferDemo.o
 .debug_loc     0x000000000000b06b       0x94 ./output/StreamBufferInterrupt.o
 .debug_loc     0x000000000000b0ff      0x2f4 ./output/TaskNotify.o
 .debug_loc     0x000000000000b3f3      0xa92 ./output/TaskNotifyArray.o
 .debug_loc     0x000000000000be85      0x4f9 ./output/TimerDemo.o
 .debug_loc     0x000000000000c37e      0x1a5 ./output/main.o
 .debug_loc     0x000000000000c523       0xb5 ./output/main_full.o
 .debug_loc     0x000000000000c5d8       0x6f ./output/main_test.o
 .debug_loc     0x000000000000c647       0x25 ./output/startup_gcc.o
 .debug_loc     0x000000000000c66c      0xa75 ./output/printf-stdarg.o
 .debug_loc     0x000000000000d0e1      0x4c9 /usr/lib/gcc/arm-none-eabi/10.3.1/../../../arm-none-eabi/lib/thumb/v7-m/nofp/libg_nano.a(lib_a-fflush.o)
 .debug_loc     0x000000000000d5aa      0x3d9 /usr/lib/gcc/arm-none-eabi/10.3.1/../../../arm-none-eabi/lib/thumb/v7-m/nofp/libg_nano.a(lib_a-findfp.o)
 .debug_loc     0x000000000000d983      0x1bf /usr/lib/gcc/arm-none-eabi/10.3.1/../../../arm-none-eabi/lib/thumb/v7-m/nofp/libg_nano.a(lib_a-fwalk.o)
 .debug_loc     0x000000000000db42      0x22c /usr/lib/gcc/arm-none-eabi/10.3.1/../../../arm-none-eabi/lib/thumb/v7-m/nofp/libg_nano.a(lib_a-memset.o)
 .debug_loc     0x000000000000dd6e      0x27f /usr/lib/gcc/arm-none-eabi/10.3.1/../../../arm-none-eabi/lib/thumb/v7-m/nofp/libg_nano.a(lib_a-nano-freer.o)
 .debug_loc     0x000000000000dfed      0x3da /usr/lib/gcc/arm-none-eabi/10.3.1/../../../arm-none-eabi/lib/thumb/v7-m/nofp/libg_nano.a(lib_a-nano-mallocr.o)
 .debug_loc     0x000000000000e3c7       0x6c /usr/lib/gcc/arm-none-eabi/10.3.1/../../../arm-none-eabi/lib/thumb/v7-m/nofp/libg_nano.a(lib_a-sbrkr.o)
 .debug_loc     0x000000000000e433      0x3a0 /usr/lib/gcc/arm-none-eabi/10.3.1/../../../arm-none-eabi/lib/thumb/v7-m/nofp/libg_nano.a(lib_a-stdio.o)
 .debug_loc     0x000000000000e7d3       0x25 /usr/lib/gcc/arm-none-eabi/10.3.1/../../../arm-none-eabi/lib/thumb/v7-m/nofp/libg_nano.a(lib_a-strlen-stub.o)
 .debug_loc     0x000000000000e7f8       0xea /usr/lib/gcc/arm-none-eabi/10.3.1/../../../arm-none-eabi/lib/thumb/v7-m/nofp/libg_nano.a(lib_a-writer.o)
 .debug_loc     0x000000000000e8e2       0x6c /usr/lib/gcc/arm-none-eabi/10.3.1/../../../arm-none-eabi/lib/thumb/v7-m/nofp/libg_nano.a(lib_a-closer.o)
 .debug_loc     0x000000000000e94e       0xea /usr/lib/gcc/arm-none-eabi/10.3.1/../../../arm-none-eabi/lib/thumb/v7-m/nofp/libg_nano.a(lib_a-lseekr.o)
 .debug_loc     0x000000000000ea38       0xea /usr/lib/gcc/arm-none-eabi/10.3.1/../../../arm-none-eabi/lib/thumb/v7-m/nofp/libg_nano.a(lib_a-readr.o)
 .debug_loc     0x000000000000eb22      0x1cd /usr/lib/gcc/arm-none-eabi/10.3.1/../../../arm-none-eabi/lib/thumb/v7-m/nofp/libg_nano.a(lib_a-reent.o)
 .debug_loc     0x000000000000ecef       0x25 /usr/lib/gcc/arm-none-eabi/10.3.1/../../../arm-none-eabi/lib/thumb/v7-m/nofp/libnosys.a(close.o)
 .debug_loc     0x000000000000ed14       0x4a /usr/lib/gcc/arm-none-eabi/10.3.1/../../../arm-none-eabi/lib/thumb/v7-m/nofp/libnosys.a(lseek.o)
 .debug_loc     0x000000000000ed5e       0x4a /usr/lib/gcc/arm-none-eabi/10.3.1/../../../arm-none-eabi/lib/thumb/v7-m/nofp/libnosys.a(read.o)
 .debug_loc     0x000000000000eda8       0x3e /usr/lib/gcc/arm-none-eabi/10.3.1/../../../arm-none-eabi/lib/thumb/v7-m/nofp/libnosys.a(sbrk.o)
 .debug_loc     0x000000000000ede6       0x4a /usr/lib/gcc/arm-none-eabi/10.3.1/../../../arm-none-eabi/lib/thumb/v7-m/nofp/libnosys.a(write.o)

.debug_aranges  0x0000000000000000      0xeb0
 .debug_aranges
                0x0000000000000000      0x228 ./output/tasks.o
 .debug_aranges
                0x0000000000000228       0x48 ./output/list.o
 .debug_aranges
                0x0000000000000270      0x168 ./output/queue.o
 .debug_aranges
                0x00000000000003d8       0xe0 ./output/timers.o
 .debug_aranges
                0x00000000000004b8       0x70 ./output/event_groups.o
 .debug_aranges
                0x0000000000000528       0xe8 ./output/stream_buffer.o
 .debug_aranges
                0x0000000000000610       0x60 ./output/heap_4.o
 .debug_aranges
                0x0000000000000670       0x78 ./output/port.o
 .debug_aranges
                0x00000000000006e8       0x48 ./output/EventGroupsDemo.o
 .debug_aranges
                0x0000000000000730       0x70 ./output/IntQueue.o
 .debug_aranges
                0x00000000000007a0       0x30 ./output/IntQueueTimer.o
 .debug_aranges
                0x00000000000007d0       0x48 ./output/IntSemTest.o
 .debug_aranges
                0x0000000000000818       0x38 ./output/QueueOverwrite.o
 .debug_aranges
                0x0000000000000850       0x50 ./output/QueueSet.o
 .debug_aranges
                0x00000000000008a0       0x38 ./output/QueueSetPolling.o
 .debug_aranges
                0x00000000000008d8       0x78 ./output/StreamBufferDemo.o
 .debug_aranges
                0x0000000000000950       0x38 ./output/StreamBufferInterrupt.o
 .debug_aranges
                0x0000000000000988       0x50 ./output/TaskNotify.o
 .debug_aranges
                0x00000000000009d8       0x50 ./output/TaskNotifyArray.o
 .debug_aranges
                0x0000000000000a28       0x60 ./output/TimerDemo.o
 .debug_aranges
                0x0000000000000a88       0x68 ./output/main.o
 .debug_aranges
                0x0000000000000af0       0x40 ./output/main_full.o
 .debug_aranges
                0x0000000000000b30       0x38 ./output/main_test.o
 .debug_aranges
                0x0000000000000b68       0x38 ./output/startup_gcc.o
 .debug_aranges
                0x0000000000000ba0       0x58 ./output/printf-stdarg.o
 .debug_aranges
                0x0000000000000bf8       0x20 /usr/lib/gcc/arm-none-eabi/10.3.1/../../../arm-none-eabi/lib/thumb/v7-m/nofp/libg_nano.a(lib_a-fflush.o)
 .debug_aranges
                0x0000000000000c18       0x20 /usr/lib/gcc/arm-none-eabi/10.3.1/../../../arm-none-eabi/lib/thumb/v7-m/nofp/libg_nano.a(lib_a-findfp.o)
 .debug_aranges
                0x0000000000000c38       0x20 /usr/lib/gcc/arm-none-eabi/10.3.1/../../../arm-none-eabi/lib/thumb/v7-m/nofp/libg_nano.a(lib_a-fwalk.o)
 .debug_aranges
                0x0000000000000c58       0x18 /usr/lib/gcc/arm-none-eabi/10.3.1/../../../arm-none-eabi/lib/thumb/v7-m/nofp/libg_nano.a(lib_a-impure.o)
 .debug_aranges
                0x0000000000000c70       0x20 /usr/lib/gcc/arm-none-eabi/10.3.1/../../../arm-none-eabi/lib/thumb/v7-m/nofp/libg_nano.a(lib_a-memcpy.o)
 .debug_aranges
                0x0000000000000c90       0x20 /usr/lib/gcc/arm-none-eabi/10.3.1/../../../arm-none-eabi/lib/thumb/v7-m/nofp/libg_nano.a(lib_a-memset.o)
 .debug_aranges
                0x0000000000000cb0       0x20 /usr/lib/gcc/arm-none-eabi/10.3.1/../../../arm-none-eabi/lib/thumb/v7-m/nofp/libg_nano.a(lib_a-nano-freer.o)
 .debug_aranges
                0x0000000000000cd0       0x20 /usr/lib/gcc/arm-none-eabi/10.3.1/../../../arm-none-eabi/lib/thumb/v7-m/nofp/libg_nano.a(lib_a-nano-mallocr.o)
 .debug_aranges
                0x0000000000000cf0       0x20 /usr/lib/gcc/arm-none-eabi/10.3.1/../../../arm-none-eabi/lib/thumb/v7-m/nofp/libg_nano.a(lib_a-sbrkr.o)
 .debug_aranges
                0x0000000000000d10       0x20 /usr/lib/gcc/arm-none-eabi/10.3.1/../../../arm-none-eabi/lib/thumb/v7-m/nofp/libg_nano.a(lib_a-stdio.o)
 .debug_aranges
                0x0000000000000d30       0x20 /usr/lib/gcc/arm-none-eabi/10.3.1/../../../arm-none-eabi/lib/thumb/v7-m/nofp/libg_nano.a(lib_a-strlen-stub.o)
 .debug_aranges
                0x0000000000000d50       0x20 /usr/lib/gcc/arm-none-eabi/10.3.1/../../../arm-none-eabi/lib/thumb/v7-m/nofp/libg_nano.a(lib_a-writer.o)
 .debug_aranges
                0x0000000000000d70       0x20 /usr/lib/gcc/arm-none-eabi/10.3.1/../../../arm-none-eabi/lib/thumb/v7-m/nofp/libg_nano.a(lib_a-closer.o)
 .debug_aranges
                0x0000000000000d90       0x20 /usr/lib/gcc/arm-none-eabi/10.3.1/../../../arm-none-eabi/lib/thumb/v7-m/nofp/libg_nano.a(lib_a-lseekr.o)
 .debug_aranges
                0x0000000000000db0       0x20 /usr/lib/gcc/arm-none-eabi/10.3.1/../../../arm-none-eabi/lib/thumb/v7-m/nofp/libg_nano.a(lib_a-mlock.o)
 .debug_aranges
                0x0000000000000dd0       0x20 /usr/lib/gcc/arm-none-eabi/10.3.1/../../../arm-none-eabi/lib/thumb/v7-m/nofp/libg_nano.a(lib_a-readr.o)
 .debug_aranges
                0x0000000000000df0       0x20 /usr/lib/gcc/arm-none-eabi/10.3.1/../../../arm-none-eabi/lib/thumb/v7-m/nofp/libg_nano.a(lib_a-reent.o)
 .debug_aranges
                0x0000000000000e10       0x20 /usr/lib/gcc/arm-none-eabi/10.3.1/../../../arm-none-eabi/lib/thumb/v7-m/nofp/libnosys.a(close.o)
 .debug_aranges
                0x0000000000000e30       0x20 /usr/lib/gcc/arm-none-eabi/10.3.1/../../../arm-none-eabi/lib/thumb/v7-m/nofp/libnosys.a(lseek.o)
 .debug_aranges
                0x0000000000000e50       0x20 /usr/lib/gcc/arm-none-eabi/10.3.1/../../../arm-none-eabi/lib/thumb/v7-m/nofp/libnosys.a(read.o)
 .debug_aranges
                0x0000000000000e70       0x20 /usr/lib/gcc/arm-none-eabi/10.3.1/../../../arm-none-eabi/lib/thumb/v7-m/nofp/libnosys.a(sbrk.o)
 .debug_aranges
                0x0000000000000e90       0x20 /usr/lib/gcc/arm-none-eabi/10.3.1/../../../arm-none-eabi/lib/thumb/v7-m/nofp/libnosys.a(write.o)

.debug_ranges   0x0000000000000000     0x1878
 .debug_ranges  0x0000000000000000      0x690 ./output/tasks.o
 .debug_ranges  0x0000000000000690       0x38 ./output/list.o
 .debug_ranges  0x00000000000006c8      0x310 ./output/queue.o
 .debug_ranges  0x00000000000009d8      0x1b0 ./output/timers.o
 .debug_ranges  0x0000000000000b88       0xb0 ./output/event_groups.o
 .debug_ranges  0x0000000000000c38       0xd8 ./output/stream_buffer.o
 .debug_ranges  0x0000000000000d10       0x98 ./output/heap_4.o
 .debug_ranges  0x0000000000000da8       0xb0 ./output/port.o
 .debug_ranges  0x0000000000000e58       0xa8 ./output/EventGroupsDemo.o
 .debug_ranges  0x0000000000000f00       0xf0 ./output/IntQueue.o
 .debug_ranges  0x0000000000000ff0       0x50 ./output/IntQueueTimer.o
 .debug_ranges  0x0000000000001040       0x60 ./output/IntSemTest.o
 .debug_ranges  0x00000000000010a0       0x28 ./output/QueueOverwrite.o
 .debug_ranges  0x00000000000010c8      0x148 ./output/QueueSet.o
 .debug_ranges  0x0000000000001210       0x28 ./output/QueueSetPolling.o
 .debug_ranges  0x0000000000001238       0x80 ./output/StreamBufferDemo.o
 .debug_ranges  0x00000000000012b8       0x28 ./output/StreamBufferInterrupt.o
 .debug_ranges  0x00000000000012e0       0x60 ./output/TaskNotify.o
 .debug_ranges  0x0000000000001340       0xa8 ./output/TaskNotifyArray.o
 .debug_ranges  0x00000000000013e8      0x100 ./output/TimerDemo.o
 .debug_ranges  0x00000000000014e8       0x58 ./output/main.o
 .debug_ranges  0x0000000000001540       0x30 ./output/main_full.o
 .debug_ranges  0x0000000000001570       0x28 ./output/main_test.o
 .debug_ranges  0x0000000000001598       0x28 ./output/startup_gcc.o
 .debug_ranges  0x00000000000015c0       0x60 ./output/printf-stdarg.o
 .debug_ranges  0x0000000000001620       0xb8 /usr/lib/gcc/arm-none-eabi/10.3.1/../../../arm-none-eabi/lib/thumb/v7-m/nofp/libg_nano.a(lib_a-fflush.o)
 .debug_ranges  0x00000000000016d8      0x140 /usr/lib/gcc/arm-none-eabi/10.3.1/../../../arm-none-eabi/lib/thumb/v7-m/nofp/libg_nano.a(lib_a-findfp.o)
 .debug_ranges  0x0000000000001818       0x18 /usr/lib/gcc/arm-none-eabi/10.3.1/../../../arm-none-eabi/lib/thumb/v7-m/nofp/libg_nano.a(lib_a-nano-freer.o)
 .debug_ranges  0x0000000000001830       0x38 /usr/lib/gcc/arm-none-eabi/10.3.1/../../../arm-none-eabi/lib/thumb/v7-m/nofp/libg_nano.a(lib_a-nano-mallocr.o)
 .debug_ranges  0x0000000000001868       0x10 /usr/lib/gcc/arm-none-eabi/10.3.1/../../../arm-none-eabi/lib/thumb/v7-m/nofp/libg_nano.a(lib_a-strlen-stub.o)

.debug_macro    0x0000000000000000     0x7f59
 .debug_macro   0x0000000000000000      0x353 ./output/tasks.o
 .debug_macro   0x0000000000000353      0xa60 ./output/tasks.o
 .debug_macro   0x0000000000000db3       0x18 ./output/tasks.o
 .debug_macro   0x0000000000000dcb       0x22 ./output/tasks.o
 .debug_macro   0x0000000000000ded       0x52 ./output/tasks.o
 .debug_macro   0x0000000000000e3f       0x94 ./output/tasks.o
 .debug_macro   0x0000000000000ed3       0x35 ./output/tasks.o
 .debug_macro   0x0000000000000f08       0x34 ./output/tasks.o
 .debug_macro   0x0000000000000f3c       0x16 ./output/tasks.o
 .debug_macro   0x0000000000000f52      0x10e ./output/tasks.o
 .debug_macro   0x0000000000001060       0x8d ./output/tasks.o
 .debug_macro   0x00000000000010ed       0x16 ./output/tasks.o
 .debug_macro   0x0000000000001103       0x43 ./output/tasks.o
 .debug_macro   0x0000000000001146       0x57 ./output/tasks.o
 .debug_macro   0x000000000000119d       0x34 ./output/tasks.o
 .debug_macro   0x00000000000011d1       0x10 ./output/tasks.o
 .debug_macro   0x00000000000011e1       0x52 ./output/tasks.o
 .debug_macro   0x0000000000001233      0x182 ./output/tasks.o
 .debug_macro   0x00000000000013b5      0x333 ./output/tasks.o
 .debug_macro   0x00000000000016e8       0x16 ./output/tasks.o
 .debug_macro   0x00000000000016fe       0x29 ./output/tasks.o
 .debug_macro   0x0000000000001727       0x16 ./output/tasks.o
 .debug_macro   0x000000000000173d       0x35 ./output/tasks.o
 .debug_macro   0x0000000000001772       0x1c ./output/tasks.o
 .debug_macro   0x000000000000178e       0x10 ./output/tasks.o
 .debug_macro   0x000000000000179e       0x10 ./output/tasks.o
 .debug_macro   0x00000000000017ae       0x6a ./output/tasks.o
 .debug_macro   0x0000000000001818       0x1c ./output/tasks.o
 .debug_macro   0x0000000000001834       0x52 ./output/tasks.o
 .debug_macro   0x0000000000001886       0x22 ./output/tasks.o
 .debug_macro   0x00000000000018a8       0x10 ./output/tasks.o
 .debug_macro   0x00000000000018b8       0x40 ./output/tasks.o
 .debug_macro   0x00000000000018f8       0xd5 ./output/tasks.o
 .debug_macro   0x00000000000019cd       0x1c ./output/tasks.o
 .debug_macro   0x00000000000019e9       0x3d ./output/tasks.o
 .debug_macro   0x0000000000001a26       0x16 ./output/tasks.o
 .debug_macro   0x0000000000001a3c      0x16f ./output/tasks.o
 .debug_macro   0x0000000000001bab      0x34e ./output/tasks.o
 .debug_macro   0x0000000000001ef9       0x16 ./output/tasks.o
 .debug_macro   0x0000000000001f0f      0x178 ./output/tasks.o
 .debug_macro   0x0000000000002087       0x1c ./output/tasks.o
 .debug_macro   0x00000000000020a3      0x182 ./output/tasks.o
 .debug_macro   0x0000000000002225       0xe0 ./output/tasks.o
 .debug_macro   0x0000000000002305       0x3a ./output/tasks.o
 .debug_macro   0x000000000000233f       0x1f ./output/tasks.o
 .debug_macro   0x000000000000235e       0x12 ./output/tasks.o
 .debug_macro   0x0000000000002370      0xfe5 ./output/tasks.o
 .debug_macro   0x0000000000003355       0xca ./output/tasks.o
 .debug_macro   0x000000000000341f      0x14f ./output/tasks.o
 .debug_macro   0x000000000000356e       0x98 ./output/tasks.o
 .debug_macro   0x0000000000003606       0x16 ./output/tasks.o
 .debug_macro   0x000000000000361c      0x171 ./output/list.o
 .debug_macro   0x000000000000378d      0x203 ./output/queue.o
 .debug_macro   0x0000000000003990       0x8e ./output/queue.o
 .debug_macro   0x0000000000003a1e      0x1c0 ./output/timers.o
 .debug_macro   0x0000000000003bde       0x9e ./output/timers.o
 .debug_macro   0x0000000000003c7c      0x1a6 ./output/event_groups.o
 .debug_macro   0x0000000000003e22       0x31 ./output/event_groups.o
 .debug_macro   0x0000000000003e53      0x1de ./output/stream_buffer.o
 .debug_macro   0x0000000000004031      0x174 ./output/stream_buffer.o
 .debug_macro   0x00000000000041a5       0x10 ./output/stream_buffer.o
 .debug_macro   0x00000000000041b5       0x38 ./output/stream_buffer.o
 .debug_macro   0x00000000000041ed      0x201 ./output/heap_4.o
 .debug_macro   0x00000000000043ee      0x162 ./output/port.o
 .debug_macro   0x0000000000004550      0x14c ./output/EventGroupsDemo.o
 .debug_macro   0x000000000000469c      0x1fa ./output/IntQueue.o
 .debug_macro   0x0000000000004896       0xfc ./output/IntQueueTimer.o
 .debug_macro   0x0000000000004992       0x22 ./output/IntQueueTimer.o
 .debug_macro   0x00000000000049b4       0x1c ./output/IntQueueTimer.o
 .debug_macro   0x00000000000049d0       0x22 ./output/IntQueueTimer.o
 .debug_macro   0x00000000000049f2       0xd6 ./output/IntQueueTimer.o
 .debug_macro   0x0000000000004ac8      0xe2d ./output/IntQueueTimer.o
 .debug_macro   0x00000000000058f5      0x11f ./output/IntQueueTimer.o
 .debug_macro   0x0000000000005a14      0x7b3 ./output/IntQueueTimer.o
 .debug_macro   0x00000000000061c7      0x4a6 ./output/IntQueueTimer.o
 .debug_macro   0x000000000000666d      0x1be ./output/IntSemTest.o
 .debug_macro   0x000000000000682b       0xbf ./output/QueueOverwrite.o
 .debug_macro   0x00000000000068ea      0x1e2 ./output/QueueSet.o
 .debug_macro   0x0000000000006acc      0x1ac ./output/QueueSetPolling.o
 .debug_macro   0x0000000000006c78      0x29c ./output/StreamBufferDemo.o
 .debug_macro   0x0000000000006f14      0x25a ./output/StreamBufferInterrupt.o
 .debug_macro   0x000000000000716e       0xe0 ./output/TaskNotify.o
 .debug_macro   0x000000000000724e       0xda ./output/TaskNotifyArray.o
 .debug_macro   0x0000000000007328      0x1b4 ./output/TimerDemo.o
 .debug_macro   0x00000000000074dc      0x26b ./output/main.o
 .debug_macro   0x0000000000007747      0x387 ./output/main_full.o
 .debug_macro   0x0000000000007ace      0x25c ./output/main_test.o
 .debug_macro   0x0000000000007d2a      0x199 ./output/startup_gcc.o
 .debug_macro   0x0000000000007ec3       0x3e ./output/printf-stdarg.o
 .debug_macro   0x0000000000007f01       0x58 ./output/printf-stdarg.o

.debug_line     0x0000000000000000    0x16082
 .debug_line    0x0000000000000000     0x367b ./output/tasks.o
 .debug_line    0x000000000000367b      0x50d ./output/list.o
 .debug_line    0x0000000000003b88     0x2126 ./output/queue.o
 .debug_line    0x0000000000005cae      0xf63 ./output/timers.o
 .debug_line    0x0000000000006c11      0xa76 ./output/event_groups.o
 .debug_line    0x0000000000007687     0x1658 ./output/stream_buffer.o
 .debug_line    0x0000000000008cdf      0x8a0 ./output/heap_4.o
 .debug_line    0x000000000000957f      0x595 ./output/port.o
 .debug_line    0x0000000000009b14      0xebd ./output/EventGroupsDemo.o
 .debug_line    0x000000000000a9d1      0xdca ./output/IntQueue.o
 .debug_line    0x000000000000b79b      0x3a3 ./output/IntQueueTimer.o
 .debug_line    0x000000000000bb3e      0x87e ./output/IntSemTest.o
 .debug_line    0x000000000000c3bc      0x3de ./output/QueueOverwrite.o
 .debug_line    0x000000000000c79a      0xe15 ./output/QueueSet.o
 .debug_line    0x000000000000d5af      0x45c ./output/QueueSetPolling.o
 .debug_line    0x000000000000da0b     0x16e0 ./output/StreamBufferDemo.o
 .debug_line    0x000000000000f0eb      0x55a ./output/StreamBufferInterrupt.o
 .debug_line    0x000000000000f645      0x878 ./output/TaskNotify.o
 .debug_line    0x000000000000febd     0x1051 ./output/TaskNotifyArray.o
 .debug_line    0x0000000000010f0e     0x1104 ./output/TimerDemo.o
 .debug_line    0x0000000000012012      0x597 ./output/main.o
 .debug_line    0x00000000000125a9      0x82c ./output/main_full.o
 .debug_line    0x0000000000012dd5      0x3a1 ./output/main_test.o
 .debug_line    0x0000000000013176      0x2da ./output/startup_gcc.o
 .debug_line    0x0000000000013450      0x52f ./output/printf-stdarg.o
 .debug_line    0x000000000001397f      0x494 /usr/lib/gcc/arm-none-eabi/10.3.1/../../../arm-none-eabi/lib/thumb/v7-m/nofp/libg_nano.a(lib_a-fflush.o)
 .debug_line    0x0000000000013e13      0x5ab /usr/lib/gcc/arm-none-eabi/10.3.1/../../../arm-none-eabi/lib/thumb/v7-m/nofp/libg_nano.a(lib_a-findfp.o)
 .debug_line    0x00000000000143be      0x27a /usr/lib/gcc/arm-none-eabi/10.3.1/../../../arm-none-eabi/lib/thumb/v7-m/nofp/libg_nano.a(lib_a-fwalk.o)
 .debug_line    0x0000000000014638       0xe4 /usr/lib/gcc/arm-none-eabi/10.3.1/../../../arm-none-eabi/lib/thumb/v7-m/nofp/libg_nano.a(lib_a-impure.o)
 .debug_line    0x000000000001471c       0xc1 /usr/lib/gcc/arm-none-eabi/10.3.1/../../../arm-none-eabi/lib/thumb/v7-m/nofp/libg_nano.a(lib_a-memcpy.o)
 .debug_line    0x00000000000147dd      0x1bf /usr/lib/gcc/arm-none-eabi/10.3.1/../../../arm-none-eabi/lib/thumb/v7-m/nofp/libg_nano.a(lib_a-memset.o)
 .debug_line    0x000000000001499c      0x2e5 /usr/lib/gcc/arm-none-eabi/10.3.1/../../../arm-none-eabi/lib/thumb/v7-m/nofp/libg_nano.a(lib_a-nano-freer.o)
 .debug_line    0x0000000000014c81      0x2d6 /usr/lib/gcc/arm-none-eabi/10.3.1/../../../arm-none-eabi/lib/thumb/v7-m/nofp/libg_nano.a(lib_a-nano-mallocr.o)
 .debug_line    0x0000000000014f57      0x186 /usr/lib/gcc/arm-none-eabi/10.3.1/../../../arm-none-eabi/lib/thumb/v7-m/nofp/libg_nano.a(lib_a-sbrkr.o)
 .debug_line    0x00000000000150dd      0x231 /usr/lib/gcc/arm-none-eabi/10.3.1/../../../arm-none-eabi/lib/thumb/v7-m/nofp/libg_nano.a(lib_a-stdio.o)
 .debug_line    0x000000000001530e       0xf4 /usr/lib/gcc/arm-none-eabi/10.3.1/../../../arm-none-eabi/lib/thumb/v7-m/nofp/libg_nano.a(lib_a-strlen-stub.o)
 .debug_line    0x0000000000015402      0x18d /usr/lib/gcc/arm-none-eabi/10.3.1/../../../arm-none-eabi/lib/thumb/v7-m/nofp/libg_nano.a(lib_a-writer.o)
 .debug_line    0x000000000001558f      0x186 /usr/lib/gcc/arm-none-eabi/10.3.1/../../../arm-none-eabi/lib/thumb/v7-m/nofp/libg_nano.a(lib_a-closer.o)
 .debug_line    0x0000000000015715      0x18d /usr/lib/gcc/arm-none-eabi/10.3.1/../../../arm-none-eabi/lib/thumb/v7-m/nofp/libg_nano.a(lib_a-lseekr.o)
 .debug_line    0x00000000000158a2      0x13e /usr/lib/gcc/arm-none-eabi/10.3.1/../../../arm-none-eabi/lib/thumb/v7-m/nofp/libg_nano.a(lib_a-mlock.o)
 .debug_line    0x00000000000159e0      0x18c /usr/lib/gcc/arm-none-eabi/10.3.1/../../../arm-none-eabi/lib/thumb/v7-m/nofp/libg_nano.a(lib_a-readr.o)
 .debug_line    0x0000000000015b6c      0x2c7 /usr/lib/gcc/arm-none-eabi/10.3.1/../../../arm-none-eabi/lib/thumb/v7-m/nofp/libg_nano.a(lib_a-reent.o)
 .debug_line    0x0000000000015e33       0x75 /usr/lib/gcc/arm-none-eabi/10.3.1/../../../arm-none-eabi/lib/thumb/v7-m/nofp/libnosys.a(close.o)
 .debug_line    0x0000000000015ea8       0x76 /usr/lib/gcc/arm-none-eabi/10.3.1/../../../arm-none-eabi/lib/thumb/v7-m/nofp/libnosys.a(lseek.o)
 .debug_line    0x0000000000015f1e       0x75 /usr/lib/gcc/arm-none-eabi/10.3.1/../../../arm-none-eabi/lib/thumb/v7-m/nofp/libnosys.a(read.o)
 .debug_line    0x0000000000015f93       0x79 /usr/lib/gcc/arm-none-eabi/10.3.1/../../../arm-none-eabi/lib/thumb/v7-m/nofp/libnosys.a(sbrk.o)
 .debug_line    0x000000000001600c       0x76 /usr/lib/gcc/arm-none-eabi/10.3.1/../../../arm-none-eabi/lib/thumb/v7-m/nofp/libnosys.a(write.o)

.debug_str      0x0000000000000000    0x29946
 .debug_str     0x0000000000000000    0x14445 ./output/tasks.o
                                      0x147a0 (size before relaxing)
 .debug_str     0x0000000000014445       0x52 ./output/list.o
                                       0xfa2d (size before relaxing)
 .debug_str     0x0000000000014497     0x1503 ./output/queue.o
                                      0x126b7 (size before relaxing)
 .debug_str     0x000000000001599a      0x6c5 ./output/timers.o
                                      0x12a77 (size before relaxing)
 .debug_str     0x000000000001605f      0x5a9 ./output/event_groups.o
                                      0x11efc (size before relaxing)
 .debug_str     0x0000000000016608     0x138d ./output/stream_buffer.o
                                      0x122ff (size before relaxing)
 .debug_str     0x0000000000017995      0x758 ./output/heap_4.o
                                      0x11552 (size before relaxing)
 .debug_str     0x00000000000180ed      0x80f ./output/port.o
                                       0xeb91 (size before relaxing)