Archive member included to satisfy reference by file (symbol)

/usr/lib/gcc/arm-none-eabi/10.3.1/../../../arm-none-eabi/lib/thumb/v7-m/nofp/libg_nano.a(lib_a-fflush.o)
                              ./output/startup_gcc.o (fflush)
/usr/lib/gcc/arm-none-eabi/10.3.1/../../../arm-none-eabi/lib/thumb/v7-m/nofp/libg_nano.a(lib_a-findfp.o)
                              /usr/lib/gcc/arm-none-eabi/10.3.1/../../../arm-none-eabi/lib/thumb/v7-m/nofp/libg_nano.a(lib_a-fflush.o) (__sinit)
/usr/lib/gcc/arm-none-eabi/10.3.1/../../../arm-none-eabi/lib/thumb/v7-m/nofp/libg_nano.a(lib_a-fwalk.o)
                              /usr/lib/gcc/arm-none-eabi/10.3.1/../../../arm-none-eabi/lib/thumb/v7-m/nofp/libg_nano.a(lib_a-findfp.o) (_fwalk)
/usr/lib/gcc/arm-none-eabi/10.3.1/../../../arm-none-eabi/lib/thumb/v7-m/nofp/libg_nano.a(lib_a-impure.o)
                              /usr/lib/gcc/arm-none-eabi/10.3.1/../../../arm-none-eabi/lib/thumb/v7-m/nofp/libg_nano.a(lib_a-fflush.o) (_global_impure_ptr)
/usr/lib/gcc/arm-none-eabi/10.3.1/../../../arm-none-eabi/lib/thumb/v7-m/nofp/libg_nano.a(lib_a-memcmp.o)
                              ./output/MessageBufferDemo.o (memcmp)
/usr/lib/gcc/arm-none-eabi/10.3.1/../../../arm-none-eabi/lib/thumb/v7-m/nofp/libg_nano.a(lib_a-memcpy.o)
                              ./output/queue.o (memcpy)
/usr/lib/gcc/arm-none-eabi/10.3.1/../../../arm-none-eabi/lib/thumb/v7-m/nofp/libg_nano.a(lib_a-memset.o)
                              ./output/tasks.o (memset)
/usr/lib/gcc/arm-none-eabi/10.3.1/../../../arm-none-eabi/lib/thumb/v7-m/nofp/libg_nano.a(lib_a-nano-freer.o)
                              /usr/lib/gcc/arm-none-eabi/10.3.1/../../../arm-none-eabi/lib/thumb/v7-m/nofp/libg_nano.a(lib_a-fflush.o) (_free_r)
/usr/lib/gcc/arm-none-eabi/10.3.1/../../../arm-none-eabi/lib/thumb/v7-m/nofp/libg_nano.a(lib_a-nano-mallocr.o)
                              /usr/lib/gcc/arm-none-eabi/10.3.1/../../../arm-none-eabi/lib/thumb/v7-m/nofp/libg_nano.a(lib_a-findfp.o) (_malloc_r)
/usr/lib/gcc/arm-none-eabi/10.3.1/../../../arm-none-eabi/lib/thumb/v7-m/nofp/libg_nano.a(lib_a-sbrkr.o)
                              /usr/lib/gcc/arm-none-eabi/10.3.1/../../../arm-none-eabi/lib/thumb/v7-m/nofp/libg_nano.a(lib_a-nano-mallocr.o) (_sbrk_r)
/usr/lib/gcc/arm-none-eabi/10.3.1/../../../arm-none-eabi/lib/thumb/v7-m/nofp/libg_nano.a(lib_a-stdio.o)
                              /usr/lib/gcc/arm-none-eabi/10.3.1/../../../arm-none-eabi/lib/thumb/v7-m/nofp/libg_nano.a(lib_a-findfp.o) (__sread)
/usr/lib/gcc/arm-none-eabi/10.3.1/../../../arm-none-eabi/lib/thumb/v7-m/nofp/libg_nano.a(lib_a-strcmp.o)
                              ./output/tasks.o (strcmp)
/usr/lib/gcc/arm-none-eabi/10.3.1/../../../arm-none-eabi/lib/thumb/v7-m/nofp/libg_nano.a(lib_a-strlen-stub.o)
                              ./output/tasks.o (strlen)
/usr/lib/gcc/arm-none-eabi/10.3.1/../../../arm-none-eabi/lib/thumb/v7-m/nofp/libg_nano.a(lib_a-writer.o)
                              /usr/lib/gcc/arm-none-eabi/10.3.1/../../../arm-none-eabi/lib/thumb/v7-m/nofp/libg_nano.a(lib_a-stdio.o) (_write_r)
/usr/lib/gcc/arm-none-eabi/10.3.1/../../../arm-none-eabi/lib/thumb/v7-m/nofp/libg_nano.a(lib_a-closer.o)
                              /usr/lib/gcc/arm-none-eabi/10.3.1/../../../arm-none-eabi/lib/thumb/v7-m/nofp/libg_nano.a(lib_a-stdio.o) (_close_r)
/usr/lib/gcc/arm-none-eabi/10.3.1/../../../arm-none-eabi/lib/thumb/v7-m/nofp/libg_nano.a(lib_a-lseekr.o)
                              /usr/lib/gcc/arm-none-eabi/10.3.1/../../../arm-none-eabi/lib/thumb/v7-m/nofp/libg_nano.a(lib_a-stdio.o) (_lseek_r)
/usr/lib/gcc/arm-none-eabi/10.3.1/../../../arm-none-eabi/lib/thumb/v7-m/nofp/libg_nano.a(lib_a-mlock.o)
                              /usr/lib/gcc/arm-none-eabi/10.3.1/../../../arm-none-eabi/lib/thumb/v7-m/nofp/libg_nano.a(lib_a-nano-freer.o) (__malloc_lock)
/usr/lib/gcc/arm-none-eabi/10.3.1/../../../arm-none-eabi/lib/thumb/v7-m/nofp/libg_nano.a(lib_a-readr.o)
                              /usr/lib/gcc/arm-none-eabi/10.3.1/../../../arm-none-eabi/lib/thumb/v7-m/nofp/libg_nano.a(lib_a-stdio.o) (_read_r)
/usr/lib/gcc/arm-none-eabi/10.3.1/../../../arm-none-eabi/lib/thumb/v7-m/nofp/libg_nano.a(lib_a-reent.o)
                              /usr/lib/gcc/arm-none-eabi/10.3.1/../../../arm-none-eabi/lib/thumb/v7-m/nofp/libg_nano.a(lib_a-sbrkr.o) (errno)
/usr/lib/gcc/arm-none-eabi/10.3.1/../../../arm-none-eabi/lib/thumb/v7-m/nofp/libnosys.a(close.o)
                              /usr/lib/gcc/arm-none-eabi/10.3.1/../../../arm-none-eabi/lib/thumb/v7-m/nofp/libg_nano.a(lib_a-closer.o) (_close)
/usr/lib/gcc/arm-none-eabi/10.3.1/../../../arm-none-eabi/lib/thumb/v7-m/nofp/libnosys.a(lseek.o)
                              /usr/lib/gcc/arm-none-eabi/10.3.1/../../../arm-none-eabi/lib/thumb/v7-m/nofp/libg_nano.a(lib_a-lseekr.o) (_lseek)
/usr/lib/gcc/arm-none-eabi/10.3.1/../../../arm-none-eabi/lib/thumb/v7-m/nofp/libnosys.a(read.o)
[...]
Memory Configuration

Name             Origin             Length             Attributes
FLASH            0x0000000000000000 0x0000000000400000 xr
RAM              0x0000000020000000 0x0000000000400000 rw
*default*        0x0000000000000000 0xffffffffffffffff

Linker script and memory map

LOAD ./output/tasks.o
LOAD ./output/list.o
LOAD ./output/queue.o
LOAD ./output/timers.o
LOAD ./output/event_groups.o
LOAD ./output/stream_buffer.o
LOAD ./output/heap_4.o
LOAD ./output/port.o
LOAD ./output/AbortDelay.o
LOAD ./output/BlockQ.o
LOAD ./output/blocktim.o
LOAD ./output/countsem.o
LOAD ./output/death.o
LOAD ./output/dynamic.o
LOAD ./output/EventGroupsDemo.o
LOAD ./output/GenQTest.o
LOAD ./output/integer.o
LOAD ./output/IntQueue.o
LOAD ./output/IntQueueTimer.o
LOAD ./output/IntSemTest.o
LOAD ./output/MessageBufferAMP.o
LOAD ./output/MessageBufferDemo.o
LOAD ./output/PollQ.o
LOAD ./output/QPeek.o
LOAD ./output/QueueOverwrite.o
LOAD ./output/QueueSet.o
LOAD ./output/QueueSetPolling.o
LOAD ./output/recmutex.o
LOAD ./output/semtest.o
LOAD ./output/StaticAllocation.o
LOAD ./output/StreamBufferDemo.o
LOAD ./output/StreamBufferInterrupt.o
LOAD ./output/TaskNotify.o
LOAD ./output/TaskNotifyArray.o
LOAD ./output/TimerDemo.o
LOAD ./output/main.o
LOAD ./output/main_blinky.o
LOAD ./output/main_full.o
LOAD ./output/startup_gcc.o
LOAD ./output/RegTest.o
LOAD ./output/printf-stdarg.o
START GROUP
LOAD /usr/lib/gcc/arm-none-eabi/10.3.1/thumb/v7-m/nofp/libgcc.a
LOAD /usr/lib/gcc/arm-none-eabi/10.3.1/../../../arm-none-eabi/lib/thumb/v7-m/nofp/libg_nano.a
LOAD /usr/lib/gcc/arm-none-eabi/10.3.1/../../../arm-none-eabi/lib/thumb/v7-m/nofp/libc_nano.a
END GROUP
START GROUP
LOAD /usr/lib/gcc/arm-none-eabi/10.3.1/thumb/v7-m/nofp/libgcc.a
LOAD /usr/lib/gcc/arm-none-eabi/10.3.1/../../../arm-none-eabi/lib/thumb/v7-m/nofp/libc_nano.a
LOAD /usr/lib/gcc/arm-none-eabi/10.3.1/../../../arm-none-eabi/lib/thumb/v7-m/nofp/libnosys.a
END GROUP
START GROUP
LOAD /usr/lib/gcc/arm-none-eabi/10.3.1/thumb/v7-m/nofp/libgcc.a
LOAD /usr/lib/gcc/arm-none-eabi/10.3.1/../../../arm-none-eabi/lib/thumb/v7-m/nofp/libc_nano.a
LOAD /usr/lib/gcc/arm-none-eabi/10.3.1/../../../arm-none-eabi/lib/thumb/v7-m/nofp/libnosys.a
END GROUP
                0x0000000000000008                _Min_Heap_Size = 0x8
                0x0000000000000400                _Min_Stack_Size = 0x400
                0x0000000020400000                _estack = (ORIGIN (RAM) + LENGTH (RAM))

.isr_vector     0x0000000000000000       0x78
                0x0000000000000000                __vector_table = .
 *(.isr_vector)
 .isr_vector    0x0000000000000000       0x78 ./output/startup_gcc.o
                0x0000000000000000                isr_vector
                0x0000000000000078                . = ALIGN (0x4)

.text           0x0000000000000078      0xeec
 *(.text)
 .text          0x0000000000000078      0x1dc /usr/lib/gcc/arm-none-eabi/10.3.1/../../../arm-none-eabi/lib/thumb/v7-m/nofp/libg_nano.a(lib_a-fflush.o)
                0x0000000000000078                __sflush_r
                0x0000000000000180                _fflush_r
                0x00000000000001d4                fflush
 .text          0x0000000000000254      0x230 /usr/lib/gcc/arm-none-eabi/10.3.1/../../../arm-none-eabi/lib/thumb/v7-m/nofp/libg_nano.a(lib_a-findfp.o)
                0x0000000000000258                _cleanup_r
                0x0000000000000268                __sfmoreglue
                0x0000000000000298                __sfp
                0x0000000000000430                _cleanup
                0x0000000000000444                __sinit
                0x000000000000044c                __sfp_lock_acquire
                0x0000000000000450                __sfp_lock_release
                0x0000000000000454                __sinit_lock_acquire
                0x0000000000000458                __sinit_lock_release
                0x000000000000045c                __fp_lock_all
                0x0000000000000470                __fp_unlock_all
 .text          0x0000000000000484       0x88 /usr/lib/gcc/arm-none-eabi/10.3.1/../../../arm-none-eabi/lib/thumb/v7-m/nofp/libg_nano.a(lib_a-fwalk.o)
                0x0000000000000484                _fwalk
                0x00000000000004c4                _fwalk_reent
 .text          0x000000000000050c       0xec /usr/lib/gcc/arm-none-eabi/10.3.1/../../../arm-none-eabi/lib/thumb/v7-m/nofp/libg_nano.a(lib_a-memcpy.o)
                0x000000000000050c                memcpy
 .text          0x00000000000005f8       0xa4 /usr/lib/gcc/arm-none-eabi/10.3.1/../../../arm-none-eabi/lib/thumb/v7-m/nofp/libg_nano.a(lib_a-memset.o)
                0x00000000000005f8                memset
 .text          0x000000000000069c       0xcc /usr/lib/gcc/arm-none-eabi/10.3.1/../../../arm-none-eabi/lib/thumb/v7-m/nofp/libg_nano.a(lib_a-nano-freer.o)
                0x000000000000069c                _free_r
 .text          0x0000000000000768       0xb8 /usr/lib/gcc/arm-none-eabi/10.3.1/../../../arm-none-eabi/lib/thumb/v7-m/nofp/libg_nano.a(lib_a-nano-mallocr.o)
                0x0000000000000768                _malloc_r
 .text          0x0000000000000820       0x24 /usr/lib/gcc/arm-none-eabi/10.3.1/../../../arm-none-eabi/lib/thumb/v7-m/nofp/libg_nano.a(lib_a-sbrkr.o)
                0x0000000000000820                _sbrk_r
 .text          0x0000000000000844       0x90 /usr/lib/gcc/arm-none-eabi/10.3.1/../../../arm-none-eabi/lib/thumb/v7-m/nofp/libg_nano.a(lib_a-stdio.o)
                0x0000000000000844                __sread
                0x0000000000000868                __seofread
                0x000000000000086c                __swrite
                0x00000000000008ac                __sseek
                0x00000000000008cc                __sclose
 .text          0x00000000000008d4      0x1bc /usr/lib/gcc/arm-none-eabi/10.3.1/../../../arm-none-eabi/lib/thumb/v7-m/nofp/libg_nano.a(lib_a-strcmp.o)
                0x00000000000008d4                strcmp
 .text          0x0000000000000a90       0x2c /usr/lib/gcc/arm-none-eabi/10.3.1/../../../arm-none-eabi/lib/thumb/v7-m/nofp/libg_nano.a(lib_a-writer.o)
                0x0000000000000a90                _write_r
 .text          0x0000000000000abc       0x24 /usr/lib/gcc/arm-none-eabi/10.3.1/../../../arm-none-eabi/lib/thumb/v7-m/nofp/libg_nano.a(lib_a-closer.o)
                0x0000000000000abc                _close_r
 .text          0x0000000000000ae0       0x2c /usr/lib/gcc/arm-none-eabi/10.3.1/../../../arm-none-eabi/lib/thumb/v7-m/nofp/libg_nano.a(lib_a-lseekr.o)
                0x0000000000000ae0                _lseek_r
 .text          0x0000000000000b0c        0x8 /usr/lib/gcc/arm-none-eabi/10.3.1/../../../arm-none-eabi/lib/thumb/v7-m/nofp/libg_nano.a(lib_a-mlock.o)
                0x0000000000000b0c                __malloc_lock
                0x0000000000000b10                __malloc_unlock
 .text          0x0000000000000b14       0x2c /usr/lib/gcc/arm-none-eabi/10.3.1/../../../arm-none-eabi/lib/thumb/v7-m/nofp/libg_nano.a(lib_a-readr.o)
                0x0000000000000b14                _read_r
 .text          0x0000000000000b40       0x10 /usr/lib/gcc/arm-none-eabi/10.3.1/../../../arm-none-eabi/lib/thumb/v7-m/nofp/libnosys.a(close.o)
                0x0000000000000b40                _close
 .text          0x0000000000000b50       0x10 /usr/lib/gcc/arm-none-eabi/10.3.1/../../../arm-none-eabi/lib/thumb/v7-m/nofp/libnosys.a(lseek.o)
                0x0000000000000b50                _lseek
 .text          0x0000000000000b60       0x10 /usr/lib/gcc/arm-none-eabi/10.3.1/../../../arm-none-eabi/lib/thumb/v7-m/nofp/libnosys.a(read.o)
                0x0000000000000b60                _read
 .text          0x0000000000000b70       0x1c /usr/lib/gcc/arm-none-eabi/10.3.1/../../../arm-none-eabi/lib/thumb/v7-m/nofp/libnosys.a(sbrk.o)
                0x0000000000000b70                _sbrk
 .text          0x0000000000000b8c       0x10 /usr/lib/gcc/arm-none-eabi/10.3.1/../../../arm-none-eabi/lib/thumb/v7-m/nofp/libnosys.a(write.o)
                0x0000000000000b8c                _write
 *(.rodata*)
 .rodata.prvAddNewTaskToReadyList.str1.1
                0x0000000000000b9c       0x90 ./output/tasks.o
 .rodata.prvTaskIsTaskSuspended.str1.1
                0x0000000000000c2c       0x1d ./output/tasks.o
 .rodata.prvInitialiseNewTask.constprop.0.str1.1
                0x0000000000000c49       0x22 ./output/tasks.o
 .rodata.xTaskIncrementTick.str1.1
                0x0000000000000c6b       0xaf ./output/tasks.o
 .rodata.prvNotifyQueueSetContainer.str1.1
                0x0000000000000d1a       0x1d ./output/queue.o
 .rodata.xQueueGenericCreateStatic.str1.1
                0x0000000000000d37       0x58 ./output/queue.o
 .rodata.prvCheckForValidListAndQueue.str1.1
                0x0000000000000d8f        0x5 ./output/timers.o
 .rodata.prvTimerTask.str1.1
                0x0000000000000d94       0x1e ./output/timers.o
 .rodata.xTimerCreateTimerTask.str1.1
                0x0000000000000db2        0x8 ./output/timers.o
 .rodata.pvPortMalloc.str1.1
                0x0000000000000dba       0x2f ./output/heap_4.o
 .rodata.prvTaskExitError.str1.1
                0x0000000000000de9       0x31 ./output/port.o
 .rodata.vApplicationMallocFailedHook.str1.1
                0x0000000000000e1a       0x14 ./output/main.o
 .rodata.vApplicationStackOverflowHook.str1.1
                0x0000000000000e2e       0x1b ./output/main.o
 .rodata.vAssertCalled.str1.1
                0x0000000000000e49       0x1b ./output/main.o
 .rodata.T4.str1.1
                0x0000000000000e64        0xe ./output/main_blinky.o
 .rodata.T3.str1.1
                0x0000000000000e72        0xe ./output/main_blinky.o
 .rodata.T2.str1.1
                0x0000000000000e80        0xe ./output/main_blinky.o
 .rodata.T1.str1.1
                0x0000000000000e8e        0xe ./output/main_blinky.o
 .rodata.main_blinky.str1.1
                0x0000000000000e9c       0x25 ./output/main_blinky.o
 .rodata.prvGetRegistersFromStack.str1.1
                0x0000000000000ec1       0x36 ./output/startup_gcc.o
 .rodata.tiny_print.str1.1
                0x0000000000000ef7        0x7 ./output/printf-stdarg.o
 *fill*         0x0000000000000efe        0x2 
 .rodata        0x0000000000000f00       0x60 /usr/lib/gcc/arm-none-eabi/10.3.1/../../../arm-none-eabi/lib/thumb/v7-m/nofp/libg_nano.a(lib_a-findfp.o)
                0x0000000000000f00                __sf_fake_stderr
                0x0000000000000f20                __sf_fake_stdout
                0x0000000000000f40                __sf_fake_stdin
 .rodata        0x0000000000000f60        0x4 /usr/lib/gcc/arm-none-eabi/10.3.1/../../../arm-none-eabi/lib/thumb/v7-m/nofp/libg_nano.a(lib_a-impure.o)
                0x0000000000000f60                _global_impure_ptr
 *(.constdata*)
                0x0000000000000f64                _etext = .
                0x0000000000000f64                _sidata = .

.glue_7         0x0000000000000f64        0x0
 .glue_7        0x0000000000000f64        0x0 linker stubs

.glue_7t        0x0000000000000f64        0x0
 .glue_7t       0x0000000000000f64        0x0 linker stubs

.vfp11_veneer   0x0000000000000f64        0x0
 .vfp11_veneer  0x0000000000000f64        0x0 linker stubs

.v4_bx          0x0000000000000f64        0x0
 .v4_bx         0x0000000000000f64        0x0 linker stubs

.text.prvAddNewTaskToReadyList
                0x0000000000000f64      0x178
 .text.prvAddNewTaskToReadyList
                0x0000000000000f64      0x178 ./output/tasks.o

.text.prvAddCurrentTaskToDelayedList
                0x00000000000010dc       0xac
 .text.prvAddCurrentTaskToDelayedList
                0x00000000000010dc       0xac ./output/tasks.o

.text.prvResetNextTaskUnblockTime
                0x0000000000001188       0x24
 .text.prvResetNextTaskUnblockTime
                0x0000000000001188       0x24 ./output/tasks.o

.text.prvDeleteTCB
                0x00000000000011ac       0x38
 .text.prvDeleteTCB
                0x00000000000011ac       0x38 ./output/tasks.o

.text.prvCheckTasksWaitingTermination
                0x00000000000011e4       0x40
 .text.prvCheckTasksWaitingTermination
                0x00000000000011e4       0x40 ./output/tasks.o

.text.prvIdleTask
                0x0000000000001224        0x8
 .text.prvIdleTask
                0x0000000000001224        0x8 ./output/tasks.o

.text.prvInitialiseNewTask.constprop.0
                0x000000000000122c       0xc0
 .text.prvInitialiseNewTask.constprop.0
                0x000000000000122c       0xc0 ./output/tasks.o

.text.xTaskCreateStatic
                0x00000000000012ec       0x8c
 .text.xTaskCreateStatic
                0x00000000000012ec       0x8c ./output/tasks.o
                0x00000000000012ec                xTaskCreateStatic

.text.xTaskCreate
                0x0000000000001378       0x62
 .text.xTaskCreate
                0x0000000000001378       0x62 ./output/tasks.o
                0x0000000000001378                xTaskCreate

.text.vTaskStartScheduler
                0x00000000000013dc       0xa4
 .text.vTaskStartScheduler
                0x00000000000013dc       0xa4 ./output/tasks.o
                0x00000000000013dc                vTaskStartScheduler

.text.vTaskSuspendAll
                0x0000000000001480       0x10
 .text.vTaskSuspendAll
                0x0000000000001480       0x10 ./output/tasks.o
                0x0000000000001480                vTaskSuspendAll

.text.xTaskGetTickCount
                0x0000000000001490        0xc
 .text.xTaskGetTickCount
                0x0000000000001490        0xc ./output/tasks.o
                0x0000000000001490                xTaskGetTickCount

.text.uxTaskGetNumberOfTasks
                0x000000000000149c        0xc
 .text.uxTaskGetNumberOfTasks
                0x000000000000149c        0xc ./output/tasks.o
                0x000000000000149c                uxTaskGetNumberOfTasks

.text.xTaskIncrementTick
                0x00000000000014a8      0x310
 .text.xTaskIncrementTick
                0x00000000000014a8      0x310 ./output/tasks.o
                0x00000000000014a8                xTaskIncrementTick

.text.xTaskResumeAll
                0x00000000000017b8      0x168
 .text.xTaskResumeAll
                0x00000000000017b8      0x168 ./output/tasks.o
                0x00000000000017b8                xTaskResumeAll

.text.vTaskSwitchContext
                0x0000000000001920       0xa8
 .text.vTaskSwitchContext
                0x0000000000001920       0xa8 ./output/tasks.o
                0x0000000000001920                vTaskSwitchContext

.text.vTaskPlaceOnEventList
                0x00000000000019c8       0x34
 .text.vTaskPlaceOnEventList
                0x00000000000019c8       0x34 ./output/tasks.o
                0x00000000000019c8                vTaskPlaceOnEventList

.text.vTaskPlaceOnEventListRestricted
                0x00000000000019fc       0x60
 .text.vTaskPlaceOnEventListRestricted
                0x00000000000019fc       0x60 ./output/tasks.o
                0x00000000000019fc                vTaskPlaceOnEventListRestricted

.text.xTaskRemoveFromEventList
                0x0000000000001a5c       0xcc
 .text.xTaskRemoveFromEventList
                0x0000000000001a5c       0xcc ./output/tasks.o
                0x0000000000001a5c                xTaskRemoveFromEventList

.text.vTaskInternalSetTimeOutState
                0x0000000000001b28       0x18
 .text.vTaskInternalSetTimeOutState
                0x0000000000001b28       0x18 ./output/tasks.o
                0x0000000000001b28                vTaskInternalSetTimeOutState

.text.xTaskCheckForTimeOut
                0x0000000000001b40       0x6c
 .text.xTaskCheckForTimeOut
                0x0000000000001b40       0x6c ./output/tasks.o
                0x0000000000001b40                xTaskCheckForTimeOut

.text.vTaskMissedYield
                0x0000000000001bac        0xc
 .text.vTaskMissedYield
                0x0000000000001bac        0xc ./output/tasks.o
                0x0000000000001bac                vTaskMissedYield

.text.xTaskGetSchedulerState
                0x0000000000001bb8       0x20
 .text.xTaskGetSchedulerState
                0x0000000000001bb8       0x20 ./output/tasks.o
                0x0000000000001bb8                xTaskGetSchedulerState

.text.xTaskPriorityDisinherit
                0x0000000000001bd8       0x9c
 .text.xTaskPriorityDisinherit
                0x0000000000001bd8       0x9c ./output/tasks.o
                0x0000000000001bd8                xTaskPriorityDisinherit

.iplt           0x0000000000001c74        0x0
 .iplt          0x0000000000001c74        0x0 ./output/tasks.o

.text.vListInitialise
                0x0000000000001c74       0x16
 .text.vListInitialise
                0x0000000000001c74       0x16 ./output/list.o
                0x0000000000001c74                vListInitialise

.text.vListInitialiseItem
                0x0000000000001c8a        0x6
 .text.vListInitialiseItem
                0x0000000000001c8a        0x6 ./output/list.o
                0x0000000000001c8a                vListInitialiseItem

.text.vListInsert
                0x0000000000001c90       0x2e
 .text.vListInsert
                0x0000000000001c90       0x2e ./output/list.o
                0x0000000000001c90                vListInsert

.text.uxListRemove
                0x0000000000001cbe       0x1e
 .text.uxListRemove
                0x0000000000001cbe       0x1e ./output/list.o
                0x0000000000001cbe                uxListRemove

.text.prvIsQueueEmpty
                0x0000000000001cdc       0x16
 .text.prvIsQueueEmpty
                0x0000000000001cdc       0x16 ./output/queue.o

.text.prvCopyDataToQueue
                0x0000000000001cf2       0x6a
 .text.prvCopyDataToQueue
                0x0000000000001cf2       0x6a ./output/queue.o

.text.prvCopyDataFromQueue
                0x0000000000001d5c       0x28
 .text.prvCopyDataFromQueue
                0x0000000000001d5c       0x28 ./output/queue.o

.text.prvNotifyQueueSetContainer
                0x0000000000001d84       0x84
 .text.prvNotifyQueueSetContainer
                0x0000000000001d84       0x84 ./output/queue.o

.text.prvUnlockQueue
                0x0000000000001e08       0x7c
 .text.prvUnlockQueue
                0x0000000000001e08       0x7c ./output/queue.o

.text.xQueueGenericReset
                0x0000000000001e84       0x98
 .text.xQueueGenericReset
                0x0000000000001e84       0x98 ./output/queue.o
                0x0000000000001e84                xQueueGenericReset

.text.xQueueGenericCreateStatic
                0x0000000000001f1c       0x78
 .text.xQueueGenericCreateStatic
                0x0000000000001f1c       0x78 ./output/queue.o
                0x0000000000001f1c                xQueueGenericCreateStatic

.text.xQueueGenericCreate
                0x0000000000001f94       0x58
 .text.xQueueGenericCreate
                0x0000000000001f94       0x58 ./output/queue.o
                0x0000000000001f94                xQueueGenericCreate

.text.xQueueGenericSendFromISR
                0x0000000000001fec       0xe0
 .text.xQueueGenericSendFromISR
                0x0000000000001fec       0xe0 ./output/queue.o
                0x0000000000001fec                xQueueGenericSendFromISR

.text.xQueueReceive
                0x00000000000020cc      0x124
 .text.xQueueReceive
                0x00000000000020cc      0x124 ./output/queue.o
                0x00000000000020cc                xQueueReceive

.text.xQueueReceiveFromISR
                0x00000000000021f0       0xa8
 .text.xQueueReceiveFromISR
                0x00000000000021f0       0xa8 ./output/queue.o
                0x00000000000021f0                xQueueReceiveFromISR

.text.xQueueIsQueueFullFromISR
                0x0000000000002298       0x20
 .text.xQueueIsQueueFullFromISR
                0x0000000000002298       0x20 ./output/queue.o
                0x0000000000002298                xQueueIsQueueFullFromISR

.text.vQueueAddToRegistry
                0x00000000000022b8       0x50
 .text.vQueueAddToRegistry
                0x00000000000022b8       0x50 ./output/queue.o
                0x00000000000022b8                vQueueAddToRegistry

.text.vQueueWaitForMessageRestricted
                0x0000000000002308       0x46
 .text.vQueueWaitForMessageRestricted
                0x0000000000002308       0x46 ./output/queue.o
                0x0000000000002308                vQueueWaitForMessageRestricted

.text.prvCheckForValidListAndQueue
                0x0000000000002350       0x68
 .text.prvCheckForValidListAndQueue
                0x0000000000002350       0x68 ./output/timers.o

.text.prvInsertTimerInActiveList
                0x00000000000023b8       0x3c
 .text.prvInsertTimerInActiveList
                0x00000000000023b8       0x3c ./output/timers.o

.text.prvReloadTimer
                0x00000000000023f4       0x26
 .text.prvReloadTimer
                0x00000000000023f4       0x26 ./output/timers.o

.text.prvProcessExpiredTimer
                0x000000000000241c       0x40
 .text.prvProcessExpiredTimer
                0x000000000000241c       0x40 ./output/timers.o

.text.prvSampleTimeNow
                0x000000000000245c       0x4c
 .text.prvSampleTimeNow
                0x000000000000245c       0x4c ./output/timers.o

.text.prvTimerTask
                0x00000000000024a8      0x178
 .text.prvTimerTask
                0x00000000000024a8      0x178 ./output/timers.o

.text.xTimerCreateTimerTask
                0x0000000000002620       0x64
 .text.xTimerCreateTimerTask
                0x0000000000002620       0x64 ./output/timers.o
                0x0000000000002620                xTimerCreateTimerTask

.text.pvPortMalloc
                0x0000000000002684      0x194
 .text.pvPortMalloc
                0x0000000000002684      0x194 ./output/heap_4.o
                0x0000000000002684                pvPortMalloc

.text.vPortFree
                0x0000000000002818       0xf4
 .text.vPortFree
                0x0000000000002818       0xf4 ./output/heap_4.o
                0x0000000000002818                vPortFree

.text.vPortSVCHandler
                0x000000000000290c       0x24
 .text.vPortSVCHandler
                0x000000000000290c       0x24 ./output/port.o
                0x000000000000290c                vPortSVCHandler

.text.prvPortStartFirstTask
                0x0000000000002930       0x20
 .text.prvPortStartFirstTask
                0x0000000000002930       0x20 ./output/port.o

.text.xPortPendSVHandler
                0x0000000000002950       0x44
 .text.xPortPendSVHandler
                0x0000000000002950       0x44 ./output/port.o
                0x0000000000002950                xPortPendSVHandler

.text.prvTaskExitError
                0x0000000000002994       0x3c
 .text.prvTaskExitError
                0x0000000000002994       0x3c ./output/port.o

.text.pxPortInitialiseStack
                0x00000000000029d0       0x24
 .text.pxPortInitialiseStack
                0x00000000000029d0       0x24 ./output/port.o
                0x00000000000029d0                pxPortInitialiseStack

.text.vPortEnterCritical
                0x00000000000029f4       0x3c
 .text.vPortEnterCritical
                0x00000000000029f4       0x3c ./output/port.o
                0x00000000000029f4                vPortEnterCritical

.text.vPortExitCritical
                0x0000000000002a30       0x28
 .text.vPortExitCritical
                0x0000000000002a30       0x28 ./output/port.o
                0x0000000000002a30                vPortExitCritical

.text.xPortSysTickHandler
                0x0000000000002a58       0x2c
 .text.xPortSysTickHandler
                0x0000000000002a58       0x2c ./output/port.o
                0x0000000000002a58                xPortSysTickHandler

.text.vPortSetupTimerInterrupt
                0x0000000000002a84       0x16
 .text.vPortSetupTimerInterrupt
                0x0000000000002a84       0x16 ./output/port.o
                0x0000000000002a84                vPortSetupTimerInterrupt

.text.xPortStartScheduler
                0x0000000000002a9c      0x10c
 .text.xPortStartScheduler
                0x0000000000002a9c      0x10c ./output/port.o
                0x0000000000002a9c                xPortStartScheduler

.text.prvRecordValue_NormallyFull
                0x0000000000002ba8       0x28
 .text.prvRecordValue_NormallyFull
                0x0000000000002ba8       0x28 ./output/IntQueue.o

.text.prvRecordValue_NormallyEmpty
                0x0000000000002bd0       0x28
 .text.prvRecordValue_NormallyEmpty
                0x0000000000002bd0       0x28 ./output/IntQueue.o

.text.xFirstTimerHandler
                0x0000000000002bf8      0x138
 .text.xFirstTimerHandler
                0x0000000000002bf8      0x138 ./output/IntQueue.o
                0x0000000000002bf8                xFirstTimerHandler

.text.xSecondTimerHandler
                0x0000000000002d30      0x1e8
 .text.xSecondTimerHandler
                0x0000000000002d30      0x1e8 ./output/IntQueue.o
                0x0000000000002d30                xSecondTimerHandler

.text.TIMER0_Handler
                0x0000000000002f18       0x3c
 .text.TIMER0_Handler
                0x0000000000002f18       0x3c ./output/IntQueueTimer.o
                0x0000000000002f18                TIMER0_Handler

.text.TIMER1_Handler
                0x0000000000002f54       0x3c
 .text.TIMER1_Handler
                0x0000000000002f54       0x3c ./output/IntQueueTimer.o
                0x0000000000002f54                TIMER1_Handler

.text.startup.main
                0x0000000000002f90       0x10
 .text.startup.main
                0x0000000000002f90       0x10 ./output/main.o
                0x0000000000002f90                main

.text.vApplicationMallocFailedHook
                0x0000000000002fa0       0x20
 .text.vApplicationMallocFailedHook
                0x0000000000002fa0       0x20 ./output/main.o
                0x0000000000002fa0                vApplicationMallocFailedHook

.text.vApplicationStackOverflowHook
                0x0000000000002fc0       0x20
 .text.vApplicationStackOverflowHook
                0x0000000000002fc0       0x20 ./output/main.o
                0x0000000000002fc0                vApplicationStackOverflowHook

.text.vApplicationTickHook
                0x0000000000002fe0        0x2
 .text.vApplicationTickHook
                0x0000000000002fe0        0x2 ./output/main.o
                0x0000000000002fe0                vApplicationTickHook

.text.vAssertCalled
                0x0000000000002fe4       0x2c
 .text.vAssertCalled
                0x0000000000002fe4       0x2c ./output/main.o
                0x0000000000002fe4                vAssertCalled

.text.vApplicationGetIdleTaskMemory
                0x0000000000003010       0x18
 .text.vApplicationGetIdleTaskMemory
                0x0000000000003010       0x18 ./output/main.o
                0x0000000000003010                vApplicationGetIdleTaskMemory

.text.vApplicationGetTimerTaskMemory
                0x0000000000003028       0x18
 .text.vApplicationGetTimerTaskMemory
                0x0000000000003028       0x18 ./output/main.o
                0x0000000000003028                vApplicationGetTimerTaskMemory

.text.T4        0x0000000000003040       0x1c
 .text.T4       0x0000000000003040       0x1c ./output/main_blinky.o

.text.T3        0x000000000000305c       0x1c
 .text.T3       0x000000000000305c       0x1c ./output/main_blinky.o

.text.T2        0x0000000000003078       0x1c
 .text.T2       0x0000000000003078       0x1c ./output/main_blinky.o

.text.T1        0x0000000000003094       0x1c
 .text.T1       0x0000000000003094       0x1c ./output/main_blinky.o

.text.main_blinky
                0x00000000000030b0       0xa0
 .text.main_blinky
                0x00000000000030b0       0xa0 ./output/main_blinky.o
                0x00000000000030b0                main_blinky

.text.Default_Handler
                0x0000000000003200        0xc
 .text.Default_Handler
                0x0000000000003200        0xc ./output/startup_gcc.o

.text.HardFault_Handler
                0x0000000000003300       0x18
 .text.HardFault_Handler
                0x0000000000003300       0x18 ./output/startup_gcc.o

.text.Reset_Handler
                0x0000000000003318        0x4
 .text.Reset_Handler
                0x0000000000003318        0x4 ./output/startup_gcc.o
                0x0000000000003318                Reset_Handler

.text.prvGetRegistersFromStack
                0x000000000000331c       0x6c
 .text.prvGetRegistersFromStack
                0x000000000000331c       0x6c ./output/startup_gcc.o
                0x000000000000331c                prvGetRegistersFromStack

.text.printchar
                0x0000000000003388       0x1e
 .text.printchar
                0x0000000000003388       0x1e ./output/printf-stdarg.o

.text.prints    0x00000000000033a6       0x82
 .text.prints   0x00000000000033a6       0x82 ./output/printf-stdarg.o

.text.printi    0x0000000000003428       0xa6
 .text.printi   0x0000000000003428       0xa6 ./output/printf-stdarg.o

.text.tiny_print
                0x00000000000034d0      0x124
 .text.tiny_print
                0x00000000000034d0      0x124 ./output/printf-stdarg.o

.text.printf    0x00000000000035f4       0x1e
 .text.printf   0x00000000000035f4       0x1e ./output/printf-stdarg.o
                0x00000000000035f4                printf

.rel.dyn        0x0000000000003614        0x0
 .rel.iplt      0x0000000000003614        0x0 ./output/tasks.o

.data           0x0000000020000000       0x64
                0x0000000020000000                . = ALIGN (0x8)
                0x0000000020000000                _data = .
                0x0000000020000000                _sdata = .
 *(vtable)
 *(.data)
 .data          0x0000000020000000       0x64 /usr/lib/gcc/arm-none-eabi/10.3.1/../../../arm-none-eabi/lib/thumb/v7-m/nofp/libg_nano.a(lib_a-impure.o)
                0x0000000020000000                _impure_ptr
                0x0000000020000064                _edata = .

.data.uxTopUsedPriority
                0x0000000020000064        0x4
 .data.uxTopUsedPriority
                0x0000000020000064        0x4 ./output/tasks.o

.igot.plt       0x0000000020000068        0x0
 .igot.plt      0x0000000020000068        0x0 ./output/tasks.o

.data.uxCriticalNesting
                0x0000000020000068        0x4
 .data.uxCriticalNesting
                0x0000000020000068        0x4 ./output/port.o

.data.xErrorStatus
                0x000000002000006c        0x4
 .data.xErrorStatus
                0x000000002000006c        0x4 ./output/IntQueue.o

.bss            0x0000000020000070       0x10
                0x0000000020000070                . = ALIGN (0x8)
                0x0000000020000070                _bss = .
                0x0000000020000070                _sbss = .
 *(.bss)
 .bss           0x0000000020000070        0x8 /usr/lib/gcc/arm-none-eabi/10.3.1/../../../arm-none-eabi/lib/thumb/v7-m/nofp/libg_nano.a(lib_a-nano-mallocr.o)
                0x0000000020000070                __malloc_free_list
                0x0000000020000074                __malloc_sbrk_start
 .bss           0x0000000020000078        0x4 /usr/lib/gcc/arm-none-eabi/10.3.1/../../../arm-none-eabi/lib/thumb/v7-m/nofp/libg_nano.a(lib_a-reent.o)
                0x0000000020000078                errno
 .bss           0x000000002000007c        0x4 /usr/lib/gcc/arm-none-eabi/10.3.1/../../../arm-none-eabi/lib/thumb/v7-m/nofp/libnosys.a(sbrk.o)
                0x0000000020000080                _ebss = .

.bss.pxCurrentTCB
                0x0000000020000080        0x4
 .bss.pxCurrentTCB
                0x0000000020000080        0x4 ./output/tasks.o
                0x0000000020000080                pxCurrentTCB

.bss.pxDelayedTaskList
                0x0000000020000084        0x4
 .bss.pxDelayedTaskList
                0x0000000020000084        0x4 ./output/tasks.o

.bss.pxOverflowDelayedTaskList
                0x0000000020000088        0x4
 .bss.pxOverflowDelayedTaskList
                0x0000000020000088        0x4 ./output/tasks.o

.bss.pxReadyTasksLists
                0x000000002000008c      0x118
 .bss.pxReadyTasksLists
                0x000000002000008c      0x118 ./output/tasks.o

.bss.uxCurrentNumberOfTasks
                0x00000000200001a4        0x4
 .bss.uxCurrentNumberOfTasks
                0x00000000200001a4        0x4 ./output/tasks.o

.bss.uxDeletedTasksWaitingCleanUp
                0x00000000200001a8        0x4
 .bss.uxDeletedTasksWaitingCleanUp
                0x00000000200001a8        0x4 ./output/tasks.o

.bss.uxMLFQCount
                0x00000000200001ac        0x4
 .bss.uxMLFQCount
                0x00000000200001ac        0x4 ./output/tasks.o

.bss.uxSchedulerSuspended
                0x00000000200001b0        0x4
 .bss.uxSchedulerSuspended
                0x00000000200001b0        0x4 ./output/tasks.o

.bss.uxTaskNumber
                0x00000000200001b4        0x4
 .bss.uxTaskNumber
                0x00000000200001b4        0x4 ./output/tasks.o

.bss.uxTopReadyPriority
                0x00000000200001b8        0x4
 .bss.uxTopReadyPriority
                0x00000000200001b8        0x4 ./output/tasks.o

.bss.xDelayedTaskList1
                0x00000000200001bc       0x1c
 .bss.xDelayedTaskList1
                0x00000000200001bc       0x1c ./output/tasks.o

.bss.xDelayedTaskList2
                0x00000000200001d8       0x1c
 .bss.xDelayedTaskList2
                0x00000000200001d8       0x1c ./output/tasks.o

.bss.xIdleTaskHandles
                0x00000000200001f4        0x4
 .bss.xIdleTaskHandles
                0x00000000200001f4        0x4 ./output/tasks.o

.bss.xNextTaskUnblockTime
                0x00000000200001f8        0x4
 .bss.xNextTaskUnblockTime
                0x00000000200001f8        0x4 ./output/tasks.o

.bss.xNumOfOverflows
                0x00000000200001fc        0x4
 .bss.xNumOfOverflows
                0x00000000200001fc        0x4 ./output/tasks.o

.bss.xPendedTicks
                0x0000000020000200        0x4
 .bss.xPendedTicks
                0x0000000020000200        0x4 ./output/tasks.o

.bss.xPendingReadyList
                0x0000000020000204       0x1c
 .bss.xPendingReadyList
                0x0000000020000204       0x1c ./output/tasks.o

.bss.xSchedulerRunning
                0x0000000020000220        0x4
 .bss.xSchedulerRunning
                0x0000000020000220        0x4 ./output/tasks.o

.bss.xSuspendedTaskList
                0x0000000020000224       0x1c
 .bss.xSuspendedTaskList
                0x0000000020000224       0x1c ./output/tasks.o

.bss.xTasksWaitingTermination
                0x0000000020000240       0x1c
 .bss.xTasksWaitingTermination
                0x0000000020000240       0x1c ./output/tasks.o

.bss.xTickCount
                0x000000002000025c        0x4
 .bss.xTickCount
                0x000000002000025c        0x4 ./output/tasks.o

.bss.xYieldPendings
                0x0000000020000260        0x4
 .bss.xYieldPendings
                0x0000000020000260        0x4 ./output/tasks.o

.bss.xQueueRegistry
                0x0000000020000264       0x50
 .bss.xQueueRegistry
                0x0000000020000264       0x50 ./output/queue.o
                0x0000000020000264                xQueueRegistry

.bss.pxCurrentTimerList
                0x00000000200002b4        0x4
 .bss.pxCurrentTimerList
                0x00000000200002b4        0x4 ./output/timers.o

.bss.pxOverflowTimerList
                0x00000000200002b8        0x4
 .bss.pxOverflowTimerList
                0x00000000200002b8        0x4 ./output/timers.o

.bss.ucStaticTimerQueueStorage.1
                0x00000000200002bc      0x140
 .bss.ucStaticTimerQueueStorage.1
                0x00000000200002bc      0x140 ./output/timers.o

.bss.xActiveTimerList1
                0x00000000200003fc       0x1c
 .bss.xActiveTimerList1
                0x00000000200003fc       0x1c ./output/timers.o

.bss.xActiveTimerList2
                0x0000000020000418       0x1c
 .bss.xActiveTimerList2
                0x0000000020000418       0x1c ./output/timers.o

.bss.xLastTime.2
                0x0000000020000434        0x4
 .bss.xLastTime.2
                0x0000000020000434        0x4 ./output/timers.o

.bss.xStaticTimerQueue.0
                0x0000000020000438       0x4c
 .bss.xStaticTimerQueue.0
                0x0000000020000438       0x4c ./output/timers.o

.bss.xTimerQueue
                0x0000000020000484        0x4
 .bss.xTimerQueue
                0x0000000020000484        0x4 ./output/timers.o

.bss.xTimerTaskHandle
                0x0000000020000488        0x4
 .bss.xTimerTaskHandle
                0x0000000020000488        0x4 ./output/timers.o

.bss.pxEnd      0x000000002000048c        0x4
 .bss.pxEnd     0x000000002000048c        0x4 ./output/heap_4.o

.bss.ucHeap     0x0000000020000490     0xf000
 .bss.ucHeap    0x0000000020000490     0xf000 ./output/heap_4.o

.bss.xFreeBytesRemaining
                0x000000002000f490        0x4
 .bss.xFreeBytesRemaining
                0x000000002000f490        0x4 ./output/heap_4.o

.bss.xMinimumEverFreeBytesRemaining
                0x000000002000f494        0x4
 .bss.xMinimumEverFreeBytesRemaining
                0x000000002000f494        0x4 ./output/heap_4.o

.bss.xNumberOfSuccessfulAllocations
                0x000000002000f498        0x4
 .bss.xNumberOfSuccessfulAllocations
                0x000000002000f498        0x4 ./output/heap_4.o

.bss.xNumberOfSuccessfulFrees
                0x000000002000f49c        0x4
 .bss.xNumberOfSuccessfulFrees
                0x000000002000f49c        0x4 ./output/heap_4.o

.bss.xStart     0x000000002000f4a0        0x8
 .bss.xStart    0x000000002000f4a0        0x8 ./output/heap_4.o

.bss.ucMaxSysCallPriority
                0x000000002000f4a8        0x1
 .bss.ucMaxSysCallPriority
                0x000000002000f4a8        0x1 ./output/port.o

.bss.ulMaxPRIGROUPValue
                0x000000002000f4ac        0x4
 .bss.ulMaxPRIGROUPValue
                0x000000002000f4ac        0x4 ./output/port.o

.bss.ucNormallyEmptyReceivedValues
                0x000000002000f4b0       0xc8
 .bss.ucNormallyEmptyReceivedValues
                0x000000002000f4b0       0xc8 ./output/IntQueue.o

.bss.ucNormallyFullReceivedValues
                0x000000002000f578       0xc8
 .bss.ucNormallyFullReceivedValues
                0x000000002000f578       0xc8 ./output/IntQueue.o

.bss.uxNextOperation.4
                0x000000002000f640        0x4
 .bss.uxNextOperation.4
                0x000000002000f640        0x4 ./output/IntQueue.o

.bss.uxNextOperation.5
                0x000000002000f644        0x4
 .bss.uxNextOperation.5
                0x000000002000f644        0x4 ./output/IntQueue.o

.bss.uxValueForNormallyEmptyQueue
                0x000000002000f648        0x4
 .bss.uxValueForNormallyEmptyQueue
                0x000000002000f648        0x4 ./output/IntQueue.o

.bss.uxValueForNormallyFullQueue
                0x000000002000f64c        0x4
 .bss.uxValueForNormallyFullQueue
                0x000000002000f64c        0x4 ./output/IntQueue.o

.bss.xErrorLine
                0x000000002000f650        0x4
 .bss.xErrorLine
                0x000000002000f650        0x4 ./output/IntQueue.o

.bss.xNormallyEmptyQueue
                0x000000002000f654        0x4
 .bss.xNormallyEmptyQueue
                0x000000002000f654        0x4 ./output/IntQueue.o

.bss.xNormallyFullQueue
                0x000000002000f658        0x4
 .bss.xNormallyFullQueue
                0x000000002000f658        0x4 ./output/IntQueue.o

.bss.ulNest     0x000000002000f65c        0x4
 .bss.ulNest    0x000000002000f65c        0x4 ./output/IntQueueTimer.o
                0x000000002000f65c                ulNest

.bss.ulNestCount
                0x000000002000f660        0x4
 .bss.ulNestCount
                0x000000002000f660        0x4 ./output/IntQueueTimer.o
                0x000000002000f660                ulNestCount

.bss.uxIdleTaskStack.2
                0x000000002000f664      0x140
 .bss.uxIdleTaskStack.2
                0x000000002000f664      0x140 ./output/main.o

.bss.uxTimerTaskStack.0
                0x000000002000f7a4      0x280
 .bss.uxTimerTaskStack.0
                0x000000002000f7a4      0x280 ./output/main.o

.bss.xIdleTaskTCB.3
                0x000000002000fa24       0x5c
 .bss.xIdleTaskTCB.3
                0x000000002000fa24       0x5c ./output/main.o

.bss.xTimerTaskTCB.1
                0x000000002000fa80       0x5c
 .bss.xTimerTaskTCB.1
                0x000000002000fa80       0x5c ./output/main.o

.bss.xT1        0x000000002000fadc        0x4
 .bss.xT1       0x000000002000fadc        0x4 ./output/main_blinky.o
                0x000000002000fadc                xT1

.bss.xT2        0x000000002000fae0        0x4
 .bss.xT2       0x000000002000fae0        0x4 ./output/main_blinky.o
                0x000000002000fae0                xT2

.bss.xT3        0x000000002000fae4        0x4
 .bss.xT3       0x000000002000fae4        0x4 ./output/main_blinky.o
                0x000000002000fae4                xT3

.bss.xT4        0x000000002000fae8        0x4
 .bss.xT4       0x000000002000fae8        0x4 ./output/main_blinky.o
                0x000000002000fae8                xT4

.bss.lr         0x000000002000faec        0x4
 .bss.lr        0x000000002000faec        0x4 ./output/startup_gcc.o
                0x000000002000faec                lr

.bss.pc         0x000000002000faf0        0x4
 .bss.pc        0x000000002000faf0        0x4 ./output/startup_gcc.o
                0x000000002000faf0                pc

.bss.psr        0x000000002000faf4        0x4
 .bss.psr       0x000000002000faf4        0x4 ./output/startup_gcc.o
                0x000000002000faf4                psr

.bss.r0         0x000000002000faf8        0x4
 .bss.r0        0x000000002000faf8        0x4 ./output/startup_gcc.o
                0x000000002000faf8                r0

.bss.r1         0x000000002000fafc        0x4
 .bss.r1        0x000000002000fafc        0x4 ./output/startup_gcc.o
                0x000000002000fafc                r1

.bss.r12        0x000000002000fb00        0x4
 .bss.r12       0x000000002000fb00        0x4 ./output/startup_gcc.o
                0x000000002000fb00                r12

.bss.r2         0x000000002000fb04        0x4
 .bss.r2        0x000000002000fb04        0x4 ./output/startup_gcc.o
                0x000000002000fb04                r2

.bss.r3         0x000000002000fb08        0x4
 .bss.r3        0x000000002000fb08        0x4 ./output/startup_gcc.o
                0x000000002000fb08                r3

.heap           0x000000002000fb0c      0x40c
                0x000000002000fb10                . = ALIGN (0x8)
 *fill*         0x000000002000fb0c        0x4 
                0x000000002000fb10                PROVIDE (end = .)
                [!provide]                        PROVIDE (_end = .)
                0x000000002000fb10                _heap_bottom = .
                0x000000002000fb18                . = (. + _Min_Heap_Size)
 *fill*         0x000000002000fb10        0x8 
                0x000000002000fb18                _heap_top = .
                0x000000002000ff18                . = (. + _Min_Stack_Size)
 *fill*         0x000000002000fb18      0x400 
                0x000000002000ff18                . = ALIGN (0x8)
                0x0000000020400000                __StackTop = (ORIGIN (RAM) + LENGTH (RAM))
                0x00000000203ffc00                __StackLimit = (__StackTop - _Min_Stack_Size)
                [!provide]                        PROVIDE (__stack = __StackTop)
                0x0000000000000001                ASSERT ((__StackLimit >= _heap_top), region RAM overflowed with stack)
OUTPUT(./output/RTOSDemo.out elf32-littlearm)
LOAD linker stubs

.debug_info     0x0000000000000000    0x16077
 .debug_info    0x0000000000000000     0x420f ./output/tasks.o
 .debug_info    0x000000000000420f      0x353 ./output/list.o
 .debug_info    0x0000000000004562     0x2eb4 ./output/queue.o
 .debug_info    0x0000000000007416     0x1c67 ./output/timers.o
 .debug_info    0x000000000000907d      0x750 ./output/heap_4.o
 .debug_info    0x00000000000097cd      0x5af ./output/port.o
 .debug_info    0x0000000000009d7c     0x15c7 ./output/IntQueue.o
 .debug_info    0x000000000000b343      0x6dd ./output/IntQueueTimer.o
 .debug_info    0x000000000000ba20      0x60e ./output/main.o
 .debug_info    0x000000000000c02e      0x460 ./output/main_blinky.o
 .debug_info    0x000000000000c48e      0xa89 ./output/startup_gcc.o
 .debug_info    0x000000000000cf17      0x678 ./output/printf-stdarg.o
 .debug_info    0x000000000000d58f      0xb0a /usr/lib/gcc/arm-none-eabi/10.3.1/../../../arm-none-eabi/lib/thumb/v7-m/nofp/libg_nano.a(lib_a-fflush.o)
 .debug_info    0x000000000000e099      0xfae /usr/lib/gcc/arm-none-eabi/10.3.1/../../../arm-none-eabi/lib/thumb/v7-m/nofp/libg_nano.a(lib_a-findfp.o)
 .debug_info    0x000000000000f047      0x900 /usr/lib/gcc/arm-none-eabi/10.3.1/../../../arm-none-eabi/lib/thumb/v7-m/nofp/libg_nano.a(lib_a-fwalk.o)
 .debug_info    0x000000000000f947      0x863 /usr/lib/gcc/arm-none-eabi/10.3.1/../../../arm-none-eabi/lib/thumb/v7-m/nofp/libg_nano.a(lib_a-impure.o)
 .debug_info    0x00000000000101aa       0x26 /usr/lib/gcc/arm-none-eabi/10.3.1/../../../arm-none-eabi/lib/thumb/v7-m/nofp/libg_nano.a(lib_a-memcpy.o)
 .debug_info    0x00000000000101d0      0x137 /usr/lib/gcc/arm-none-eabi/10.3.1/../../../arm-none-eabi/lib/thumb/v7-m/nofp/libg_nano.a(lib_a-memset.o)
 .debug_info    0x0000000000010307      0x940 /usr/lib/gcc/arm-none-eabi/10.3.1/../../../arm-none-eabi/lib/thumb/v7-m/nofp/libg_nano.a(lib_a-nano-freer.o)
 .debug_info    0x0000000000010c47      0xa0c /usr/lib/gcc/arm-none-eabi/10.3.1/../../../arm-none-eabi/lib/thumb/v7-m/nofp/libg_nano.a(lib_a-nano-mallocr.o)
 .debug_info    0x0000000000011653      0x828 /usr/lib/gcc/arm-none-eabi/10.3.1/../../../arm-none-eabi/lib/thumb/v7-m/nofp/libg_nano.a(lib_a-sbrkr.o)
 .debug_info    0x0000000000011e7b      0xabc /usr/lib/gcc/arm-none-eabi/10.3.1/../../../arm-none-eabi/lib/thumb/v7-m/nofp/libg_nano.a(lib_a-stdio.o)
 .debug_info    0x0000000000012937       0x26 /usr/lib/gcc/arm-none-eabi/10.3.1/../../../arm-none-eabi/lib/thumb/v7-m/nofp/libg_nano.a(lib_a-strcmp.o)
 .debug_info    0x000000000001295d      0x85a /usr/lib/gcc/arm-none-eabi/10.3.1/../../../arm-none-eabi/lib/thumb/v7-m/nofp/libg_nano.a(lib_a-writer.o)
 .debug_info    0x00000000000131b7      0x805 /usr/lib/gcc/arm-none-eabi/10.3.1/../../../arm-none-eabi/lib/thumb/v7-m/nofp/libg_nano.a(lib_a-closer.o)
 .debug_info    0x00000000000139bc      0x83b /usr/lib/gcc/arm-none-eabi/10.3.1/../../../arm-none-eabi/lib/thumb/v7-m/nofp/libg_nano.a(lib_a-lseekr.o)
 .debug_info    0x00000000000141f7      0x7dc /usr/lib/gcc/arm-none-eabi/10.3.1/../../../arm-none-eabi/lib/thumb/v7-m/nofp/libg_nano.a(lib_a-mlock.o)
 .debug_info    0x00000000000149d3      0x853 /usr/lib/gcc/arm-none-eabi/10.3.1/../../../arm-none-eabi/lib/thumb/v7-m/nofp/libg_nano.a(lib_a-readr.o)
 .debug_info    0x0000000000015226      0xa7e /usr/lib/gcc/arm-none-eabi/10.3.1/../../../arm-none-eabi/lib/thumb/v7-m/nofp/libg_nano.a(lib_a-reent.o)
 .debug_info    0x0000000000015ca4       0xb1 /usr/lib/gcc/arm-none-eabi/10.3.1/../../../arm-none-eabi/lib/thumb/v7-m/nofp/libnosys.a(close.o)
 .debug_info    0x0000000000015d55       0xd3 /usr/lib/gcc/arm-none-eabi/10.3.1/../../../arm-none-eabi/lib/thumb/v7-m/nofp/libnosys.a(lseek.o)
 .debug_info    0x0000000000015e28       0xd9 /usr/lib/gcc/arm-none-eabi/10.3.1/../../../arm-none-eabi/lib/thumb/v7-m/nofp/libnosys.a(read.o)
 .debug_info    0x0000000000015f01       0x9d /usr/lib/gcc/arm-none-eabi/10.3.1/../../../arm-none-eabi/lib/thumb/v7-m/nofp/libnosys.a(sbrk.o)
 .debug_info    0x0000000000015f9e       0xd9 /usr/lib/gcc/arm-none-eabi/10.3.1/../../../arm-none-eabi/lib/thumb/v7-m/nofp/libnosys.a(write.o)

.debug_abbrev   0x0000000000000000     0x4113
 .debug_abbrev  0x0000000000000000      0x4e9 ./output/tasks.o
 .debug_abbrev  0x00000000000004e9      0x109 ./output/list.o
 .debug_abbrev  0x00000000000005f2      0x3b7 ./output/queue.o
 .debug_abbrev  0x00000000000009a9      0x410 ./output/timers.o
 .debug_abbrev  0x0000000000000db9      0x29d ./output/heap_4.o
 .debug_abbrev  0x0000000000001056      0x2a9 ./output/port.o
 .debug_abbrev  0x00000000000012ff      0x2b9 ./output/IntQueue.o
 .debug_abbrev  0x00000000000015b8      0x217 ./output/IntQueueTimer.o
 .debug_abbrev  0x00000000000017cf      0x280 ./output/main.o
 .debug_abbrev  0x0000000000001a4f      0x15f ./output/main_blinky.o
 .debug_abbrev  0x0000000000001bae      0x272 ./output/startup_gcc.o
 .debug_abbrev  0x0000000000001e20      0x258 ./output/printf-stdarg.o
 .debug_abbrev  0x0000000000002078      0x2da /usr/lib/gcc/arm-none-eabi/10.3.1/../../../arm-none-eabi/lib/thumb/v7-m/nofp/libg_nano.a(lib_a-fflush.o)
 .debug_abbrev  0x0000000000002352      0x3cd /usr/lib/gcc/arm-none-eabi/10.3.1/../../../arm-none-eabi/lib/thumb/v7-m/nofp/libg_nano.a(lib_a-findfp.o)
 .debug_abbrev  0x000000000000271f      0x197 /usr/lib/gcc/arm-none-eabi/10.3.1/../../../arm-none-eabi/lib/thumb/v7-m/nofp/libg_nano.a(lib_a-fwalk.o)
 .debug_abbrev  0x00000000000028b6      0x151 /usr/lib/gcc/arm-none-eabi/10.3.1/../../../arm-none-eabi/lib/thumb/v7-m/nofp/libg_nano.a(lib_a-impure.o)
 .debug_abbrev  0x0000000000002a07       0x14 /usr/lib/gcc/arm-none-eabi/10.3.1/../../../arm-none-eabi/lib/thumb/v7-m/nofp/libg_nano.a(lib_a-memcpy.o)
 .debug_abbrev  0x0000000000002a1b       0xb4 /usr/lib/gcc/arm-none-eabi/10.3.1/../../../arm-none-eabi/lib/thumb/v7-m/nofp/libg_nano.a(lib_a-memset.o)
 .debug_abbrev  0x0000000000002acf      0x245 /usr/lib/gcc/arm-none-eabi/10.3.1/../../../arm-none-eabi/lib/thumb/v7-m/nofp/libg_nano.a(lib_a-nano-freer.o)
 .debug_abbrev  0x0000000000002d14      0x290 /usr/lib/gcc/arm-none-eabi/10.3.1/../../../arm-none-eabi/lib/thumb/v7-m/nofp/libg_nano.a(lib_a-nano-mallocr.o)
 .debug_abbrev  0x0000000000002fa4      0x1d6 /usr/lib/gcc/arm-none-eabi/10.3.1/../../../arm-none-eabi/lib/thumb/v7-m/nofp/libg_nano.a(lib_a-sbrkr.o)
 .debug_abbrev  0x000000000000317a      0x1fb /usr/lib/gcc/arm-none-eabi/10.3.1/../../../arm-none-eabi/lib/thumb/v7-m/nofp/libg_nano.a(lib_a-stdio.o)
 .debug_abbrev  0x0000000000003375       0x14 /usr/lib/gcc/arm-none-eabi/10.3.1/../../../arm-none-eabi/lib/thumb/v7-m/nofp/libg_nano.a(lib_a-strcmp.o)
 .debug_abbrev  0x0000000000003389      0x1b0 /usr/lib/gcc/arm-none-eabi/10.3.1/../../../arm-none-eabi/lib/thumb/v7-m/nofp/libg_nano.a(lib_a-writer.o)
 .debug_abbrev  0x0000000000003539      0x1ab /usr/lib/gcc/arm-none-eabi/10.3.1/../../../arm-none-eabi/lib/thumb/v7-m/nofp/libg_nano.a(lib_a-closer.o)
 .debug_abbrev  0x00000000000036e4      0x1bf /usr/lib/gcc/arm-none-eabi/10.3.1/../../../arm-none-eabi/lib/thumb/v7-m/nofp/libg_nano.a(lib_a-lseekr.o)
 .debug_abbrev  0x00000000000038a3      0x189 /usr/lib/gcc/arm-none-eabi/10.3.1/../../../arm-none-eabi/lib/thumb/v7-m/nofp/libg_nano.a(lib_a-mlock.o)
 .debug_abbrev  0x0000000000003a2c      0x1ab /usr/lib/gcc/arm-none-eabi/10.3.1/../../../arm-none-eabi/lib/thumb/v7-m/nofp/libg_nano.a(lib_a-readr.o)
 .debug_abbrev  0x0000000000003bd7      0x265 /usr/lib/gcc/arm-none-eabi/10.3.1/../../../arm-none-eabi/lib/thumb/v7-m/nofp/libg_nano.a(lib_a-reent.o)
 .debug_abbrev  0x0000000000003e3c       0x6d /usr/lib/gcc/arm-none-eabi/10.3.1/../../../arm-none-eabi/lib/thumb/v7-m/nofp/libnosys.a(close.o)
 .debug_abbrev  0x0000000000003ea9       0x92 /usr/lib/gcc/arm-none-eabi/10.3.1/../../../arm-none-eabi/lib/thumb/v7-m/nofp/libnosys.a(lseek.o)
 .debug_abbrev  0x0000000000003f3b       0x9b /usr/lib/gcc/arm-none-eabi/10.3.1/../../../arm-none-eabi/lib/thumb/v7-m/nofp/libnosys.a(read.o)
 .debug_abbrev  0x0000000000003fd6       0xa2 /usr/lib/gcc/arm-none-eabi/10.3.1/../../../arm-none-eabi/lib/thumb/v7-m/nofp/libnosys.a(sbrk.o)
 .debug_abbrev  0x0000000000004078       0x9b /usr/lib/gcc/arm-none-eabi/10.3.1/../../../arm-none-eabi/lib/thumb/v7-m/nofp/libnosys.a(write.o)

.debug_loc      0x0000000000000000     0x99e1
 .debug_loc     0x0000000000000000     0x2dc2 ./output/tasks.o
 .debug_loc     0x0000000000002dc2      0x10f ./output/list.o
 .debug_loc     0x0000000000002ed1     0x20e6 ./output/queue.o
 .debug_loc     0x0000000000004fb7     0x1115 ./output/timers.o
 .debug_loc     0x00000000000060cc      0x4fd ./output/heap_4.o
 .debug_loc     0x00000000000065c9      0x10a ./output/port.o
 .debug_loc     0x00000000000066d3      0x70d ./output/IntQueue.o
 .debug_loc     0x0000000000006de0       0xb0 ./output/IntQueueTimer.o
 .debug_loc     0x0000000000006e90      0x1a5 ./output/main.o
 .debug_loc     0x0000000000007035      0x1e8 ./output/main_blinky.o
 .debug_loc     0x000000000000721d       0x25 ./output/startup_gcc.o
 .debug_loc     0x0000000000007242      0xa75 ./output/printf-stdarg.o
 .debug_loc     0x0000000000007cb7      0x4c9 /usr/lib/gcc/arm-none-eabi/10.3.1/../../../arm-none-eabi/lib/thumb/v7-m/nofp/libg_nano.a(lib_a-fflush.o)
 .debug_loc     0x0000000000008180      0x3d9 /usr/lib/gcc/arm-none-eabi/10.3.1/../../../arm-none-eabi/lib/thumb/v7-m/nofp/libg_nano.a(lib_a-findfp.o)
 .debug_loc     0x0000000000008559      0x1bf /usr/lib/gcc/arm-none-eabi/10.3.1/../../../arm-none-eabi/lib/thumb/v7-m/nofp/libg_nano.a(lib_a-fwalk.o)
 .debug_loc     0x0000000000008718      0x22c /usr/lib/gcc/arm-none-eabi/10.3.1/../../../arm-none-eabi/lib/thumb/v7-m/nofp/libg_nano.a(lib_a-memset.o)
 .debug_loc     0x0000000000008944      0x27f /usr/lib/gcc/arm-none-eabi/10.3.1/../../../arm-none-eabi/lib/thumb/v7-m/nofp/libg_nano.a(lib_a-nano-freer.o)
 .debug_loc     0x0000000000008bc3      0x3da /usr/lib/gcc/arm-none-eabi/10.3.1/../../../arm-none-eabi/lib/thumb/v7-m/nofp/libg_nano.a(lib_a-nano-mallocr.o)
 .debug_loc     0x0000000000008f9d       0x6c /usr/lib/gcc/arm-none-eabi/10.3.1/../../../arm-none-eabi/lib/thumb/v7-m/nofp/libg_nano.a(lib_a-sbrkr.o)
 .debug_loc     0x0000000000009009      0x3a0 /usr/lib/gcc/arm-none-eabi/10.3.1/../../../arm-none-eabi/lib/thumb/v7-m/nofp/libg_nano.a(lib_a-stdio.o)
 .debug_loc     0x00000000000093a9       0xea /usr/lib/gcc/arm-none-eabi/10.3.1/../../../arm-none-eabi/lib/thumb/v7-m/nofp/libg_nano.a(lib_a-writer.o)
 .debug_loc     0x0000000000009493       0x6c /usr/lib/gcc/arm-none-eabi/10.3.1/../../../arm-none-eabi/lib/thumb/v7-m/nofp/libg_nano.a(lib_a-closer.o)
 .debug_loc     0x00000000000094ff       0xea /usr/lib/gcc/arm-none-eabi/10.3.1/../../../arm-none-eabi/lib/thumb/v7-m/nofp/libg_nano.a(lib_a-lseekr.o)
 .debug_loc     0x00000000000095e9       0xea /usr/lib/gcc/arm-none-eabi/10.3.1/../../../arm-none-eabi/lib/thumb/v7-m/nofp/libg_nano.a(lib_a-readr.o)
 .debug_loc     0x00000000000096d3      0x1cd /usr/lib/gcc/arm-none-eabi/10.3.1/../../../arm-none-eabi/lib/thumb/v7-m/nofp/libg_nano.a(lib_a-reent.o)
 .debug_loc     0x00000000000098a0       0x25 /usr/lib/gcc/arm-none-eabi/10.3.1/../../../arm-none-eabi/lib/thumb/v7-m/nofp/libnosys.a(close.o)
 .debug_loc     0x00000000000098c5       0x4a /usr/lib/gcc/arm-none-eabi/10.3.1/../../../arm-none-eabi/lib/thumb/v7-m/nofp/libnosys.a(lseek.o)
 .debug_loc     0x000000000000990f       0x4a /usr/lib/gcc/arm-none-eabi/10.3.1/../../../arm-none-eabi/lib/thumb/v7-m/nofp/libnosys.a(read.o)
 .debug_loc     0x0000000000009959       0x3e /usr/lib/gcc/arm-none-eabi/10.3.1/../../../arm-none-eabi/lib/thumb/v7-m/nofp/libnosys.a(sbrk.o)
 .debug_loc     0x0000000000009997       0x4a /usr/lib/gcc/arm-none-eabi/10.3.1/../../../arm-none-eabi/lib/thumb/v7-m/nofp/libnosys.a(write.o)

.debug_aranges  0x0000000000000000      0xa08
 .debug_aranges
                0x0000000000000000      0x218 ./output/tasks.o
 .debug_aranges
                0x0000000000000218       0x48 ./output/list.o
 .debug_aranges
                0x0000000000000260      0x168 ./output/queue.o
 .debug_aranges
                0x00000000000003c8       0xe0 ./output/timers.o
 .debug_aranges
                0x00000000000004a8       0x60 ./output/heap_4.o
 .debug_aranges
                0x0000000000000508       0x78 ./output/port.o
 .debug_aranges
                0x0000000000000580       0x70 ./output/IntQueue.o
 .debug_aranges
                0x00000000000005f0       0x30 ./output/IntQueueTimer.o
 .debug_aranges
                0x0000000000000620       0x60 ./output/main.o
 .debug_aranges
                0x0000000000000680       0x40 ./output/main_blinky.o
 .debug_aranges
                0x00000000000006c0       0x38 ./output/startup_gcc.o
 .debug_aranges
                0x00000000000006f8       0x58 ./output/printf-stdarg.o
 .debug_aranges
                0x0000000000000750       0x20 /usr/lib/gcc/arm-none-eabi/10.3.1/../../../arm-none-eabi/lib/thumb/v7-m/nofp/libg_nano.a(lib_a-fflush.o)
 .debug_aranges
                0x0000000000000770       0x20 /usr/lib/gcc/arm-none-eabi/10.3.1/../../../arm-none-eabi/lib/thumb/v7-m/nofp/libg_nano.a(lib_a-findfp.o)
 .debug_aranges
                0x0000000000000790       0x20 /usr/lib/gcc/arm-none-eabi/10.3.1/../../../arm-none-eabi/lib/thumb/v7-m/nofp/libg_nano.a(lib_a-fwalk.o)
 .debug_aranges
                0x00000000000007b0       0x18 /usr/lib/gcc/arm-none-eabi/10.3.1/../../../arm-none-eabi/lib/thumb/v7-m/nofp/libg_nano.a(lib_a-impure.o)
 .debug_aranges
                0x00000000000007c8       0x20 /usr/lib/gcc/arm-none-eabi/10.3.1/../../../arm-none-eabi/lib/thumb/v7-m/nofp/libg_nano.a(lib_a-memcpy.o)
 .debug_aranges
                0x00000000000007e8       0x20 /usr/lib/gcc/arm-none-eabi/10.3.1/../../../arm-none-eabi/lib/thumb/v7-m/nofp/libg_nano.a(lib_a-memset.o)
 .debug_aranges
                0x0000000000000808       0x20 /usr/lib/gcc/arm-none-eabi/10.3.1/../../../arm-none-eabi/lib/thumb/v7-m/nofp/libg_nano.a(lib_a-nano-freer.o)
 .debug_aranges
                0x0000000000000828       0x20 /usr/lib/gcc/arm-none-eabi/10.3.1/../../../arm-none-eabi/lib/thumb/v7-m/nofp/libg_nano.a(lib_a-nano-mallocr.o)
 .debug_aranges
                0x0000000000000848       0x20 /usr/lib/gcc/arm-none-eabi/10.3.1/../../../arm-none-eabi/lib/thumb/v7-m/nofp/libg_nano.a(lib_a-sbrkr.o)
 .debug_aranges
                0x0000000000000868       0x20 /usr/lib/gcc/arm-none-eabi/10.3.1/../../../arm-none-eabi/lib/thumb/v7-m/nofp/libg_nano.a(lib_a-stdio.o)
 .debug_aranges
                0x0000000000000888       0x20 /usr/lib/gcc/arm-none-eabi/10.3.1/../../../arm-none-eabi/lib/thumb/v7-m/nofp/libg_nano.a(lib_a-strcmp.o)
 .debug_aranges
                0x00000000000008a8       0x20 /usr/lib/gcc/arm-none-eabi/10.3.1/../../../arm-none-eabi/lib/thumb/v7-m/nofp/libg_nano.a(lib_a-writer.o)
 .debug_aranges
                0x00000000000008c8       0x20 /usr/lib/gcc/arm-none-eabi/10.3.1/../../../arm-none-eabi/lib/thumb/v7-m/nofp/libg_nano.a(lib_a-closer.o)
 .debug_aranges
                0x00000000000008e8       0x20 /usr/lib/gcc/arm-none-eabi/10.3.1/../../../arm-none-eabi/lib/thumb/v7-m/nofp/libg_nano.a(lib_a-lseekr.o)
 .debug_aranges
                0x0000000000000908       0x20 /usr/lib/gcc/arm-none-eabi/10.3.1/../../../arm-none-eabi/lib/thumb/v7-m/nofp/libg_nano.a(lib_a-mlock.o)
 .debug_aranges
                0x0000000000000928       0x20 /usr/lib/gcc/arm-none-eabi/10.3.1/../../../arm-none-eabi/lib/thumb/v7-m/nofp/libg_nano.a(lib_a-readr.o)
 .debug_aranges
                0x0000000000000948       0x20 /usr/lib/gcc/arm-none-eabi/10.3.1/../../../arm-none-eabi/lib/thumb/v7-m/nofp/libg_nano.a(lib_a-reent.o)
 .debug_aranges
                0x0000000000000968       0x20 /usr/lib/gcc/arm-none-eabi/10.3.1/../../../arm-none-eabi/lib/thumb/v7-m/nofp/libnosys.a(close.o)
 .debug_aranges
                0x0000000000000988       0x20 /usr/lib/gcc/arm-none-eabi/10.3.1/../../../arm-none-eabi/lib/thumb/v7-m/nofp/libnosys.a(lseek.o)
 .debug_aranges
                0x00000000000009a8       0x20 /usr/lib/gcc/arm-none-eabi/10.3.1/../../../arm-none-eabi/lib/thumb/v7-m/nofp/libnosys.a(read.o)
 .debug_aranges
                0x00000000000009c8       0x20 /usr/lib/gcc/arm-none-eabi/10.3.1/../../../arm-none-eabi/lib/thumb/v7-m/nofp/libnosys.a(sbrk.o)
 .debug_aranges
                0x00000000000009e8       0x20 /usr/lib/gcc/arm-none-eabi/10.3.1/../../../arm-none-eabi/lib/thumb/v7-m/nofp/libnosys.a(write.o)

.debug_ranges   0x0000000000000000     0x1158
 .debug_ranges  0x0000000000000000      0x620 ./output/tasks.o
 .debug_ranges  0x0000000000000620       0x38 ./output/list.o
 .debug_ranges  0x0000000000000658      0x318 ./output/queue.o
 .debug_ranges  0x0000000000000970      0x1b0 ./output/timers.o
 .debug_ranges  0x0000000000000b20       0x98 ./output/heap_4.o
 .debug_ranges  0x0000000000000bb8       0xb0 ./output/port.o
 .debug_ranges  0x0000000000000c68       0xf0 ./output/IntQueue.o
 .debug_ranges  0x0000000000000d58       0x50 ./output/IntQueueTimer.o
 .debug_ranges  0x0000000000000da8       0x50 ./output/main.o
 .debug_ranges  0x0000000000000df8       0x90 ./output/main_blinky.o
 .debug_ranges  0x0000000000000e88       0x28 ./output/startup_gcc.o
 .debug_ranges  0x0000000000000eb0       0x60 ./output/printf-stdarg.o
 .debug_ranges  0x0000000000000f10       0xb8 /usr/lib/gcc/arm-none-eabi/10.3.1/../../../arm-none-eabi/lib/thumb/v7-m/nofp/libg_nano.a(lib_a-fflush.o)
 .debug_ranges  0x0000000000000fc8      0x140 /usr/lib/gcc/arm-none-eabi/10.3.1/../../../arm-none-eabi/lib/thumb/v7-m/nofp/libg_nano.a(lib_a-findfp.o)
 .debug_ranges  0x0000000000001108       0x18 /usr/lib/gcc/arm-none-eabi/10.3.1/../../../arm-none-eabi/lib/thumb/v7-m/nofp/libg_nano.a(lib_a-nano-freer.o)
 .debug_ranges  0x0000000000001120       0x38 /usr/lib/gcc/arm-none-eabi/10.3.1/../../../arm-none-eabi/lib/thumb/v7-m/nofp/libg_nano.a(lib_a-nano-mallocr.o)

.debug_macro    0x0000000000000000     0x677c
 .debug_macro   0x0000000000000000      0x353 ./output/tasks.o
 .debug_macro   0x0000000000000353      0xa60 ./output/tasks.o
 .debug_macro   0x0000000000000db3       0x18 ./output/tasks.o
 .debug_macro   0x0000000000000dcb       0x22 ./output/tasks.o
 .debug_macro   0x0000000000000ded       0x52 ./output/tasks.o
 .debug_macro   0x0000000000000e3f       0x94 ./output/tasks.o
 .debug_macro   0x0000000000000ed3       0x35 ./output/tasks.o
 .debug_macro   0x0000000000000f08       0x34 ./output/tasks.o
 .debug_macro   0x0000000000000f3c       0x16 ./output/tasks.o
 .debug_macro   0x0000000000000f52      0x10e ./output/tasks.o
 .debug_macro   0x0000000000001060       0x8d ./output/tasks.o
 .debug_macro   0x00000000000010ed       0x16 ./output/tasks.o
 .debug_macro   0x0000000000001103       0x43 ./output/tasks.o
 .debug_macro   0x0000000000001146       0x57 ./output/tasks.o
 .debug_macro   0x000000000000119d       0x34 ./output/tasks.o
 .debug_macro   0x00000000000011d1       0x10 ./output/tasks.o
 .debug_macro   0x00000000000011e1       0x52 ./output/tasks.o
 .debug_macro   0x0000000000001233      0x182 ./output/tasks.o
 .debug_macro   0x00000000000013b5      0x333 ./output/tasks.o
 .debug_macro   0x00000000000016e8       0x16 ./output/tasks.o
 .debug_macro   0x00000000000016fe       0x29 ./output/tasks.o
 .debug_macro   0x0000000000001727       0x16 ./output/tasks.o
 .debug_macro   0x000000000000173d       0x35 ./output/tasks.o
 .debug_macro   0x0000000000001772       0x1c ./output/tasks.o
 .debug_macro   0x000000000000178e       0x10 ./output/tasks.o
 .debug_macro   0x000000000000179e       0x10 ./output/tasks.o
 .debug_macro   0x00000000000017ae       0x6a ./output/tasks.o
 .debug_macro   0x0000000000001818       0x1c ./output/tasks.o
 .debug_macro   0x0000000000001834       0x52 ./output/tasks.o
 .debug_macro   0x0000000000001886       0x22 ./output/tasks.o
 .debug_macro   0x00000000000018a8       0x10 ./output/tasks.o
 .debug_macro   0x00000000000018b8       0x40 ./output/tasks.o
 .debug_macro   0x00000000000018f8       0xd5 ./output/tasks.o
 .debug_macro   0x00000000000019cd       0x1c ./output/tasks.o
 .debug_macro   0x00000000000019e9       0x3d ./output/tasks.o
 .debug_macro   0x0000000000001a26       0x16 ./output/tasks.o
 .debug_macro   0x0000000000001a3c      0x16f ./output/tasks.o
 .debug_macro   0x0000000000001bab      0x34e ./output/tasks.o
 .debug_macro   0x0000000000001ef9       0x16 ./output/tasks.o
 .debug_macro   0x0000000000001f0f      0x1a5 ./output/tasks.o
 .debug_macro   0x00000000000020b4       0x16 ./output/tasks.o
 .debug_macro   0x00000000000020ca      0x182 ./output/tasks.o
 .debug_macro   0x000000000000224c       0xe0 ./output/tasks.o
 .debug_macro   0x000000000000232c       0x3a ./output/tasks.o
 .debug_macro   0x0000000000002366       0x1f ./output/tasks.o
 .debug_macro   0x0000000000002385       0x12 ./output/tasks.o
 .debug_macro   0x0000000000002397      0xfde ./output/tasks.o
 .debug_macro   0x0000000000003375       0xca ./output/tasks.o
 .debug_macro   0x000000000000343f      0x14f ./output/tasks.o
 .debug_macro   0x000000000000358e       0x98 ./output/tasks.o
 .debug_macro   0x0000000000003626       0x16 ./output/tasks.o
 .debug_macro   0x000000000000363c      0x171 ./output/list.o
 .debug_macro   0x00000000000037ad      0x2ce ./output/queue.o
 .debug_macro   0x0000000000003a7b       0x8e ./output/queue.o
 .debug_macro   0x0000000000003b09      0x1c0 ./output/timers.o
 .debug_macro   0x0000000000003cc9       0x9e ./output/timers.o
 .debug_macro   0x0000000000003d67      0x201 ./output/heap_4.o
 .debug_macro   0x0000000000003f68      0x162 ./output/port.o
 .debug_macro   0x00000000000040ca      0x1fa ./output/IntQueue.o
 .debug_macro   0x00000000000042c4       0xfc ./output/IntQueueTimer.o
 .debug_macro   0x00000000000043c0       0x22 ./output/IntQueueTimer.o
 .debug_macro   0x00000000000043e2       0x1c ./output/IntQueueTimer.o
 .debug_macro   0x00000000000043fe       0x22 ./output/IntQueueTimer.o
 .debug_macro   0x0000000000004420       0xd6 ./output/IntQueueTimer.o
 .debug_macro   0x00000000000044f6      0xe2d ./output/IntQueueTimer.o
 .debug_macro   0x0000000000005323      0x11f ./output/IntQueueTimer.o
 .debug_macro   0x0000000000005442      0x7b3 ./output/IntQueueTimer.o
 .debug_macro   0x0000000000005bf5      0x4a6 ./output/IntQueueTimer.o
 .debug_macro   0x000000000000609b      0x265 ./output/main.o
 .debug_macro   0x0000000000006300      0x24d ./output/main_blinky.o
 .debug_macro   0x000000000000654d      0x199 ./output/startup_gcc.o
 .debug_macro   0x00000000000066e6       0x3e ./output/printf-stdarg.o
 .debug_macro   0x0000000000006724       0x58 ./output/printf-stdarg.o

.debug_line     0x0000000000000000     0xc220
 .debug_line    0x0000000000000000     0x336d ./output/tasks.o
 .debug_line    0x000000000000336d      0x50d ./output/list.o
 .debug_line    0x000000000000387a     0x217c ./output/queue.o
 .debug_line    0x00000000000059f6      0xf66 ./output/timers.o
 .debug_line    0x000000000000695c      0x8a0 ./output/heap_4.o
 .debug_line    0x00000000000071fc      0x595 ./output/port.o
 .debug_line    0x0000000000007791      0xdca ./output/IntQueue.o
 .debug_line    0x000000000000855b      0x3a3 ./output/IntQueueTimer.o
 .debug_line    0x00000000000088fe      0x57f ./output/main.o
 .debug_line    0x0000000000008e7d      0x485 ./output/main_blinky.o
 .debug_line    0x0000000000009302      0x2da ./output/startup_gcc.o
 .debug_line    0x00000000000095dc      0x52f ./output/printf-stdarg.o
 .debug_line    0x0000000000009b0b      0x494 /usr/lib/gcc/arm-none-eabi/10.3.1/../../../arm-none-eabi/lib/thumb/v7-m/nofp/libg_nano.a(lib_a-fflush.o)
 .debug_line    0x0000000000009f9f      0x5ab /usr/lib/gcc/arm-none-eabi/10.3.1/../../../arm-none-eabi/lib/thumb/v7-m/nofp/libg_nano.a(lib_a-findfp.o)
 .debug_line    0x000000000000a54a      0x27a /usr/lib/gcc/arm-none-eabi/10.3.1/../../../arm-none-eabi/lib/thumb/v7-m/nofp/libg_nano.a(lib_a-fwalk.o)
 .debug_line    0x000000000000a7c4       0xe4 /usr/lib/gcc/arm-none-eabi/10.3.1/../../../arm-none-eabi/lib/thumb/v7-m/nofp/libg_nano.a(lib_a-impure.o)
 .debug_line    0x000000000000a8a8       0xc1 /usr/lib/gcc/arm-none-eabi/10.3.1/../../../arm-none-eabi/lib/thumb/v7-m/nofp/libg_nano.a(lib_a-memcpy.o)
 .debug_line    0x000000000000a969      0x1bf /usr/lib/gcc/arm-none-eabi/10.3.1/../../../arm-none-eabi/lib/thumb/v7-m/nofp/libg_nano.a(lib_a-memset.o)
 .debug_line    0x000000000000ab28      0x2e5 /usr/lib/gcc/arm-none-eabi/10.3.1/../../../arm-none-eabi/lib/thumb/v7-m/nofp/libg_nano.a(lib_a-nano-freer.o)
 .debug_line    0x000000000000ae0d      0x2d6 /usr/lib/gcc/arm-none-eabi/10.3.1/../../../arm-none-eabi/lib/thumb/v7-m/nofp/libg_nano.a(lib_a-nano-mallocr.o)
 .debug_line    0x000000000000b0e3      0x186 /usr/lib/gcc/arm-none-eabi/10.3.1/../../../arm-none-eabi/lib/thumb/v7-m/nofp/libg_nano.a(lib_a-sbrkr.o)
 .debug_line    0x000000000000b269      0x231 /usr/lib/gcc/arm-none-eabi/10.3.1/../../../arm-none-eabi/lib/thumb/v7-m/nofp/libg_nano.a(lib_a-stdio.o)
 .debug_line    0x000000000000b49a      0x106 /usr/lib/gcc/arm-none-eabi/10.3.1/../../../arm-none-eabi/lib/thumb/v7-m/nofp/libg_nano.a(lib_a-strcmp.o)
 .debug_line    0x000000000000b5a0      0x18d /usr/lib/gcc/arm-none-eabi/10.3.1/../../../arm-none-eabi/lib/thumb/v7-m/nofp/libg_nano.a(lib_a-writer.o)
 .debug_line    0x000000000000b72d      0x186 /usr/lib/gcc/arm-none-eabi/10.3.1/../../../arm-none-eabi/lib/thumb/v7-m/nofp/libg_nano.a(lib_a-closer.o)
 .debug_line    0x000000000000b8b3      0x18d /usr/lib/gcc/arm-none-eabi/10.3.1/../../../arm-none-eabi/lib/thumb/v7-m/nofp/libg_nano.a(lib_a-lseekr.o)
 .debug_line    0x000000000000ba40      0x13e /usr/lib/gcc/arm-none-eabi/10.3.1/../../../arm-none-eabi/lib/thumb/v7-m/nofp/libg_nano.a(lib_a-mlock.o)
 .debug_line    0x000000000000bb7e      0x18c /usr/lib/gcc/arm-none-eabi/10.3.1/../../../arm-none-eabi/lib/thumb/v7-m/nofp/libg_nano.a(lib_a-readr.o)
 .debug_line    0x000000000000bd0a      0x2c7 /usr/lib/gcc/arm-none-eabi/10.3.1/../../../arm-none-eabi/lib/thumb/v7-m/nofp/libg_nano.a(lib_a-reent.o)
 .debug_line    0x000000000000bfd1       0x75 /usr/lib/gcc/arm-none-eabi/10.3.1/../../../arm-none-eabi/lib/thumb/v7-m/nofp/libnosys.a(close.o)
 .debug_line    0x000000000000c046       0x76 /usr/lib/gcc/arm-none-eabi/10.3.1/../../../arm-none-eabi/lib/thumb/v7-m/nofp/libnosys.a(lseek.o)
 .debug_line    0x000000000000c0bc       0x75 /usr/lib/gcc/arm-none-eabi/10.3.1/../../../arm-none-eabi/lib/thumb/v7-m/nofp/libnosys.a(read.o)
 .debug_line    0x000000000000c131       0x79 /usr/lib/gcc/arm-none-eabi/10.3.1/../../../arm-none-eabi/lib/thumb/v7-m/nofp/libnosys.a(sbrk.o)
 .debug_line    0x000000000000c1aa       0x76 /usr/lib/gcc/arm-none-eabi/10.3.1/../../../arm-none-eabi/lib/thumb/v7-m/nofp/libnosys.a(write.o)

.debug_str      0x0000000000000000    0x246b3
 .debug_str     0x0000000000000000    0x1460c ./output/tasks.o
                                      0x14953 (size before relaxing)
 .debug_str     0x000000000001460c       0x66 ./output/list.o
                                       0xfbfe (size before relaxing)
 .debug_str     0x0000000000014672     0x1503 ./output/queue.o
                                      0x139b2 (size before relaxing)
 .debug_str     0x0000000000015b75      0x6c5 ./output/timers.o
                                      0x12c36 (size before relaxing)
 .debug_str     0x000000000001623a      0x758 ./output/heap_4.o
                                      0x1170c (size before relaxing)
 .debug_str     0x0000000000016992      0x80f ./output/port.o
                                       0xed4b (size before relaxing)
 .debug_str     0x00000000000171a1      0xb1d ./output/IntQueue.o
                                      0x123ac (size before relaxing)
 .debug_str     0x0000000000017cbe     0xb467 ./output/IntQueueTimer.o
                                      0x1782f (size before relaxing)
 .debug_str     0x0000000000023125      0x31f ./output/main.o
                                      0x12417 (size before relaxing)
 .debug_str     0x0000000000023444      0x159 ./output/main_blinky.o
                                      0x1294e (size before relaxing)
 .debug_str     0x000000000002359d      0x3ef ./output/startup_gcc.o
                                       0x7962 (size before relaxing)
 .debug_str     0x000000000002398c      0x1dc ./output/printf-stdarg.o
                                       0x2f0e (size before relaxing)
 .debug_str     0x0000000000023b68      0x1aa /usr/lib/gcc/arm-none-eabi/10.3.1/../../../arm-none-eabi/lib/thumb/v7-m/nofp/libg_nano.a(lib_a-fflush.o)
                                        0x5b6 (size before relaxing)
 .debug_str     0x0000000000023d12      0x1d4 /usr/lib/gcc/arm-none-eabi/10.3.1/../../../arm-none-eabi/lib/thumb/v7-m/nofp/libg_nano.a(lib_a-findfp.o)
                                        0x72f (size before relaxing)
 .debug_str     0x0000000000023ee6       0x41 /usr/lib/gcc/arm-none-eabi/10.3.1/../../../arm-none-eabi/lib/thumb/v7-m/nofp/libg_nano.a(lib_a-fwalk.o)
                                        0x51c (size before relaxing)
 .debug_str     0x0000000000023f27       0x9c /usr/lib/gcc/arm-none-eabi/10.3.1/../../../arm-none-eabi/lib/thumb/v7-m/nofp/libg_nano.a(lib_a-impure.o)
                                        0x556 (size before relaxing)
 .debug_str     0x0000000000023fc3       0xb2 /usr/lib/gcc/arm-none-eabi/10.3.1/../../../arm-none-eabi/lib/thumb/v7-m/nofp/libg_nano.a(lib_a-memcpy.o)
 .debug_str     0x0000000000024075       0xa6 /usr/lib/gcc/arm-none-eabi/10.3.1/../../../arm-none-eabi/lib/thumb/v7-m/nofp/libg_nano.a(lib_a-memset.o)
                                        0x1b8 (size before relaxing)
 .debug_str     0x000000000002411b      0x112 /usr/lib/gcc/arm-none-eabi/10.3.1/../../../arm-none-eabi/lib/thumb/v7-m/nofp/libg_nano.a(lib_a-nano-freer.o)
                                        0x58d (size before relaxing)
 .debug_str     0x000000000002422d       0x46 /usr/lib/gcc/arm-none-eabi/10.3.1/../../../arm-none-eabi/lib/thumb/v7-m/nofp/libg_nano.a(lib_a-nano-mallocr.o)
                                        0x5b8 (size before relaxing)
 .debug_str     0x0000000000024273       0x3d /usr/lib/gcc/arm-none-eabi/10.3.1/../../../arm-none-eabi/lib/thumb/v7-m/nofp/libg_nano.a(lib_a-sbrkr.o)
                                        0x50e (size before relaxing)
 .debug_str     0x00000000000242b0       0x92 /usr/lib/gcc/arm-none-eabi/10.3.1/../../../arm-none-eabi/lib/thumb/v7-m/nofp/libg_nano.a(lib_a-stdio.o)
                                        0x56b (size before relaxing)
 .debug_str     0x0000000000024342       0x43 /usr/lib/gcc/arm-none-eabi/10.3.1/../../../arm-none-eabi/lib/thumb/v7-m/nofp/libg_nano.a(lib_a-strcmp.o)
                                         0xb2 (size before relaxing)
 .debug_str     0x0000000000024385       0x33 /usr/lib/gcc/arm-none-eabi/10.3.1/../../../arm-none-eabi/lib/thumb/v7-m/nofp/libg_nano.a(lib_a-writer.o)
                                        0x50b (size before relaxing)
 .debug_str     0x00000000000243b8       0x33 /usr/lib/gcc/arm-none-eabi/10.3.1/../../../arm-none-eabi/lib/thumb/v7-m/nofp/libg_nano.a(lib_a-closer.o)
                                        0x4fb (size before relaxing)
 .debug_str     0x00000000000243eb       0x3a /usr/lib/gcc/arm-none-eabi/10.3.1/../../../arm-none-eabi/lib/thumb/v7-m/nofp/libg_nano.a(lib_a-lseekr.o)
                                        0x509 (size before relaxing)
 .debug_str     0x0000000000024425       0x4c /usr/lib/gcc/arm-none-eabi/10.3.1/../../../arm-none-eabi/lib/thumb/v7-m/nofp/libg_nano.a(lib_a-mlock.o)
                                        0x524 (size before relaxing)
 .debug_str     0x0000000000024471       0x32 /usr/lib/gcc/arm-none-eabi/10.3.1/../../../arm-none-eabi/lib/thumb/v7-m/nofp/libg_nano.a(lib_a-readr.o)
                                        0x509 (size before relaxing)
 .debug_str     0x00000000000244a3       0x5e /usr/lib/gcc/arm-none-eabi/10.3.1/../../../arm-none-eabi/lib/thumb/v7-m/nofp/libg_nano.a(lib_a-reent.o)
                                        0x536 (size before relaxing)
 .debug_str     0x0000000000024501       0xea /usr/lib/gcc/arm-none-eabi/10.3.1/../../../arm-none-eabi/lib/thumb/v7-m/nofp/libnosys.a(close.o)
                                        0x18c (size before relaxing)
 .debug_str     0x00000000000245eb       0x2f /usr/lib/gcc/arm-none-eabi/10.3.1/../../../arm-none-eabi/lib/thumb/v7-m/nofp/libnosys.a(lseek.o)
                                        0x18a (size before relaxing)
 .debug_str     0x000000000002461a       0x2e /usr/lib/gcc/arm-none-eabi/10.3.1/../../../arm-none-eabi/lib/thumb/v7-m/nofp/libnosys.a(read.o)
                                        0x188 (size before relaxing)
 .debug_str     0x0000000000024648       0x3c /usr/lib/gcc/arm-none-eabi/10.3.1/../../../arm-none-eabi/lib/thumb/v7-m/nofp/libnosys.a(sbrk.o)
                                        0x109 (size before relaxing)
 .debug_str     0x0000000000024684       0x2f /usr/lib/gcc/arm-none-eabi/10.3.1/../../../arm-none-eabi/lib/thumb/v7-m/nofp/libnosys.a(write.o)
                                        0x18a (size before relaxing)

.comment        0x0000000000000000       0x33
 .comment       0x0000000000000000       0x33 ./output/tasks.o
                                         0x34 (size before relaxing)
 .comment       0x0000000000000033       0x34 ./output/list.o
 .comment       0x0000000000000033       0x34 ./output/queue.o
 .comment       0x0000000000000033       0x34 ./output/timers.o
 .comment       0x0000000000000033       0x34 ./output/heap_4.o
 .comment       0x0000000000000033       0x34 ./output/port.o
 .comment       0x0000000000000033       0x34 ./output/IntQueue.o
 .comment       0x0000000000000033       0x34 ./output/IntQueueTimer.o
 .comment       0x0000000000000033       0x34 ./output/main.o
 .comment       0x0000000000000033       0x34 ./output/main_blinky.o
 .comment       0x0000000000000033       0x34 ./output/startup_gcc.o
 .comment       0x0000000000000033       0x34 ./output/printf-stdarg.o
 .comment       0x0000000000000033       0x34 /usr/lib/gcc/arm-none-eabi/10.3.1/../../../arm-none-eabi/lib/thumb/v7-m/nofp/libg_nano.a(lib_a-fflush.o)
 .comment       0x0000000000000033       0x34 /usr/lib/gcc/arm-none-eabi/10.3.1/../../../arm-none-eabi/lib/thumb/v7-m/nofp/libg_nano.a(lib_a-findfp.o)
 .comment       0x0000000000000033       0x34 /usr/lib/gcc/arm-none-eabi/10.3.1/../../../arm-none-eabi/lib/thumb/v7-m/nofp/libg_nano.a(lib_a-fwalk.o)
 .comment       0x0000000000000033       0x34 /usr/lib/gcc/arm-none-eabi/10.3.1/../../../arm-none-eabi/lib/thumb/v7-m/nofp/libg_nano.a(lib_a-impure.o)
 .comment       0x0000000000000033       0x34 /usr/lib/gcc/arm-none-eabi/10.3.1/../../../arm-none-eabi/lib/thumb/v7-m/nofp/libg_nano.a(lib_a-memset.o)
 .comment       0x0000000000000033       0x34 /usr/lib/gcc/arm-none-eabi/10.3.1/../../../arm-none-eabi/lib/thumb/v7-m/nofp/libg_nano.a(lib_a-nano-freer.o)
 .comment       0x0000000000000033       0x34 /usr/lib/gcc/arm-none-eabi/10.3.1/../../../arm-none-eabi/lib/thumb/v7-m/nofp/libg_nano.a(lib_a-nano-mallocr.o)
 .comment       0x0000000000000033       0x34 /usr/lib/gcc/arm-none-eabi/10.3.1/../../../arm-none-eabi/lib/thumb/v7-m/nofp/libg_nano.a(lib_a-sbrkr.o)
 .comment       0x0000000000000033       0x34 /usr/lib/gcc/arm-none-eabi/10.3.1/../../../arm-none-eabi/lib/thumb/v7-m/nofp/libg_nano.a(lib_a-stdio.o)
 .comment       0x0000000000000033       0x34 /usr/lib/gcc/arm-none-eabi/10.3.1/../../../arm-none-eabi/lib/thumb/v7-m/nofp/libg_nano.a(lib_a-writer.o)
 .comment       0x0000000000000033       0x34 /usr/lib/gcc/arm-none-eabi/10.3.1/../../../arm-none-eabi/lib/thumb/v7-m/nofp/libg_nano.a(lib_a-closer.o)
 .comment       0x0000000000000033       0x34 /usr/lib/gcc/arm-none-eabi/10.3.1/../../../arm-none-eabi/lib/thumb/v7-m/nofp/libg_nano.a(lib_a-lseekr.o)
 .comment       0x0000000000000033       0x34 /usr/lib/gcc/arm-none-eabi/10.3.1/../../../arm-none-eabi/lib/thumb/v7-m/nofp/libg_nano.a(lib_a-mlock.o)
 .comment       0x0000000000000033       0x34 /usr/lib/gcc/arm-none-eabi/10.3.1/../../../arm-none-eabi/lib/thumb/v7-m/nofp/libg_nano.a(lib_a-readr.o)
 .comment       0x0000000000000033       0x34 /usr/lib/gcc/arm-none-eabi/10.3.1/../../../arm-none-eabi/lib/thumb/v7-m/nofp/libg_nano.a(lib_a-reent.o)
 .comment       0x0000000000000033       0x34 /usr/lib/gcc/arm-none-eabi/10.3.1/../../../arm-none-eabi/lib/thumb/v7-m/nofp/libnosys.a(close.o)
 .comment       0x0000000000000033       0x34 /usr/lib/gcc/arm-none-eabi/10.3.1/../../../arm-none-eabi/lib/thumb/v7-m/nofp/libnosys.a(lseek.o)
 .comment       0x0000000000000033       0x34 /usr/lib/gcc/arm-none-eabi/10.3.1/../../../arm-none-eabi/lib/thumb/v7-m/nofp/libnosys.a(read.o)
 .comment       0x0000000000000033       0x34 /usr/lib/gcc/arm-none-eabi/10.3.1/../../../arm-none-eabi/lib/thumb/v7-m/nofp/libnosys.a(sbrk.o)
 .comment       0x0000000000000033       0x34 /usr/lib/gcc/arm-none-eabi/10.3.1/../../../arm-none-eabi/lib/thumb/v7-m/nofp/libnosys.a(write.o)

.ARM.attributes
                0x0000000000000000       0x2b
 .ARM.attributes
                0x0000000000000000       0x2d ./output/tasks.o
 .ARM.attributes
                0x000000000000002d       0x2d ./output/list.o
 .ARM.attributes
                0x000000000000005a       0x2d ./output/queue.o
 .ARM.attributes
                0x0000000000000087       0x2d ./output/timers.o
 .ARM.attributes
                0x00000000000000b4       0x2d ./output/heap_4.o
 .ARM.attributes
                0x00000000000000e1       0x2d ./output/port.o
 .ARM.attributes
                0x000000000000010e       0x2d ./output/IntQueue.o
 .ARM.attributes
                0x000000000000013b       0x2d ./output/IntQueueTimer.o
 .ARM.attributes
                0x0000000000000168       0x2d ./output/main.o
 .ARM.attributes
                0x0000000000000195       0x2d ./output/main_blinky.o
 .ARM.attributes
                0x00000000000001c2       0x2d ./output/startup_gcc.o
 .ARM.attributes
                0x00000000000001ef       0x2d ./output/printf-stdarg.o
 .ARM.attributes
                0x000000000000021c       0x2d /usr/lib/gcc/arm-none-eabi/10.3.1/../../../arm-none-eabi/lib/thumb/v7-m/nofp/libg_nano.a(lib_a-fflush.o)
 .ARM.attributes
                0x0000000000000249       0x2d /usr/lib/gcc/arm-none-eabi/10.3.1/../../../arm-none-eabi/lib/thumb/v7-m/nofp/libg_nano.a(lib_a-findfp.o)
 .ARM.attributes
                0x0000000000000276       0x2d /usr/lib/gcc/arm-none-eabi/10.3.1/../../../arm-none-eabi/lib/thumb/v7-m/nofp/libg_nano.a(lib_a-fwalk.o)
 .ARM.attributes
                0x00000000000002a3       0x2d /usr/lib/gcc/arm-none-eabi/10.3.1/../../../arm-none-eabi/lib/thumb/v7-m/nofp/libg_nano.a(lib_a-impure.o)
 .ARM.attributes
                0x00000000000002d0       0x1b /usr/lib/gcc/arm-none-eabi/10.3.1/../../../arm-none-eabi/lib/thumb/v7-m/nofp/libg_nano.a(lib_a-memcpy.o)
 .ARM.attributes
                0x00000000000002eb       0x2d /usr/lib/gcc/arm-none-eabi/10.3.1/../../../arm-none-eabi/lib/thumb/v7-m/nofp/libg_nano.a(lib_a-memset.o)
 .ARM.attributes
                0x0000000000000318       0x2d /usr/lib/gcc/arm-none-eabi/10.3.1/../../../arm-none-eabi/lib/thumb/v7-m/nofp/libg_nano.a(lib_a-nano-freer.o)
 .ARM.attributes
                0x0000000000000345       0x2d /usr/lib/gcc/arm-none-eabi/10.3.1/../../../arm-none-eabi/lib/thumb/v7-m/nofp/libg_nano.a(lib_a-nano-mallocr.o)
 .ARM.attributes
                0x0000000000000372       0x2d /usr/lib/gcc/arm-none-eabi/10.3.1/../../../arm-none-eabi/lib/thumb/v7-m/nofp/libg_nano.a(lib_a-sbrkr.o)
 .ARM.attributes
                0x000000000000039f       0x2d /usr/lib/gcc/arm-none-eabi/10.3.1/../../../arm-none-eabi/lib/thumb/v7-m/nofp/libg_nano.a(lib_a-stdio.o)
 .ARM.attributes
                0x00000000000003cc       0x1b /usr/lib/gcc/arm-none-eabi/10.3.1/../../../arm-none-eabi/lib/thumb/v7-m/nofp/libg_nano.a(lib_a-strcmp.o)
 .ARM.attributes
                0x00000000000003e7       0x2d /usr/lib/gcc/arm-none-eabi/10.3.1/../../../arm-none-eabi/lib/thumb/v7-m/nofp/libg_nano.a(lib_a-writer.o)
 .ARM.attributes
                0x0000000000000414       0x2d /usr/lib/gcc/arm-none-eabi/10.3.1/../../../arm-none-eabi/lib/thumb/v7-m/nofp/libg_nano.a(lib_a-closer.o)
 .ARM.attributes
                0x0000000000000441       0x2d /usr/lib/gcc/arm-none-eabi/10.3.1/../../../arm-none-eabi/lib/thumb/v7-m/nofp/libg_nano.a(lib_a-lseekr.o)
 .ARM.attributes
                0x000000000000046e       0x2d /usr/lib/gcc/arm-none-eabi/10.3.1/../../../arm-none-eabi/lib/thumb/v7-m/nofp/libg_nano.a(lib_a-mlock.o)
 .ARM.attributes
                0x000000000000049b       0x2d /usr/lib/gcc/arm-none-eabi/10.3.1/../../../arm-none-eabi/lib/thumb/v7-m/nofp/libg_nano.a(lib_a-readr.o)
 .ARM.attributes
                0x00000000000004c8       0x2d /usr/lib/gcc/arm-none-eabi/10.3.1/../../../arm-none-eabi/lib/thumb/v7-m/nofp/libg_nano.a(lib_a-reent.o)
 .ARM.attributes
                0x00000000000004f5       0x2d /usr/lib/gcc/arm-none-eabi/10.3.1/../../../arm-none-eabi/lib/thumb/v7-m/nofp/libnosys.a(close.o)
 .ARM.attributes
                0x0000000000000522       0x2d /usr/lib/gcc/arm-none-eabi/10.3.1/../../../arm-none-eabi/lib/thumb/v7-m/nofp/libnosys.a(lseek.o)
 .ARM.attributes
                0x000000000000054f       0x2d /usr/lib/gcc/arm-none-eabi/10.3.1/../../../arm-none-eabi/lib/thumb/v7-m/nofp/libnosys.a(read.o)
 .ARM.attributes
                0x000000000000057c       0x2d /usr/lib/gcc/arm-none-eabi/10.3.1/../../../arm-none-eabi/lib/thumb/v7-m/nofp/libnosys.a(sbrk.o)
 .ARM.attributes
                0x00000000000005a9       0x2d /usr/lib/gcc/arm-none-eabi/10.3.1/../../../arm-none-eabi/lib/thumb/v7-m/nofp/libnosys.a(write.o)

.debug_frame    0x0000000000000000     0x1c04
 .debug_frame   0x0000000000000000      0x768 ./output/tasks.o
 .debug_frame   0x0000000000000768       0x84 ./output/list.o
 .debug_frame   0x00000000000007ec      0x4cc ./output/queue.o
 .debug_frame   0x0000000000000cb8      0x300 ./output/timers.o
 .debug_frame   0x0000000000000fb8       0xfc ./output/heap_4.o
 .debug_frame   0x00000000000010b4      0x108 ./output/port.o
 .debug_frame   0x00000000000011bc      0x160 ./output/IntQueue.o
 .debug_frame   0x000000000000131c       0x50 ./output/IntQueueTimer.o
 .debug_frame   0x000000000000136c       0xf0 ./output/main.o
 .debug_frame   0x000000000000145c       0x88 ./output/main_blinky.o
 .debug_frame   0x00000000000014e4       0x58 ./output/startup_gcc.o
 .debug_frame   0x000000000000153c      0x130 ./output/printf-stdarg.o
 .debug_frame   0x000000000000166c       0x88 /usr/lib/gcc/arm-none-eabi/10.3.1/../../../arm-none-eabi/lib/thumb/v7-m/nofp/libg_nano.a(lib_a-fflush.o)
 .debug_frame   0x00000000000016f4      0x120 /usr/lib/gcc/arm-none-eabi/10.3.1/../../../arm-none-eabi/lib/thumb/v7-m/nofp/libg_nano.a(lib_a-findfp.o)
 .debug_frame   0x0000000000001814       0x54 /usr/lib/gcc/arm-none-eabi/10.3.1/../../../arm-none-eabi/lib/thumb/v7-m/nofp/libg_nano.a(lib_a-fwalk.o)
 .debug_frame   0x0000000000001868       0x2c /usr/lib/gcc/arm-none-eabi/10.3.1/../../../arm-none-eabi/lib/thumb/v7-m/nofp/libg_nano.a(lib_a-memset.o)
 .debug_frame   0x0000000000001894       0x64 /usr/lib/gcc/arm-none-eabi/10.3.1/../../../arm-none-eabi/lib/thumb/v7-m/nofp/libg_nano.a(lib_a-nano-freer.o)
 .debug_frame   0x00000000000018f8       0x30 /usr/lib/gcc/arm-none-eabi/10.3.1/../../../arm-none-eabi/lib/thumb/v7-m/nofp/libg_nano.a(lib_a-nano-mallocr.o)
 .debug_frame   0x0000000000001928       0x2c /usr/lib/gcc/arm-none-eabi/10.3.1/../../../arm-none-eabi/lib/thumb/v7-m/nofp/libg_nano.a(lib_a-sbrkr.o)
 .debug_frame   0x0000000000001954       0x8c /usr/lib/gcc/arm-none-eabi/10.3.1/../../../arm-none-eabi/lib/thumb/v7-m/nofp/libg_nano.a(lib_a-stdio.o)
 .debug_frame   0x00000000000019e0       0x34 /usr/lib/gcc/arm-none-eabi/10.3.1/../../../arm-none-eabi/lib/thumb/v7-m/nofp/libg_nano.a(lib_a-strcmp.o)
 .debug_frame   0x0000000000001a14       0x2c /usr/lib/gcc/arm-none-eabi/10.3.1/../../../arm-none-eabi/lib/thumb/v7-m/nofp/libg_nano.a(lib_a-writer.o)
 .debug_frame   0x0000000000001a40       0x2c /usr/lib/gcc/arm-none-eabi/10.3.1/../../../arm-none-eabi/lib/thumb/v7-m/nofp/libg_nano.a(lib_a-closer.o)
 .debug_frame   0x0000000000001a6c       0x2c /usr/lib/gcc/arm-none-eabi/10.3.1/../../../arm-none-eabi/lib/thumb/v7-m/nofp/libg_nano.a(lib_a-lseekr.o)
 .debug_frame   0x0000000000001a98       0x30 /usr/lib/gcc/arm-none-eabi/10.3.1/../../../arm-none-eabi/lib/thumb/v7-m/nofp/libg_nano.a(lib_a-mlock.o)
 .debug_frame   0x0000000000001ac8       0x2c /usr/lib/gcc/arm-none-eabi/10.3.1/../../../arm-none-eabi/lib/thumb/v7-m/nofp/libg_nano.a(lib_a-readr.o)
 .debug_frame   0x0000000000001af4       0x70 /usr/lib/gcc/arm-none-eabi/10.3.1/../../../arm-none-eabi/lib/thumb/v7-m/nofp/libg_nano.a(lib_a-reent.o)
 .debug_frame   0x0000000000001b64       0x20 /usr/lib/gcc/arm-none-eabi/10.3.1/../../../arm-none-eabi/lib/thumb/v7-m/nofp/libnosys.a(close.o)
 .debug_frame   0x0000000000001b84       0x20 /usr/lib/gcc/arm-none-eabi/10.3.1/../../../arm-none-eabi/lib/thumb/v7-m/nofp/libnosys.a(lseek.o)
 .debug_frame   0x0000000000001ba4       0x20 /usr/lib/gcc/arm-none-eabi/10.3.1/../../../arm-none-eabi/lib/thumb/v7-m/nofp/libnosys.a(read.o)
 .debug_frame   0x0000000000001bc4       0x20 /usr/lib/gcc/arm-none-eabi/10.3.1/../../../arm-none-eabi/lib/thumb/v7-m/nofp/libnosys.a(sbrk.o)
 .debug_frame   0x0000000000001be4       0x20 /usr/lib/gcc/arm-none-eabi/10.3.1/../../../arm-none-eabi/lib/thumb/v7-m/nofp/libnosys.a(write.o)

.stab           0x0000000000000000       0x6c
 .stab          0x0000000000000000       0x24 /usr/lib/gcc/arm-none-eabi/10.3.1/../../../arm-none-eabi/lib/thumb/v7-m/nofp/libnosys.a(close.o)
 .stab          0x0000000000000024       0x18 /usr/lib/gcc/arm-none-eabi/10.3.1/../../../arm-none-eabi/lib/thumb/v7-m/nofp/libnosys.a(lseek.o)
                                         0x24 (size before relaxing)
 .stab          0x000000000000003c       0x18 /usr/lib/gcc/arm-none-eabi/10.3.1/../../../arm-none-eabi/lib/thumb/v7-m/nofp/libnosys.a(read.o)
                                         0x24 (size before relaxing)
 .stab          0x0000000000000054       0x18 /usr/lib/gcc/arm-none-eabi/10.3.1/../../../arm-none-eabi/lib/thumb/v7-m/nofp/libnosys.a(write.o)
                                         0x24 (size before relaxing)

.stabstr        0x0000000000000000       0xdf
 .stabstr       0x0000000000000000       0xdf /usr/lib/gcc/arm-none-eabi/10.3.1/../../../arm-none-eabi/lib/thumb/v7-m/nofp/libnosys.a(close.o)
